2025-10-08T10:08:28.9826677Z Current runner version: '2.328.0'
2025-10-08T10:08:28.9851122Z ##[group]Runner Image Provisioner
2025-10-08T10:08:28.9852061Z Hosted Compute Agent
2025-10-08T10:08:28.9852656Z Version: 20250912.392
2025-10-08T10:08:28.9853287Z Commit: d921fda672a98b64f4f82364647e2f10b2267d0b
2025-10-08T10:08:28.9854086Z Build Date: 2025-09-12T15:23:14Z
2025-10-08T10:08:28.9854658Z ##[endgroup]
2025-10-08T10:08:28.9855185Z ##[group]Operating System
2025-10-08T10:08:28.9855963Z Ubuntu
2025-10-08T10:08:28.9856476Z 24.04.3
2025-10-08T10:08:28.9856904Z LTS
2025-10-08T10:08:28.9857424Z ##[endgroup]
2025-10-08T10:08:28.9857894Z ##[group]Runner Image
2025-10-08T10:08:28.9858445Z Image: ubuntu-24.04
2025-10-08T10:08:28.9858979Z Version: 20250929.60.1
2025-10-08T10:08:28.9859993Z Included Software: https://github.com/actions/runner-images/blob/ubuntu24/20250929.60/images/ubuntu/Ubuntu2404-Readme.md
2025-10-08T10:08:28.9861541Z Image Release: https://github.com/actions/runner-images/releases/tag/ubuntu24%2F20250929.60
2025-10-08T10:08:28.9862582Z ##[endgroup]
2025-10-08T10:08:28.9863668Z ##[group]GITHUB_TOKEN Permissions
2025-10-08T10:08:28.9865938Z Contents: read
2025-10-08T10:08:28.9866464Z Metadata: read
2025-10-08T10:08:28.9867059Z Packages: read
2025-10-08T10:08:28.9867543Z ##[endgroup]
2025-10-08T10:08:28.9870183Z Secret source: Actions
2025-10-08T10:08:28.9871170Z Prepare workflow directory
2025-10-08T10:08:29.0273344Z Prepare all required actions
2025-10-08T10:08:29.0312042Z Getting action download info
2025-10-08T10:08:29.4383503Z Download action repository 'actions/checkout@v4' (SHA:08eba0b27e820071cde6df949e0beb9ba4906955)
2025-10-08T10:08:29.6266290Z Download action repository 'actions/setup-node@v4' (SHA:49933ea5288caeca8642d1e84afbd3f7d6820020)
2025-10-08T10:08:29.9377882Z Download action repository 'actions/upload-artifact@v4' (SHA:ea165f8d65b6e75b540449e92b4886f43607fa02)
2025-10-08T10:08:30.2326954Z Complete job name: Lightning E2E Tests (webkit)
2025-10-08T10:08:30.3110823Z ##[group]Run actions/checkout@v4
2025-10-08T10:08:30.3111768Z with:
2025-10-08T10:08:30.3112189Z   fetch-depth: 0
2025-10-08T10:08:30.3112651Z   repository: johndtwaldron/ChatLaLiLuLeLo
2025-10-08T10:08:30.3113449Z   token: ***
2025-10-08T10:08:30.3113866Z   ssh-strict: true
2025-10-08T10:08:30.3114301Z   ssh-user: git
2025-10-08T10:08:30.3114734Z   persist-credentials: true
2025-10-08T10:08:30.3115208Z   clean: true
2025-10-08T10:08:30.3115821Z   sparse-checkout-cone-mode: true
2025-10-08T10:08:30.3116405Z   fetch-tags: false
2025-10-08T10:08:30.3116829Z   show-progress: true
2025-10-08T10:08:30.3117266Z   lfs: false
2025-10-08T10:08:30.3117678Z   submodules: false
2025-10-08T10:08:30.3118192Z   set-safe-directory: true
2025-10-08T10:08:30.3119073Z env:
2025-10-08T10:08:30.3119464Z   CI: true
2025-10-08T10:08:30.3119844Z   NODE_ENV: test
2025-10-08T10:08:30.3120268Z   LIGHTNING_E2E_MODE: true
2025-10-08T10:08:30.3120760Z ##[endgroup]
2025-10-08T10:08:30.4223970Z Syncing repository: johndtwaldron/ChatLaLiLuLeLo
2025-10-08T10:08:30.4226241Z ##[group]Getting Git version info
2025-10-08T10:08:30.4227113Z Working directory is '/home/runner/work/ChatLaLiLuLeLo/ChatLaLiLuLeLo'
2025-10-08T10:08:30.4228221Z [command]/usr/bin/git version
2025-10-08T10:08:30.4293230Z git version 2.51.0
2025-10-08T10:08:30.4320422Z ##[endgroup]
2025-10-08T10:08:30.4334885Z Temporarily overriding HOME='/home/runner/work/_temp/90a733f3-7424-42cf-9a52-9904e7b5bea6' before making global git config changes
2025-10-08T10:08:30.4336642Z Adding repository directory to the temporary git global config as a safe directory
2025-10-08T10:08:30.4340538Z [command]/usr/bin/git config --global --add safe.directory /home/runner/work/ChatLaLiLuLeLo/ChatLaLiLuLeLo
2025-10-08T10:08:30.4379700Z Deleting the contents of '/home/runner/work/ChatLaLiLuLeLo/ChatLaLiLuLeLo'
2025-10-08T10:08:30.4383373Z ##[group]Initializing the repository
2025-10-08T10:08:30.4387590Z [command]/usr/bin/git init /home/runner/work/ChatLaLiLuLeLo/ChatLaLiLuLeLo
2025-10-08T10:08:30.4499025Z hint: Using 'master' as the name for the initial branch. This default branch name
2025-10-08T10:08:30.4501809Z hint: is subject to change. To configure the initial branch name to use in all
2025-10-08T10:08:30.4503416Z hint: of your new repositories, which will suppress this warning, call:
2025-10-08T10:08:30.4504608Z hint:
2025-10-08T10:08:30.4505292Z hint: 	git config --global init.defaultBranch <name>
2025-10-08T10:08:30.4506274Z hint:
2025-10-08T10:08:30.4506860Z hint: Names commonly chosen instead of 'master' are 'main', 'trunk' and
2025-10-08T10:08:30.4507830Z hint: 'development'. The just-created branch can be renamed via this command:
2025-10-08T10:08:30.4508580Z hint:
2025-10-08T10:08:30.4508997Z hint: 	git branch -m <name>
2025-10-08T10:08:30.4509489Z hint:
2025-10-08T10:08:30.4510392Z hint: Disable this message with "git config set advice.defaultBranchName false"
2025-10-08T10:08:30.4511847Z Initialized empty Git repository in /home/runner/work/ChatLaLiLuLeLo/ChatLaLiLuLeLo/.git/
2025-10-08T10:08:30.4517424Z [command]/usr/bin/git remote add origin https://github.com/johndtwaldron/ChatLaLiLuLeLo
2025-10-08T10:08:30.4557633Z ##[endgroup]
2025-10-08T10:08:30.4558409Z ##[group]Disabling automatic garbage collection
2025-10-08T10:08:30.4561899Z [command]/usr/bin/git config --local gc.auto 0
2025-10-08T10:08:30.4592485Z ##[endgroup]
2025-10-08T10:08:30.4593232Z ##[group]Setting up auth
2025-10-08T10:08:30.4600163Z [command]/usr/bin/git config --local --name-only --get-regexp core\.sshCommand
2025-10-08T10:08:30.4631999Z [command]/usr/bin/git submodule foreach --recursive sh -c "git config --local --name-only --get-regexp 'core\.sshCommand' && git config --local --unset-all 'core.sshCommand' || :"
2025-10-08T10:08:30.4987716Z [command]/usr/bin/git config --local --name-only --get-regexp http\.https\:\/\/github\.com\/\.extraheader
2025-10-08T10:08:30.5019987Z [command]/usr/bin/git submodule foreach --recursive sh -c "git config --local --name-only --get-regexp 'http\.https\:\/\/github\.com\/\.extraheader' && git config --local --unset-all 'http.https://github.com/.extraheader' || :"
2025-10-08T10:08:30.5253472Z [command]/usr/bin/git config --local http.https://github.com/.extraheader AUTHORIZATION: basic ***
2025-10-08T10:08:30.5300029Z ##[endgroup]
2025-10-08T10:08:30.5300836Z ##[group]Fetching the repository
2025-10-08T10:08:30.5312118Z [command]/usr/bin/git -c protocol.version=2 fetch --prune --no-recurse-submodules origin +refs/heads/*:refs/remotes/origin/* +refs/tags/*:refs/tags/* +1d94163995615c4f268f81fabfa1a5d80b0ff664:refs/remotes/pull/8/merge
2025-10-08T10:08:31.4185223Z From https://github.com/johndtwaldron/ChatLaLiLuLeLo
2025-10-08T10:08:31.4190744Z  * [new branch]      archive/develop-v4-complete              -> origin/archive/develop-v4-complete
2025-10-08T10:08:31.4192619Z  * [new branch]      develop-v4                               -> origin/develop-v4
2025-10-08T10:08:31.4194158Z  * [new branch]      develop-v5                               -> origin/develop-v5
2025-10-08T10:08:31.4195869Z  * [new branch]      main                                     -> origin/main
2025-10-08T10:08:31.4198121Z  * [new branch]      update_worker_name_to_chatlalilulelo-backend-prod -> origin/update_worker_name_to_chatlalilulelo-backend-prod
2025-10-08T10:08:31.4200632Z  * [new tag]         archive-develop-v2                       -> archive-develop-v2
2025-10-08T10:08:31.4202417Z  * [new tag]         archive-develop-v3                       -> archive-develop-v3
2025-10-08T10:08:31.4204373Z  * [new tag]         archive-v4-security-hardening            -> archive-v4-security-hardening
2025-10-08T10:08:31.4206780Z  * [new tag]         archive-worker-name-update               -> archive-worker-name-update
2025-10-08T10:08:31.4208614Z  * [new tag]         v2-archive                               -> v2-archive
2025-10-08T10:08:31.4210090Z  * [new tag]         v3-archive                               -> v3-archive
2025-10-08T10:08:31.4212057Z  * [new tag]         v4-005-security-hardening-complete       -> v4-005-security-hardening-complete
2025-10-08T10:08:31.4214192Z  * [new ref]         1d94163995615c4f268f81fabfa1a5d80b0ff664 -> pull/8/merge
2025-10-08T10:08:31.4231935Z ##[endgroup]
2025-10-08T10:08:31.4233427Z ##[group]Determining the checkout info
2025-10-08T10:08:31.4234916Z ##[endgroup]
2025-10-08T10:08:31.4238349Z [command]/usr/bin/git sparse-checkout disable
2025-10-08T10:08:31.4280692Z [command]/usr/bin/git config --local --unset-all extensions.worktreeConfig
2025-10-08T10:08:31.4308796Z ##[group]Checking out the ref
2025-10-08T10:08:31.4311833Z [command]/usr/bin/git checkout --progress --force refs/remotes/pull/8/merge
2025-10-08T10:08:31.5604965Z Note: switching to 'refs/remotes/pull/8/merge'.
2025-10-08T10:08:31.5606802Z 
2025-10-08T10:08:31.5608139Z You are in 'detached HEAD' state. You can look around, make experimental
2025-10-08T10:08:31.5611347Z changes and commit them, and you can discard any commits you make in this
2025-10-08T10:08:31.5614614Z state without impacting any branches by switching back to a branch.
2025-10-08T10:08:31.5616671Z 
2025-10-08T10:08:31.5617838Z If you want to create a new branch to retain commits you create, you may
2025-10-08T10:08:31.5620706Z do so (now or later) by using -c with the switch command. Example:
2025-10-08T10:08:31.5622340Z 
2025-10-08T10:08:31.5622900Z   git switch -c <new-branch-name>
2025-10-08T10:08:31.5623758Z 
2025-10-08T10:08:31.5624244Z Or undo this operation with:
2025-10-08T10:08:31.5625029Z 
2025-10-08T10:08:31.5625449Z   git switch -
2025-10-08T10:08:31.5626452Z 
2025-10-08T10:08:31.5627686Z Turn off this advice by setting config variable advice.detachedHead to false
2025-10-08T10:08:31.5629086Z 
2025-10-08T10:08:31.5630674Z HEAD is now at 1d94163 Merge 1e9417c5e150b978db3e3ef587abeb1a748e662b into 3992585095f45e110b32ccaf2c209977450b621d
2025-10-08T10:08:31.5635505Z ##[endgroup]
2025-10-08T10:08:31.5668161Z [command]/usr/bin/git log -1 --format=%H
2025-10-08T10:08:31.5689155Z 1d94163995615c4f268f81fabfa1a5d80b0ff664
2025-10-08T10:08:31.6046072Z ##[group]Run actions/setup-node@v4
2025-10-08T10:08:31.6047244Z with:
2025-10-08T10:08:31.6048047Z   node-version: 18
2025-10-08T10:08:31.6048888Z   cache: npm
2025-10-08T10:08:31.6049694Z   always-auth: false
2025-10-08T10:08:31.6050576Z   check-latest: false
2025-10-08T10:08:31.6051739Z   token: ***
2025-10-08T10:08:31.6052507Z env:
2025-10-08T10:08:31.6053204Z   CI: true
2025-10-08T10:08:31.6053951Z   NODE_ENV: test
2025-10-08T10:08:31.6054779Z   LIGHTNING_E2E_MODE: true
2025-10-08T10:08:31.6055830Z ##[endgroup]
2025-10-08T10:08:31.7854866Z Found in cache @ /opt/hostedtoolcache/node/18.20.8/x64
2025-10-08T10:08:31.7860457Z ##[group]Environment details
2025-10-08T10:08:32.2274800Z node: v18.20.8
2025-10-08T10:08:32.2276305Z npm: 10.8.2
2025-10-08T10:08:32.2277297Z yarn: 1.22.22
2025-10-08T10:08:32.2278979Z ##[endgroup]
2025-10-08T10:08:32.2303380Z [command]/opt/hostedtoolcache/node/18.20.8/x64/bin/npm config get cache
2025-10-08T10:08:32.3815185Z /home/runner/.npm
2025-10-08T10:08:32.5603445Z Cache hit for: node-cache-Linux-x64-npm-6963bc115c156296c491b8cc41fc7b59a2b53e7dd0474a0e4747974df1cf147a
2025-10-08T10:08:33.5478024Z Received 191438520 of 191438520 (100.0%), 196.1 MBs/sec
2025-10-08T10:08:33.5479028Z Cache Size: ~183 MB (191438520 B)
2025-10-08T10:08:33.5507864Z [command]/usr/bin/tar -xf /home/runner/work/_temp/9a259250-ab41-46cd-baf5-509704d4c2d2/cache.tzst -P -C /home/runner/work/ChatLaLiLuLeLo/ChatLaLiLuLeLo --use-compress-program unzstd
2025-10-08T10:08:34.2700299Z Cache restored successfully
2025-10-08T10:08:34.3064714Z Cache restored from key: node-cache-Linux-x64-npm-6963bc115c156296c491b8cc41fc7b59a2b53e7dd0474a0e4747974df1cf147a
2025-10-08T10:08:34.3251836Z ##[group]Run npm ci
2025-10-08T10:08:34.3252136Z [36;1mnpm ci[0m
2025-10-08T10:08:34.3294997Z shell: /usr/bin/bash -e {0}
2025-10-08T10:08:34.3295417Z env:
2025-10-08T10:08:34.3296146Z   CI: true
2025-10-08T10:08:34.3296450Z   NODE_ENV: test
2025-10-08T10:08:34.3296788Z   LIGHTNING_E2E_MODE: true
2025-10-08T10:08:34.3297152Z ##[endgroup]
2025-10-08T10:08:36.2871328Z npm warn EBADENGINE Unsupported engine {
2025-10-08T10:08:36.2872677Z npm warn EBADENGINE   package: 'lru-cache@11.2.2',
2025-10-08T10:08:36.2873458Z npm warn EBADENGINE   required: { node: '20 || >=22' },
2025-10-08T10:08:36.2874329Z npm warn EBADENGINE   current: { node: 'v18.20.8', npm: '10.8.2' }
2025-10-08T10:08:36.2875002Z npm warn EBADENGINE }
2025-10-08T10:08:36.2875758Z npm warn EBADENGINE Unsupported engine {
2025-10-08T10:08:36.2876494Z npm warn EBADENGINE   package: 'lru-cache@11.2.2',
2025-10-08T10:08:36.2877269Z npm warn EBADENGINE   required: { node: '20 || >=22' },
2025-10-08T10:08:36.2878139Z npm warn EBADENGINE   current: { node: 'v18.20.8', npm: '10.8.2' }
2025-10-08T10:08:36.2878781Z npm warn EBADENGINE }
2025-10-08T10:08:36.2894305Z npm warn EBADENGINE Unsupported engine {
2025-10-08T10:08:36.2895076Z npm warn EBADENGINE   package: 'metro@0.83.1',
2025-10-08T10:08:36.2896048Z npm warn EBADENGINE   required: { node: '>=20.19.4' },
2025-10-08T10:08:36.2896896Z npm warn EBADENGINE   current: { node: 'v18.20.8', npm: '10.8.2' }
2025-10-08T10:08:36.2897678Z npm warn EBADENGINE }
2025-10-08T10:08:36.2898445Z npm warn EBADENGINE Unsupported engine {
2025-10-08T10:08:36.2899251Z npm warn EBADENGINE   package: 'metro-babel-transformer@0.83.1',
2025-10-08T10:08:36.2899954Z npm warn EBADENGINE   required: { node: '>=20.19.4' },
2025-10-08T10:08:36.2900454Z npm warn EBADENGINE   current: { node: 'v18.20.8', npm: '10.8.2' }
2025-10-08T10:08:36.2900837Z npm warn EBADENGINE }
2025-10-08T10:08:36.2901707Z npm warn EBADENGINE Unsupported engine {
2025-10-08T10:08:36.2902258Z npm warn EBADENGINE   package: 'metro-cache@0.83.1',
2025-10-08T10:08:36.2902713Z npm warn EBADENGINE   required: { node: '>=20.19.4' },
2025-10-08T10:08:36.2903232Z npm warn EBADENGINE   current: { node: 'v18.20.8', npm: '10.8.2' }
2025-10-08T10:08:36.2903622Z npm warn EBADENGINE }
2025-10-08T10:08:36.2904489Z npm warn EBADENGINE Unsupported engine {
2025-10-08T10:08:36.2905089Z npm warn EBADENGINE   package: 'metro-cache-key@0.83.1',
2025-10-08T10:08:36.2905758Z npm warn EBADENGINE   required: { node: '>=20.19.4' },
2025-10-08T10:08:36.2906504Z npm warn EBADENGINE   current: { node: 'v18.20.8', npm: '10.8.2' }
2025-10-08T10:08:36.2907047Z npm warn EBADENGINE }
2025-10-08T10:08:36.2907376Z npm warn EBADENGINE Unsupported engine {
2025-10-08T10:08:36.2907776Z npm warn EBADENGINE   package: 'metro-config@0.83.1',
2025-10-08T10:08:36.2908215Z npm warn EBADENGINE   required: { node: '>=20.19.4' },
2025-10-08T10:08:36.2908700Z npm warn EBADENGINE   current: { node: 'v18.20.8', npm: '10.8.2' }
2025-10-08T10:08:36.2909076Z npm warn EBADENGINE }
2025-10-08T10:08:36.2910614Z npm warn EBADENGINE Unsupported engine {
2025-10-08T10:08:36.2911273Z npm warn EBADENGINE   package: 'metro-core@0.83.1',
2025-10-08T10:08:36.2911977Z npm warn EBADENGINE   required: { node: '>=20.19.4' },
2025-10-08T10:08:36.2912665Z npm warn EBADENGINE   current: { node: 'v18.20.8', npm: '10.8.2' }
2025-10-08T10:08:36.2913050Z npm warn EBADENGINE }
2025-10-08T10:08:36.2913358Z npm warn EBADENGINE Unsupported engine {
2025-10-08T10:08:36.2913792Z npm warn EBADENGINE   package: 'metro-file-map@0.83.1',
2025-10-08T10:08:36.2914198Z npm warn EBADENGINE   required: { node: '>=20.19.4' },
2025-10-08T10:08:36.2914770Z npm warn EBADENGINE   current: { node: 'v18.20.8', npm: '10.8.2' }
2025-10-08T10:08:36.2915368Z npm warn EBADENGINE }
2025-10-08T10:08:36.2916011Z npm warn EBADENGINE Unsupported engine {
2025-10-08T10:08:36.2916622Z npm warn EBADENGINE   package: 'metro-minify-terser@0.83.1',
2025-10-08T10:08:36.2917356Z npm warn EBADENGINE   required: { node: '>=20.19.4' },
2025-10-08T10:08:36.2918332Z npm warn EBADENGINE   current: { node: 'v18.20.8', npm: '10.8.2' }
2025-10-08T10:08:36.2918699Z npm warn EBADENGINE }
2025-10-08T10:08:36.2919228Z npm warn EBADENGINE Unsupported engine {
2025-10-08T10:08:36.2919845Z npm warn EBADENGINE   package: 'metro-resolver@0.83.1',
2025-10-08T10:08:36.2920252Z npm warn EBADENGINE   required: { node: '>=20.19.4' },
2025-10-08T10:08:36.2920731Z npm warn EBADENGINE   current: { node: 'v18.20.8', npm: '10.8.2' }
2025-10-08T10:08:36.2921535Z npm warn EBADENGINE }
2025-10-08T10:08:36.2921814Z npm warn EBADENGINE Unsupported engine {
2025-10-08T10:08:36.2922200Z npm warn EBADENGINE   package: 'metro-runtime@0.83.1',
2025-10-08T10:08:36.2922739Z npm warn EBADENGINE   required: { node: '>=20.19.4' },
2025-10-08T10:08:36.2923505Z npm warn EBADENGINE   current: { node: 'v18.20.8', npm: '10.8.2' }
2025-10-08T10:08:36.2924054Z npm warn EBADENGINE }
2025-10-08T10:08:36.2924500Z npm warn EBADENGINE Unsupported engine {
2025-10-08T10:08:36.2925039Z npm warn EBADENGINE   package: 'metro-source-map@0.83.1',
2025-10-08T10:08:36.2925436Z npm warn EBADENGINE   required: { node: '>=20.19.4' },
2025-10-08T10:08:36.2926267Z npm warn EBADENGINE   current: { node: 'v18.20.8', npm: '10.8.2' }
2025-10-08T10:08:36.2926749Z npm warn EBADENGINE }
2025-10-08T10:08:36.2927142Z npm warn EBADENGINE Unsupported engine {
2025-10-08T10:08:36.2927595Z npm warn EBADENGINE   package: 'metro-symbolicate@0.83.1',
2025-10-08T10:08:36.2928328Z npm warn EBADENGINE   required: { node: '>=20.19.4' },
2025-10-08T10:08:36.2929061Z npm warn EBADENGINE   current: { node: 'v18.20.8', npm: '10.8.2' }
2025-10-08T10:08:36.2929436Z npm warn EBADENGINE }
2025-10-08T10:08:36.2929713Z npm warn EBADENGINE Unsupported engine {
2025-10-08T10:08:36.2930131Z npm warn EBADENGINE   package: 'metro-transform-plugins@0.83.1',
2025-10-08T10:08:36.2930549Z npm warn EBADENGINE   required: { node: '>=20.19.4' },
2025-10-08T10:08:36.2930980Z npm warn EBADENGINE   current: { node: 'v18.20.8', npm: '10.8.2' }
2025-10-08T10:08:36.2931472Z npm warn EBADENGINE }
2025-10-08T10:08:36.2931911Z npm warn EBADENGINE Unsupported engine {
2025-10-08T10:08:36.2932346Z npm warn EBADENGINE   package: 'metro-transform-worker@0.83.1',
2025-10-08T10:08:36.2932757Z npm warn EBADENGINE   required: { node: '>=20.19.4' },
2025-10-08T10:08:36.2933177Z npm warn EBADENGINE   current: { node: 'v18.20.8', npm: '10.8.2' }
2025-10-08T10:08:36.2933503Z npm warn EBADENGINE }
2025-10-08T10:08:36.2933798Z npm warn EBADENGINE Unsupported engine {
2025-10-08T10:08:36.2934121Z npm warn EBADENGINE   package: 'ob1@0.83.1',
2025-10-08T10:08:36.2934479Z npm warn EBADENGINE   required: { node: '>=20.19.4' },
2025-10-08T10:08:36.2934892Z npm warn EBADENGINE   current: { node: 'v18.20.8', npm: '10.8.2' }
2025-10-08T10:08:36.2935216Z npm warn EBADENGINE }
2025-10-08T10:08:36.2935471Z npm warn EBADENGINE Unsupported engine {
2025-10-08T10:08:36.2935989Z npm warn EBADENGINE   package: '@expo/server@0.7.5',
2025-10-08T10:08:36.2936368Z npm warn EBADENGINE   required: { node: '>=20.16.0' },
2025-10-08T10:08:36.2936795Z npm warn EBADENGINE   current: { node: 'v18.20.8', npm: '10.8.2' }
2025-10-08T10:08:36.2937119Z npm warn EBADENGINE }
2025-10-08T10:08:36.2945302Z npm warn EBADENGINE Unsupported engine {
2025-10-08T10:08:36.2946108Z npm warn EBADENGINE   package: '@react-native/babel-plugin-codegen@0.81.4',
2025-10-08T10:08:36.2946584Z npm warn EBADENGINE   required: { node: '>= 20.19.4' },
2025-10-08T10:08:36.2947026Z npm warn EBADENGINE   current: { node: 'v18.20.8', npm: '10.8.2' }
2025-10-08T10:08:36.2947352Z npm warn EBADENGINE }
2025-10-08T10:08:36.2947935Z npm warn EBADENGINE Unsupported engine {
2025-10-08T10:08:36.2948503Z npm warn EBADENGINE   package: '@react-native/babel-preset@0.81.4',
2025-10-08T10:08:36.2948974Z npm warn EBADENGINE   required: { node: '>= 20.19.4' },
2025-10-08T10:08:36.2949736Z npm warn EBADENGINE   current: { node: 'v18.20.8', npm: '10.8.2' }
2025-10-08T10:08:36.2950301Z npm warn EBADENGINE }
2025-10-08T10:08:36.2950712Z npm warn EBADENGINE Unsupported engine {
2025-10-08T10:08:36.2951601Z npm warn EBADENGINE   package: '@react-native/codegen@0.81.4',
2025-10-08T10:08:36.2952388Z npm warn EBADENGINE   required: { node: '>= 20.19.4' },
2025-10-08T10:08:36.2952947Z npm warn EBADENGINE   current: { node: 'v18.20.8', npm: '10.8.2' }
2025-10-08T10:08:36.2953282Z npm warn EBADENGINE }
2025-10-08T10:08:36.2953596Z npm warn EBADENGINE Unsupported engine {
2025-10-08T10:08:36.2954026Z npm warn EBADENGINE   package: '@react-native/debugger-frontend@0.81.4',
2025-10-08T10:08:36.2954619Z npm warn EBADENGINE   required: { node: '>= 20.19.4' },
2025-10-08T10:08:36.2955041Z npm warn EBADENGINE   current: { node: 'v18.20.8', npm: '10.8.2' }
2025-10-08T10:08:36.2955373Z npm warn EBADENGINE }
2025-10-08T10:08:36.2981214Z npm warn EBADENGINE Unsupported engine {
2025-10-08T10:08:36.2981855Z npm warn EBADENGINE   package: 'cssstyle@5.3.1',
2025-10-08T10:08:36.2982472Z npm warn EBADENGINE   required: { node: '>=20' },
2025-10-08T10:08:36.2983229Z npm warn EBADENGINE   current: { node: 'v18.20.8', npm: '10.8.2' }
2025-10-08T10:08:36.2983870Z npm warn EBADENGINE }
2025-10-08T10:08:36.2984491Z npm warn EBADENGINE Unsupported engine {
2025-10-08T10:08:36.2985223Z npm warn EBADENGINE   package: 'data-urls@6.0.0',
2025-10-08T10:08:36.2986192Z npm warn EBADENGINE   required: { node: '>=20' },
2025-10-08T10:08:36.2986799Z npm warn EBADENGINE   current: { node: 'v18.20.8', npm: '10.8.2' }
2025-10-08T10:08:36.2987224Z npm warn EBADENGINE }
2025-10-08T10:08:36.3020709Z npm warn EBADENGINE Unsupported engine {
2025-10-08T10:08:36.3021495Z npm warn EBADENGINE   package: '@react-native/dev-middleware@0.81.4',
2025-10-08T10:08:36.3022262Z npm warn EBADENGINE   required: { node: '>= 20.19.4' },
2025-10-08T10:08:36.3023004Z npm warn EBADENGINE   current: { node: 'v18.20.8', npm: '10.8.2' }
2025-10-08T10:08:36.3023581Z npm warn EBADENGINE }
2025-10-08T10:08:36.3053049Z npm warn EBADENGINE Unsupported engine {
2025-10-08T10:08:36.3053569Z npm warn EBADENGINE   package: 'jsdom@27.0.0',
2025-10-08T10:08:36.3053974Z npm warn EBADENGINE   required: { node: '>=20' },
2025-10-08T10:08:36.3054430Z npm warn EBADENGINE   current: { node: 'v18.20.8', npm: '10.8.2' }
2025-10-08T10:08:36.3054785Z npm warn EBADENGINE }
2025-10-08T10:08:36.3059368Z npm warn EBADENGINE Unsupported engine {
2025-10-08T10:08:36.3059854Z npm warn EBADENGINE   package: 'undici@7.14.0',
2025-10-08T10:08:36.3060240Z npm warn EBADENGINE   required: { node: '>=20.18.1' },
2025-10-08T10:08:36.3060691Z npm warn EBADENGINE   current: { node: 'v18.20.8', npm: '10.8.2' }
2025-10-08T10:08:36.3061031Z npm warn EBADENGINE }
2025-10-08T10:08:36.3080058Z npm warn EBADENGINE Unsupported engine {
2025-10-08T10:08:36.3080539Z npm warn EBADENGINE   package: 'tr46@6.0.0',
2025-10-08T10:08:36.3080901Z npm warn EBADENGINE   required: { node: '>=20' },
2025-10-08T10:08:36.3081333Z npm warn EBADENGINE   current: { node: 'v18.20.8', npm: '10.8.2' }
2025-10-08T10:08:36.3081671Z npm warn EBADENGINE }
2025-10-08T10:08:36.3084634Z npm warn EBADENGINE Unsupported engine {
2025-10-08T10:08:36.3085172Z npm warn EBADENGINE   package: 'webidl-conversions@8.0.0',
2025-10-08T10:08:36.3085817Z npm warn EBADENGINE   required: { node: '>=20' },
2025-10-08T10:08:36.3086584Z npm warn EBADENGINE   current: { node: 'v18.20.8', npm: '10.8.2' }
2025-10-08T10:08:36.3087164Z npm warn EBADENGINE }
2025-10-08T10:08:36.3087479Z npm warn EBADENGINE Unsupported engine {
2025-10-08T10:08:36.3087840Z npm warn EBADENGINE   package: 'whatwg-url@15.1.0',
2025-10-08T10:08:36.3088265Z npm warn EBADENGINE   required: { node: '>=20' },
2025-10-08T10:08:36.3088681Z npm warn EBADENGINE   current: { node: 'v18.20.8', npm: '10.8.2' }
2025-10-08T10:08:36.3089010Z npm warn EBADENGINE }
2025-10-08T10:08:40.9857441Z npm warn deprecated abab@2.0.6: Use your platform's native atob() and btoa() methods instead
2025-10-08T10:08:41.7990786Z npm warn deprecated glob@7.2.3: Glob versions prior to v9 are no longer supported
2025-10-08T10:08:41.8407105Z npm warn deprecated glob@7.2.3: Glob versions prior to v9 are no longer supported
2025-10-08T10:08:42.2278867Z npm warn deprecated domexception@4.0.0: Use your platform's native DOMException instead
2025-10-08T10:08:43.8328216Z npm warn deprecated text-encoding@0.7.0: no longer maintained
2025-10-08T10:08:43.8392193Z npm warn deprecated @testing-library/jest-native@5.4.3: DEPRECATED: This package is no longer maintained.
2025-10-08T10:08:43.8393433Z npm warn deprecated Please use the built-in Jest matchers available in @testing-library/react-native v12.4+.
2025-10-08T10:08:43.8394376Z npm warn deprecated
2025-10-08T10:08:43.8395213Z npm warn deprecated See migration guide: https://callstack.github.io/react-native-testing-library/docs/migration/jest-matchers
2025-10-08T10:08:44.2354924Z npm warn deprecated node-domexception@1.0.0: Use your platform's native DOMException instead
2025-10-08T10:08:44.2911179Z npm warn deprecated reflect-metadata@0.2.1: This version has a critical bug in fallback handling. Please upgrade to reflect-metadata@0.2.2 or newer.
2025-10-08T10:08:51.4664403Z npm warn deprecated @types/react-native@0.73.0: This is a stub types definition. react-native provides its own type definitions, so you do not need this installed.
2025-10-08T10:08:59.1500886Z npm warn deprecated eslint@8.57.1: This version is no longer supported. Please see https://eslint.org/version-support for other options.
2025-10-08T10:09:07.9998946Z 
2025-10-08T10:09:07.9999788Z added 1768 packages, and audited 1771 packages in 34s
2025-10-08T10:09:08.0002256Z 
2025-10-08T10:09:08.0002765Z 257 packages are looking for funding
2025-10-08T10:09:08.0003249Z   run `npm fund` for details
2025-10-08T10:09:08.0028399Z 
2025-10-08T10:09:08.0028685Z 2 low severity vulnerabilities
2025-10-08T10:09:08.0028977Z 
2025-10-08T10:09:08.0029179Z To address all issues, run:
2025-10-08T10:09:08.0029587Z   npm audit fix
2025-10-08T10:09:08.0029786Z 
2025-10-08T10:09:08.0029972Z Run `npm audit` for details.
2025-10-08T10:09:08.0850689Z ##[group]Run cd apps/mobile
2025-10-08T10:09:08.0851010Z [36;1mcd apps/mobile[0m
2025-10-08T10:09:08.0851221Z [36;1mnpm ci[0m
2025-10-08T10:09:08.0884336Z shell: /usr/bin/bash -e {0}
2025-10-08T10:09:08.0884566Z env:
2025-10-08T10:09:08.0884723Z   CI: true
2025-10-08T10:09:08.0884889Z   NODE_ENV: test
2025-10-08T10:09:08.0885082Z   LIGHTNING_E2E_MODE: true
2025-10-08T10:09:08.0885283Z ##[endgroup]
2025-10-08T10:09:09.1015021Z npm warn EBADENGINE Unsupported engine {
2025-10-08T10:09:09.1015836Z npm warn EBADENGINE   package: 'lru-cache@11.2.2',
2025-10-08T10:09:09.1016421Z npm warn EBADENGINE   required: { node: '20 || >=22' },
2025-10-08T10:09:09.1016994Z npm warn EBADENGINE   current: { node: 'v18.20.8', npm: '10.8.2' }
2025-10-08T10:09:09.1017424Z npm warn EBADENGINE }
2025-10-08T10:09:09.1019815Z npm warn EBADENGINE Unsupported engine {
2025-10-08T10:09:09.1020362Z npm warn EBADENGINE   package: 'lru-cache@11.2.2',
2025-10-08T10:09:09.1020881Z npm warn EBADENGINE   required: { node: '20 || >=22' },
2025-10-08T10:09:09.1021402Z npm warn EBADENGINE   current: { node: 'v18.20.8', npm: '10.8.2' }
2025-10-08T10:09:09.1021986Z npm warn EBADENGINE }
2025-10-08T10:09:09.1068245Z npm warn EBADENGINE Unsupported engine {
2025-10-08T10:09:09.1068717Z npm warn EBADENGINE   package: 'metro@0.83.1',
2025-10-08T10:09:09.1069157Z npm warn EBADENGINE   required: { node: '>=20.19.4' },
2025-10-08T10:09:09.1069641Z npm warn EBADENGINE   current: { node: 'v18.20.8', npm: '10.8.2' }
2025-10-08T10:09:09.1069985Z npm warn EBADENGINE }
2025-10-08T10:09:09.1071571Z npm warn EBADENGINE Unsupported engine {
2025-10-08T10:09:09.1072115Z npm warn EBADENGINE   package: 'metro-babel-transformer@0.83.1',
2025-10-08T10:09:09.1072551Z npm warn EBADENGINE   required: { node: '>=20.19.4' },
2025-10-08T10:09:09.1072969Z npm warn EBADENGINE   current: { node: 'v18.20.8', npm: '10.8.2' }
2025-10-08T10:09:09.1073294Z npm warn EBADENGINE }
2025-10-08T10:09:09.1074706Z npm warn EBADENGINE Unsupported engine {
2025-10-08T10:09:09.1075191Z npm warn EBADENGINE   package: 'metro-cache@0.83.1',
2025-10-08T10:09:09.1075678Z npm warn EBADENGINE   required: { node: '>=20.19.4' },
2025-10-08T10:09:09.1076127Z npm warn EBADENGINE   current: { node: 'v18.20.8', npm: '10.8.2' }
2025-10-08T10:09:09.1076455Z npm warn EBADENGINE }
2025-10-08T10:09:09.1077838Z npm warn EBADENGINE Unsupported engine {
2025-10-08T10:09:09.1078475Z npm warn EBADENGINE   package: 'metro-cache-key@0.83.1',
2025-10-08T10:09:09.1079075Z npm warn EBADENGINE   required: { node: '>=20.19.4' },
2025-10-08T10:09:09.1080080Z npm warn EBADENGINE   current: { node: 'v18.20.8', npm: '10.8.2' }
2025-10-08T10:09:09.1080444Z npm warn EBADENGINE }
2025-10-08T10:09:09.1080703Z npm warn EBADENGINE Unsupported engine {
2025-10-08T10:09:09.1081055Z npm warn EBADENGINE   package: 'metro-config@0.83.1',
2025-10-08T10:09:09.1081441Z npm warn EBADENGINE   required: { node: '>=20.19.4' },
2025-10-08T10:09:09.1081876Z npm warn EBADENGINE   current: { node: 'v18.20.8', npm: '10.8.2' }
2025-10-08T10:09:09.1082198Z npm warn EBADENGINE }
2025-10-08T10:09:09.1083900Z npm warn EBADENGINE Unsupported engine {
2025-10-08T10:09:09.1084376Z npm warn EBADENGINE   package: 'metro-core@0.83.1',
2025-10-08T10:09:09.1084747Z npm warn EBADENGINE   required: { node: '>=20.19.4' },
2025-10-08T10:09:09.1085161Z npm warn EBADENGINE   current: { node: 'v18.20.8', npm: '10.8.2' }
2025-10-08T10:09:09.1085708Z npm warn EBADENGINE }
2025-10-08T10:09:09.1086718Z npm warn EBADENGINE Unsupported engine {
2025-10-08T10:09:09.1087093Z npm warn EBADENGINE   package: 'metro-file-map@0.83.1',
2025-10-08T10:09:09.1087483Z npm warn EBADENGINE   required: { node: '>=20.19.4' },
2025-10-08T10:09:09.1087891Z npm warn EBADENGINE   current: { node: 'v18.20.8', npm: '10.8.2' }
2025-10-08T10:09:09.1088207Z npm warn EBADENGINE }
2025-10-08T10:09:09.1089032Z npm warn EBADENGINE Unsupported engine {
2025-10-08T10:09:09.1089425Z npm warn EBADENGINE   package: 'metro-minify-terser@0.83.1',
2025-10-08T10:09:09.1090060Z npm warn EBADENGINE   required: { node: '>=20.19.4' },
2025-10-08T10:09:09.1090477Z npm warn EBADENGINE   current: { node: 'v18.20.8', npm: '10.8.2' }
2025-10-08T10:09:09.1090935Z npm warn EBADENGINE }
2025-10-08T10:09:09.1091518Z npm warn EBADENGINE Unsupported engine {
2025-10-08T10:09:09.1092155Z npm warn EBADENGINE   package: 'metro-resolver@0.83.1',
2025-10-08T10:09:09.1092808Z npm warn EBADENGINE   required: { node: '>=20.19.4' },
2025-10-08T10:09:09.1093546Z npm warn EBADENGINE   current: { node: 'v18.20.8', npm: '10.8.2' }
2025-10-08T10:09:09.1094113Z npm warn EBADENGINE }
2025-10-08T10:09:09.1094597Z npm warn EBADENGINE Unsupported engine {
2025-10-08T10:09:09.1095218Z npm warn EBADENGINE   package: 'metro-runtime@0.83.1',
2025-10-08T10:09:09.1096062Z npm warn EBADENGINE   required: { node: '>=20.19.4' },
2025-10-08T10:09:09.1096771Z npm warn EBADENGINE   current: { node: 'v18.20.8', npm: '10.8.2' }
2025-10-08T10:09:09.1097343Z npm warn EBADENGINE }
2025-10-08T10:09:09.1097805Z npm warn EBADENGINE Unsupported engine {
2025-10-08T10:09:09.1098437Z npm warn EBADENGINE   package: 'metro-source-map@0.83.1',
2025-10-08T10:09:09.1099104Z npm warn EBADENGINE   required: { node: '>=20.19.4' },
2025-10-08T10:09:09.1099824Z npm warn EBADENGINE   current: { node: 'v18.20.8', npm: '10.8.2' }
2025-10-08T10:09:09.1100388Z npm warn EBADENGINE }
2025-10-08T10:09:09.1100837Z npm warn EBADENGINE Unsupported engine {
2025-10-08T10:09:09.1101469Z npm warn EBADENGINE   package: 'metro-symbolicate@0.83.1',
2025-10-08T10:09:09.1102150Z npm warn EBADENGINE   required: { node: '>=20.19.4' },
2025-10-08T10:09:09.1102881Z npm warn EBADENGINE   current: { node: 'v18.20.8', npm: '10.8.2' }
2025-10-08T10:09:09.1103430Z npm warn EBADENGINE }
2025-10-08T10:09:09.1103863Z npm warn EBADENGINE Unsupported engine {
2025-10-08T10:09:09.1104548Z npm warn EBADENGINE   package: 'metro-transform-plugins@0.83.1',
2025-10-08T10:09:09.1105258Z npm warn EBADENGINE   required: { node: '>=20.19.4' },
2025-10-08T10:09:09.1106215Z npm warn EBADENGINE   current: { node: 'v18.20.8', npm: '10.8.2' }
2025-10-08T10:09:09.1106773Z npm warn EBADENGINE }
2025-10-08T10:09:09.1107205Z npm warn EBADENGINE Unsupported engine {
2025-10-08T10:09:09.1107889Z npm warn EBADENGINE   package: 'metro-transform-worker@0.83.1',
2025-10-08T10:09:09.1108597Z npm warn EBADENGINE   required: { node: '>=20.19.4' },
2025-10-08T10:09:09.1109312Z npm warn EBADENGINE   current: { node: 'v18.20.8', npm: '10.8.2' }
2025-10-08T10:09:09.1109850Z npm warn EBADENGINE }
2025-10-08T10:09:09.1110282Z npm warn EBADENGINE Unsupported engine {
2025-10-08T10:09:09.1111072Z npm warn EBADENGINE   package: 'ob1@0.83.1',
2025-10-08T10:09:09.1111673Z npm warn EBADENGINE   required: { node: '>=20.19.4' },
2025-10-08T10:09:09.1112193Z npm warn EBADENGINE   current: { node: 'v18.20.8', npm: '10.8.2' }
2025-10-08T10:09:09.1112513Z npm warn EBADENGINE }
2025-10-08T10:09:09.1112778Z npm warn EBADENGINE Unsupported engine {
2025-10-08T10:09:09.1113123Z npm warn EBADENGINE   package: '@expo/server@0.7.5',
2025-10-08T10:09:09.1113498Z npm warn EBADENGINE   required: { node: '>=20.16.0' },
2025-10-08T10:09:09.1113899Z npm warn EBADENGINE   current: { node: 'v18.20.8', npm: '10.8.2' }
2025-10-08T10:09:09.1114216Z npm warn EBADENGINE }
2025-10-08T10:09:09.1133537Z npm warn EBADENGINE Unsupported engine {
2025-10-08T10:09:09.1134290Z npm warn EBADENGINE   package: '@react-native/babel-plugin-codegen@0.81.4',
2025-10-08T10:09:09.1134768Z npm warn EBADENGINE   required: { node: '>= 20.19.4' },
2025-10-08T10:09:09.1135195Z npm warn EBADENGINE   current: { node: 'v18.20.8', npm: '10.8.2' }
2025-10-08T10:09:09.1135728Z npm warn EBADENGINE }
2025-10-08T10:09:09.1136409Z npm warn EBADENGINE Unsupported engine {
2025-10-08T10:09:09.1137118Z npm warn EBADENGINE   package: '@react-native/babel-preset@0.81.4',
2025-10-08T10:09:09.1137545Z npm warn EBADENGINE   required: { node: '>= 20.19.4' },
2025-10-08T10:09:09.1138220Z npm warn EBADENGINE   current: { node: 'v18.20.8', npm: '10.8.2' }
2025-10-08T10:09:09.1138759Z npm warn EBADENGINE }
2025-10-08T10:09:09.1139248Z npm warn EBADENGINE Unsupported engine {
2025-10-08T10:09:09.1139705Z npm warn EBADENGINE   package: '@react-native/codegen@0.81.4',
2025-10-08T10:09:09.1140403Z npm warn EBADENGINE   required: { node: '>= 20.19.4' },
2025-10-08T10:09:09.1141003Z npm warn EBADENGINE   current: { node: 'v18.20.8', npm: '10.8.2' }
2025-10-08T10:09:09.1141317Z npm warn EBADENGINE }
2025-10-08T10:09:09.1141579Z npm warn EBADENGINE Unsupported engine {
2025-10-08T10:09:09.1141996Z npm warn EBADENGINE   package: '@react-native/debugger-frontend@0.81.4',
2025-10-08T10:09:09.1142438Z npm warn EBADENGINE   required: { node: '>= 20.19.4' },
2025-10-08T10:09:09.1142855Z npm warn EBADENGINE   current: { node: 'v18.20.8', npm: '10.8.2' }
2025-10-08T10:09:09.1143171Z npm warn EBADENGINE }
2025-10-08T10:09:09.1168929Z npm warn EBADENGINE Unsupported engine {
2025-10-08T10:09:09.1169625Z npm warn EBADENGINE   package: 'cssstyle@5.3.1',
2025-10-08T10:09:09.1170299Z npm warn EBADENGINE   required: { node: '>=20' },
2025-10-08T10:09:09.1171104Z npm warn EBADENGINE   current: { node: 'v18.20.8', npm: '10.8.2' }
2025-10-08T10:09:09.1171730Z npm warn EBADENGINE }
2025-10-08T10:09:09.1172229Z npm warn EBADENGINE Unsupported engine {
2025-10-08T10:09:09.1172865Z npm warn EBADENGINE   package: 'data-urls@6.0.0',
2025-10-08T10:09:09.1173543Z npm warn EBADENGINE   required: { node: '>=20' },
2025-10-08T10:09:09.1174322Z npm warn EBADENGINE   current: { node: 'v18.20.8', npm: '10.8.2' }
2025-10-08T10:09:09.1174913Z npm warn EBADENGINE }
2025-10-08T10:09:09.1189022Z npm warn EBADENGINE Unsupported engine {
2025-10-08T10:09:09.1189889Z npm warn EBADENGINE   package: '@react-native/dev-middleware@0.81.4',
2025-10-08T10:09:09.1190705Z npm warn EBADENGINE   required: { node: '>= 20.19.4' },
2025-10-08T10:09:09.1191508Z npm warn EBADENGINE   current: { node: 'v18.20.8', npm: '10.8.2' }
2025-10-08T10:09:09.1192103Z npm warn EBADENGINE }
2025-10-08T10:09:09.1211254Z npm warn EBADENGINE Unsupported engine {
2025-10-08T10:09:09.1211934Z npm warn EBADENGINE   package: 'jsdom@27.0.0',
2025-10-08T10:09:09.1212582Z npm warn EBADENGINE   required: { node: '>=20' },
2025-10-08T10:09:09.1213334Z npm warn EBADENGINE   current: { node: 'v18.20.8', npm: '10.8.2' }
2025-10-08T10:09:09.1213975Z npm warn EBADENGINE }
2025-10-08T10:09:09.1218837Z npm warn EBADENGINE Unsupported engine {
2025-10-08T10:09:09.1219504Z npm warn EBADENGINE   package: 'undici@7.14.0',
2025-10-08T10:09:09.1220207Z npm warn EBADENGINE   required: { node: '>=20.18.1' },
2025-10-08T10:09:09.1220987Z npm warn EBADENGINE   current: { node: 'v18.20.8', npm: '10.8.2' }
2025-10-08T10:09:09.1221915Z npm warn EBADENGINE }
2025-10-08T10:09:09.1240684Z npm warn EBADENGINE Unsupported engine {
2025-10-08T10:09:09.1241340Z npm warn EBADENGINE   package: 'tr46@6.0.0',
2025-10-08T10:09:09.1241988Z npm warn EBADENGINE   required: { node: '>=20' },
2025-10-08T10:09:09.1242764Z npm warn EBADENGINE   current: { node: 'v18.20.8', npm: '10.8.2' }
2025-10-08T10:09:09.1243353Z npm warn EBADENGINE }
2025-10-08T10:09:09.1246773Z npm warn EBADENGINE Unsupported engine {
2025-10-08T10:09:09.1247528Z npm warn EBADENGINE   package: 'webidl-conversions@8.0.0',
2025-10-08T10:09:09.1248277Z npm warn EBADENGINE   required: { node: '>=20' },
2025-10-08T10:09:09.1249048Z npm warn EBADENGINE   current: { node: 'v18.20.8', npm: '10.8.2' }
2025-10-08T10:09:09.1249647Z npm warn EBADENGINE }
2025-10-08T10:09:09.1250143Z npm warn EBADENGINE Unsupported engine {
2025-10-08T10:09:09.1250777Z npm warn EBADENGINE   package: 'whatwg-url@15.1.0',
2025-10-08T10:09:09.1251451Z npm warn EBADENGINE   required: { node: '>=20' },
2025-10-08T10:09:09.1252202Z npm warn EBADENGINE   current: { node: 'v18.20.8', npm: '10.8.2' }
2025-10-08T10:09:09.1252767Z npm warn EBADENGINE }
2025-10-08T10:09:15.3083858Z npm warn deprecated abab@2.0.6: Use your platform's native atob() and btoa() methods instead
2025-10-08T10:09:16.3494668Z npm warn deprecated glob@7.2.3: Glob versions prior to v9 are no longer supported
2025-10-08T10:09:16.3928522Z npm warn deprecated glob@7.2.3: Glob versions prior to v9 are no longer supported
2025-10-08T10:09:19.4953001Z npm warn deprecated domexception@4.0.0: Use your platform's native DOMException instead
2025-10-08T10:09:23.7478617Z npm warn deprecated @types/react-native@0.73.0: This is a stub types definition. react-native provides its own type definitions, so you do not need this installed.
2025-10-08T10:09:23.8116742Z npm warn deprecated text-encoding@0.7.0: no longer maintained
2025-10-08T10:09:23.8323824Z npm warn deprecated @testing-library/jest-native@5.4.3: DEPRECATED: This package is no longer maintained.
2025-10-08T10:09:23.8325268Z npm warn deprecated Please use the built-in Jest matchers available in @testing-library/react-native v12.4+.
2025-10-08T10:09:23.8326208Z npm warn deprecated
2025-10-08T10:09:23.8327188Z npm warn deprecated See migration guide: https://callstack.github.io/react-native-testing-library/docs/migration/jest-matchers
2025-10-08T10:09:28.5818570Z npm warn deprecated eslint@8.57.1: This version is no longer supported. Please see https://eslint.org/version-support for other options.
2025-10-08T10:09:34.1574554Z 
2025-10-08T10:09:34.1575161Z added 1626 packages, and audited 1628 packages in 26s
2025-10-08T10:09:34.1575485Z 
2025-10-08T10:09:34.1576064Z 236 packages are looking for funding
2025-10-08T10:09:34.1576446Z   run `npm fund` for details
2025-10-08T10:09:34.1590759Z 
2025-10-08T10:09:34.1590974Z found 0 vulnerabilities
2025-10-08T10:09:34.2656482Z ##[group]Run cd apps/edge
2025-10-08T10:09:34.2656778Z [36;1mcd apps/edge[0m
2025-10-08T10:09:34.2656987Z [36;1mnpm ci[0m
2025-10-08T10:09:34.2689185Z shell: /usr/bin/bash -e {0}
2025-10-08T10:09:34.2689427Z env:
2025-10-08T10:09:34.2689578Z   CI: true
2025-10-08T10:09:34.2689736Z   NODE_ENV: test
2025-10-08T10:09:34.2689915Z   LIGHTNING_E2E_MODE: true
2025-10-08T10:09:34.2690114Z ##[endgroup]
2025-10-08T10:09:35.2619020Z npm warn EBADENGINE Unsupported engine {
2025-10-08T10:09:35.2619781Z npm warn EBADENGINE   package: 'lru-cache@11.2.2',
2025-10-08T10:09:35.2620526Z npm warn EBADENGINE   required: { node: '20 || >=22' },
2025-10-08T10:09:35.2621347Z npm warn EBADENGINE   current: { node: 'v18.20.8', npm: '10.8.2' }
2025-10-08T10:09:35.2621975Z npm warn EBADENGINE }
2025-10-08T10:09:35.2624682Z npm warn EBADENGINE Unsupported engine {
2025-10-08T10:09:35.2625372Z npm warn EBADENGINE   package: 'lru-cache@11.2.2',
2025-10-08T10:09:35.2627310Z npm warn EBADENGINE   required: { node: '20 || >=22' },
2025-10-08T10:09:35.2628094Z npm warn EBADENGINE   current: { node: 'v18.20.8', npm: '10.8.2' }
2025-10-08T10:09:35.2629095Z npm warn EBADENGINE }
2025-10-08T10:09:35.2648601Z npm warn EBADENGINE Unsupported engine {
2025-10-08T10:09:35.2649276Z npm warn EBADENGINE   package: 'metro@0.83.1',
2025-10-08T10:09:35.2649973Z npm warn EBADENGINE   required: { node: '>=20.19.4' },
2025-10-08T10:09:35.2650766Z npm warn EBADENGINE   current: { node: 'v18.20.8', npm: '10.8.2' }
2025-10-08T10:09:35.2651374Z npm warn EBADENGINE }
2025-10-08T10:09:35.2652339Z npm warn EBADENGINE Unsupported engine {
2025-10-08T10:09:35.2653123Z npm warn EBADENGINE   package: 'metro-babel-transformer@0.83.1',
2025-10-08T10:09:35.2653888Z npm warn EBADENGINE   required: { node: '>=20.19.4' },
2025-10-08T10:09:35.2654686Z npm warn EBADENGINE   current: { node: 'v18.20.8', npm: '10.8.2' }
2025-10-08T10:09:35.2655309Z npm warn EBADENGINE }
2025-10-08T10:09:35.2656221Z npm warn EBADENGINE Unsupported engine {
2025-10-08T10:09:35.2657056Z npm warn EBADENGINE   package: 'metro-cache@0.83.1',
2025-10-08T10:09:35.2657583Z npm warn EBADENGINE   required: { node: '>=20.19.4' },
2025-10-08T10:09:35.2658153Z npm warn EBADENGINE   current: { node: 'v18.20.8', npm: '10.8.2' }
2025-10-08T10:09:35.2658594Z npm warn EBADENGINE }
2025-10-08T10:09:35.2659293Z npm warn EBADENGINE Unsupported engine {
2025-10-08T10:09:35.2659907Z npm warn EBADENGINE   package: 'metro-cache-key@0.83.1',
2025-10-08T10:09:35.2660372Z npm warn EBADENGINE   required: { node: '>=20.19.4' },
2025-10-08T10:09:35.2661160Z npm warn EBADENGINE   current: { node: 'v18.20.8', npm: '10.8.2' }
2025-10-08T10:09:35.2661783Z npm warn EBADENGINE }
2025-10-08T10:09:35.2662249Z npm warn EBADENGINE Unsupported engine {
2025-10-08T10:09:35.2662680Z npm warn EBADENGINE   package: 'metro-config@0.83.1',
2025-10-08T10:09:35.2663145Z npm warn EBADENGINE   required: { node: '>=20.19.4' },
2025-10-08T10:09:35.2663653Z npm warn EBADENGINE   current: { node: 'v18.20.8', npm: '10.8.2' }
2025-10-08T10:09:35.2664055Z npm warn EBADENGINE }
2025-10-08T10:09:35.2665810Z npm warn EBADENGINE Unsupported engine {
2025-10-08T10:09:35.2666496Z npm warn EBADENGINE   package: 'metro-core@0.83.1',
2025-10-08T10:09:35.2667193Z npm warn EBADENGINE   required: { node: '>=20.19.4' },
2025-10-08T10:09:35.2667984Z npm warn EBADENGINE   current: { node: 'v18.20.8', npm: '10.8.2' }
2025-10-08T10:09:35.2668585Z npm warn EBADENGINE }
2025-10-08T10:09:35.2669062Z npm warn EBADENGINE Unsupported engine {
2025-10-08T10:09:35.2669747Z npm warn EBADENGINE   package: 'metro-file-map@0.83.1',
2025-10-08T10:09:35.2670438Z npm warn EBADENGINE   required: { node: '>=20.19.4' },
2025-10-08T10:09:35.2671156Z npm warn EBADENGINE   current: { node: 'v18.20.8', npm: '10.8.2' }
2025-10-08T10:09:35.2671705Z npm warn EBADENGINE }
2025-10-08T10:09:35.2672145Z npm warn EBADENGINE Unsupported engine {
2025-10-08T10:09:35.2672846Z npm warn EBADENGINE   package: 'metro-minify-terser@0.83.1',
2025-10-08T10:09:35.2673996Z npm warn EBADENGINE   required: { node: '>=20.19.4' },
2025-10-08T10:09:35.2674769Z npm warn EBADENGINE   current: { node: 'v18.20.8', npm: '10.8.2' }
2025-10-08T10:09:35.2675323Z npm warn EBADENGINE }
2025-10-08T10:09:35.2675934Z npm warn EBADENGINE Unsupported engine {
2025-10-08T10:09:35.2676600Z npm warn EBADENGINE   package: 'metro-resolver@0.83.1',
2025-10-08T10:09:35.2677255Z npm warn EBADENGINE   required: { node: '>=20.19.4' },
2025-10-08T10:09:35.2677671Z npm warn EBADENGINE   current: { node: 'v18.20.8', npm: '10.8.2' }
2025-10-08T10:09:35.2678195Z npm warn EBADENGINE }
2025-10-08T10:09:35.2678639Z npm warn EBADENGINE Unsupported engine {
2025-10-08T10:09:35.2679077Z npm warn EBADENGINE   package: 'metro-runtime@0.83.1',
2025-10-08T10:09:35.2679609Z npm warn EBADENGINE   required: { node: '>=20.19.4' },
2025-10-08T10:09:35.2680316Z npm warn EBADENGINE   current: { node: 'v18.20.8', npm: '10.8.2' }
2025-10-08T10:09:35.2680851Z npm warn EBADENGINE }
2025-10-08T10:09:35.2681283Z npm warn EBADENGINE Unsupported engine {
2025-10-08T10:09:35.2681920Z npm warn EBADENGINE   package: 'metro-source-map@0.83.1',
2025-10-08T10:09:35.2683036Z npm warn EBADENGINE   required: { node: '>=20.19.4' },
2025-10-08T10:09:35.2683757Z npm warn EBADENGINE   current: { node: 'v18.20.8', npm: '10.8.2' }
2025-10-08T10:09:35.2684303Z npm warn EBADENGINE }
2025-10-08T10:09:35.2684739Z npm warn EBADENGINE Unsupported engine {
2025-10-08T10:09:35.2685350Z npm warn EBADENGINE   package: 'metro-symbolicate@0.83.1',
2025-10-08T10:09:35.2686216Z npm warn EBADENGINE   required: { node: '>=20.19.4' },
2025-10-08T10:09:35.2686827Z npm warn EBADENGINE   current: { node: 'v18.20.8', npm: '10.8.2' }
2025-10-08T10:09:35.2687158Z npm warn EBADENGINE }
2025-10-08T10:09:35.2687436Z npm warn EBADENGINE Unsupported engine {
2025-10-08T10:09:35.2687829Z npm warn EBADENGINE   package: 'metro-transform-plugins@0.83.1',
2025-10-08T10:09:35.2688240Z npm warn EBADENGINE   required: { node: '>=20.19.4' },
2025-10-08T10:09:35.2688661Z npm warn EBADENGINE   current: { node: 'v18.20.8', npm: '10.8.2' }
2025-10-08T10:09:35.2688984Z npm warn EBADENGINE }
2025-10-08T10:09:35.2689235Z npm warn EBADENGINE Unsupported engine {
2025-10-08T10:09:35.2689638Z npm warn EBADENGINE   package: 'metro-transform-worker@0.83.1',
2025-10-08T10:09:35.2690051Z npm warn EBADENGINE   required: { node: '>=20.19.4' },
2025-10-08T10:09:35.2690475Z npm warn EBADENGINE   current: { node: 'v18.20.8', npm: '10.8.2' }
2025-10-08T10:09:35.2690801Z npm warn EBADENGINE }
2025-10-08T10:09:35.2691056Z npm warn EBADENGINE Unsupported engine {
2025-10-08T10:09:35.2691375Z npm warn EBADENGINE   package: 'ob1@0.83.1',
2025-10-08T10:09:35.2691718Z npm warn EBADENGINE   required: { node: '>=20.19.4' },
2025-10-08T10:09:35.2692129Z npm warn EBADENGINE   current: { node: 'v18.20.8', npm: '10.8.2' }
2025-10-08T10:09:35.2692434Z npm warn EBADENGINE }
2025-10-08T10:09:35.2692683Z npm warn EBADENGINE Unsupported engine {
2025-10-08T10:09:35.2693025Z npm warn EBADENGINE   package: '@expo/server@0.7.5',
2025-10-08T10:09:35.2693396Z npm warn EBADENGINE   required: { node: '>=20.16.0' },
2025-10-08T10:09:35.2693800Z npm warn EBADENGINE   current: { node: 'v18.20.8', npm: '10.8.2' }
2025-10-08T10:09:35.2694118Z npm warn EBADENGINE }
2025-10-08T10:09:35.2699313Z npm warn EBADENGINE Unsupported engine {
2025-10-08T10:09:35.2700076Z npm warn EBADENGINE   package: '@react-native/babel-plugin-codegen@0.81.4',
2025-10-08T10:09:35.2700555Z npm warn EBADENGINE   required: { node: '>= 20.19.4' },
2025-10-08T10:09:35.2700979Z npm warn EBADENGINE   current: { node: 'v18.20.8', npm: '10.8.2' }
2025-10-08T10:09:35.2701354Z npm warn EBADENGINE }
2025-10-08T10:09:35.2701809Z npm warn EBADENGINE Unsupported engine {
2025-10-08T10:09:35.2702483Z npm warn EBADENGINE   package: '@react-native/babel-preset@0.81.4',
2025-10-08T10:09:35.2703065Z npm warn EBADENGINE   required: { node: '>= 20.19.4' },
2025-10-08T10:09:35.2703788Z npm warn EBADENGINE   current: { node: 'v18.20.8', npm: '10.8.2' }
2025-10-08T10:09:35.2704151Z npm warn EBADENGINE }
2025-10-08T10:09:35.2704673Z npm warn EBADENGINE Unsupported engine {
2025-10-08T10:09:35.2705373Z npm warn EBADENGINE   package: '@react-native/codegen@0.81.4',
2025-10-08T10:09:35.2706174Z npm warn EBADENGINE   required: { node: '>= 20.19.4' },
2025-10-08T10:09:35.2706597Z npm warn EBADENGINE   current: { node: 'v18.20.8', npm: '10.8.2' }
2025-10-08T10:09:35.2706914Z npm warn EBADENGINE }
2025-10-08T10:09:35.2707164Z npm warn EBADENGINE Unsupported engine {
2025-10-08T10:09:35.2707576Z npm warn EBADENGINE   package: '@react-native/debugger-frontend@0.81.4',
2025-10-08T10:09:35.2708008Z npm warn EBADENGINE   required: { node: '>= 20.19.4' },
2025-10-08T10:09:35.2708415Z npm warn EBADENGINE   current: { node: 'v18.20.8', npm: '10.8.2' }
2025-10-08T10:09:35.2708730Z npm warn EBADENGINE }
2025-10-08T10:09:35.2734546Z npm warn EBADENGINE Unsupported engine {
2025-10-08T10:09:35.2735151Z npm warn EBADENGINE   package: 'cssstyle@5.3.1',
2025-10-08T10:09:35.2735828Z npm warn EBADENGINE   required: { node: '>=20' },
2025-10-08T10:09:35.2736571Z npm warn EBADENGINE   current: { node: 'v18.20.8', npm: '10.8.2' }
2025-10-08T10:09:35.2737129Z npm warn EBADENGINE }
2025-10-08T10:09:35.2737594Z npm warn EBADENGINE Unsupported engine {
2025-10-08T10:09:35.2737933Z npm warn EBADENGINE   package: 'data-urls@6.0.0',
2025-10-08T10:09:35.2738285Z npm warn EBADENGINE   required: { node: '>=20' },
2025-10-08T10:09:35.2738685Z npm warn EBADENGINE   current: { node: 'v18.20.8', npm: '10.8.2' }
2025-10-08T10:09:35.2739005Z npm warn EBADENGINE }
2025-10-08T10:09:35.2759662Z npm warn EBADENGINE Unsupported engine {
2025-10-08T10:09:35.2760591Z npm warn EBADENGINE   package: '@react-native/dev-middleware@0.81.4',
2025-10-08T10:09:35.2761216Z npm warn EBADENGINE   required: { node: '>= 20.19.4' },
2025-10-08T10:09:35.2761730Z npm warn EBADENGINE   current: { node: 'v18.20.8', npm: '10.8.2' }
2025-10-08T10:09:35.2762124Z npm warn EBADENGINE }
2025-10-08T10:09:35.2794238Z npm warn EBADENGINE Unsupported engine {
2025-10-08T10:09:35.2794980Z npm warn EBADENGINE   package: 'jsdom@27.0.0',
2025-10-08T10:09:35.2795693Z npm warn EBADENGINE   required: { node: '>=20' },
2025-10-08T10:09:35.2796229Z npm warn EBADENGINE   current: { node: 'v18.20.8', npm: '10.8.2' }
2025-10-08T10:09:35.2796647Z npm warn EBADENGINE }
2025-10-08T10:09:35.2803068Z npm warn EBADENGINE Unsupported engine {
2025-10-08T10:09:35.2803660Z npm warn EBADENGINE   package: 'undici@7.14.0',
2025-10-08T10:09:35.2804136Z npm warn EBADENGINE   required: { node: '>=20.18.1' },
2025-10-08T10:09:35.2804551Z npm warn EBADENGINE   current: { node: 'v18.20.8', npm: '10.8.2' }
2025-10-08T10:09:35.2804868Z npm warn EBADENGINE }
2025-10-08T10:09:35.2827894Z npm warn EBADENGINE Unsupported engine {
2025-10-08T10:09:35.2828321Z npm warn EBADENGINE   package: 'tr46@6.0.0',
2025-10-08T10:09:35.2828741Z npm warn EBADENGINE   required: { node: '>=20' },
2025-10-08T10:09:35.2829250Z npm warn EBADENGINE   current: { node: 'v18.20.8', npm: '10.8.2' }
2025-10-08T10:09:35.2829649Z npm warn EBADENGINE }
2025-10-08T10:09:35.2832818Z npm warn EBADENGINE Unsupported engine {
2025-10-08T10:09:35.2833304Z npm warn EBADENGINE   package: 'webidl-conversions@8.0.0',
2025-10-08T10:09:35.2834023Z npm warn EBADENGINE   required: { node: '>=20' },
2025-10-08T10:09:35.2834604Z npm warn EBADENGINE   current: { node: 'v18.20.8', npm: '10.8.2' }
2025-10-08T10:09:35.2835010Z npm warn EBADENGINE }
2025-10-08T10:09:35.2835348Z npm warn EBADENGINE Unsupported engine {
2025-10-08T10:09:35.2835979Z npm warn EBADENGINE   package: 'whatwg-url@15.1.0',
2025-10-08T10:09:35.2836428Z npm warn EBADENGINE   required: { node: '>=20' },
2025-10-08T10:09:35.2836936Z npm warn EBADENGINE   current: { node: 'v18.20.8', npm: '10.8.2' }
2025-10-08T10:09:35.2837334Z npm warn EBADENGINE }
2025-10-08T10:09:38.0970643Z npm warn deprecated node-domexception@1.0.0: Use your platform's native DOMException instead
2025-10-08T10:09:39.2682723Z 
2025-10-08T10:09:39.2683538Z added 101 packages, and audited 103 packages in 5s
2025-10-08T10:09:39.2685176Z 
2025-10-08T10:09:39.2686290Z 17 packages are looking for funding
2025-10-08T10:09:39.2686821Z   run `npm fund` for details
2025-10-08T10:09:39.2694430Z 
2025-10-08T10:09:39.2694790Z found 0 vulnerabilities
2025-10-08T10:09:39.3084963Z ##[group]Run npx playwright install webkit --with-deps
2025-10-08T10:09:39.3085377Z [36;1mnpx playwright install webkit --with-deps[0m
2025-10-08T10:09:39.3085866Z [36;1mnpx playwright install-deps webkit[0m
2025-10-08T10:09:39.3117758Z shell: /usr/bin/bash -e {0}
2025-10-08T10:09:39.3117976Z env:
2025-10-08T10:09:39.3118131Z   CI: true
2025-10-08T10:09:39.3118292Z   NODE_ENV: test
2025-10-08T10:09:39.3118468Z   LIGHTNING_E2E_MODE: true
2025-10-08T10:09:39.3118670Z ##[endgroup]
2025-10-08T10:09:40.4420198Z npm warn exec The following package was not found and will be installed: playwright@1.56.0
2025-10-08T10:09:41.9621156Z ╔═══════════════════════════════════════════════════════════════════════════════╗
2025-10-08T10:09:41.9621952Z ║ WARNING: It looks like you are running 'npx playwright install' without first ║
2025-10-08T10:09:41.9622731Z ║ installing your project's dependencies.                                       ║
2025-10-08T10:09:41.9623925Z ║                                                                               ║
2025-10-08T10:09:41.9624811Z ║ To avoid unexpected behavior, please install your dependencies first, and     ║
2025-10-08T10:09:41.9626077Z ║ then run Playwright's install command:                                        ║
2025-10-08T10:09:41.9626954Z ║                                                                               ║
2025-10-08T10:09:41.9627505Z ║     npm install                                                               ║
2025-10-08T10:09:41.9628256Z ║     npx playwright install                                                    ║
2025-10-08T10:09:41.9629159Z ║                                                                               ║
2025-10-08T10:09:41.9629826Z ║ If your project does not yet depend on Playwright, first install the          ║
2025-10-08T10:09:41.9630565Z ║ applicable npm package (most commonly @playwright/test), and                  ║
2025-10-08T10:09:41.9631331Z ║ then run Playwright's install command to download the browsers:               ║
2025-10-08T10:09:41.9631947Z ║                                                                               ║
2025-10-08T10:09:41.9632520Z ║     npm install @playwright/test                                              ║
2025-10-08T10:09:41.9633169Z ║     npx playwright install                                                    ║
2025-10-08T10:09:41.9633735Z ║                                                                               ║
2025-10-08T10:09:41.9634310Z ╚═══════════════════════════════════════════════════════════════════════════════╝
2025-10-08T10:09:41.9634713Z Installing dependencies...
2025-10-08T10:09:41.9757857Z Switching to root user to install dependencies...
2025-10-08T10:09:42.0507071Z Get:1 file:/etc/apt/apt-mirrors.txt Mirrorlist [144 B]
2025-10-08T10:09:42.0852058Z Hit:2 http://azure.archive.ubuntu.com/ubuntu noble InRelease
2025-10-08T10:09:42.0884462Z Get:3 http://azure.archive.ubuntu.com/ubuntu noble-updates InRelease [126 kB]
2025-10-08T10:09:42.0901452Z Hit:6 https://packages.microsoft.com/repos/azure-cli noble InRelease
2025-10-08T10:09:42.0907780Z Get:4 http://azure.archive.ubuntu.com/ubuntu noble-backports InRelease [126 kB]
2025-10-08T10:09:42.0947201Z Get:5 http://azure.archive.ubuntu.com/ubuntu noble-security InRelease [126 kB]
2025-10-08T10:09:42.0971956Z Get:7 https://packages.microsoft.com/ubuntu/24.04/prod noble InRelease [3600 B]
2025-10-08T10:09:42.2185281Z Get:8 http://azure.archive.ubuntu.com/ubuntu noble-updates/main amd64 Packages [1490 kB]
2025-10-08T10:09:42.2333135Z Get:9 http://azure.archive.ubuntu.com/ubuntu noble-updates/main Translation-en [287 kB]
2025-10-08T10:09:42.2355946Z Get:10 http://azure.archive.ubuntu.com/ubuntu noble-updates/main amd64 Components [175 kB]
2025-10-08T10:09:42.2371328Z Get:11 http://azure.archive.ubuntu.com/ubuntu noble-updates/main amd64 c-n-f Metadata [15.3 kB]
2025-10-08T10:09:42.2383677Z Get:12 http://azure.archive.ubuntu.com/ubuntu noble-updates/universe amd64 Packages [1487 kB]
2025-10-08T10:09:42.2456410Z Get:13 http://azure.archive.ubuntu.com/ubuntu noble-updates/universe Translation-en [300 kB]
2025-10-08T10:09:42.2477000Z Get:14 http://azure.archive.ubuntu.com/ubuntu noble-updates/universe amd64 Components [378 kB]
2025-10-08T10:09:42.2502304Z Get:15 http://azure.archive.ubuntu.com/ubuntu noble-updates/universe amd64 c-n-f Metadata [31.1 kB]
2025-10-08T10:09:42.2512665Z Get:16 http://azure.archive.ubuntu.com/ubuntu noble-updates/restricted amd64 Packages [2068 kB]
2025-10-08T10:09:42.2610917Z Get:17 http://azure.archive.ubuntu.com/ubuntu noble-updates/restricted Translation-en [467 kB]
2025-10-08T10:09:42.3067115Z Get:18 http://azure.archive.ubuntu.com/ubuntu noble-updates/restricted amd64 Components [212 B]
2025-10-08T10:09:42.3072620Z Get:19 http://azure.archive.ubuntu.com/ubuntu noble-updates/multiverse Translation-en [6116 B]
2025-10-08T10:09:42.3080949Z Get:20 http://azure.archive.ubuntu.com/ubuntu noble-updates/multiverse amd64 Components [940 B]
2025-10-08T10:09:42.3251411Z Get:21 http://azure.archive.ubuntu.com/ubuntu noble-backports/main amd64 Components [7156 B]
2025-10-08T10:09:42.3260602Z Get:22 http://azure.archive.ubuntu.com/ubuntu noble-backports/universe amd64 Components [11.0 kB]
2025-10-08T10:09:42.3268837Z Get:23 http://azure.archive.ubuntu.com/ubuntu noble-backports/restricted amd64 Components [216 B]
2025-10-08T10:09:42.3275765Z Get:24 http://azure.archive.ubuntu.com/ubuntu noble-backports/multiverse amd64 Components [212 B]
2025-10-08T10:09:42.3794492Z Get:25 http://azure.archive.ubuntu.com/ubuntu noble-security/main amd64 Packages [1213 kB]
2025-10-08T10:09:42.3861419Z Get:26 http://azure.archive.ubuntu.com/ubuntu noble-security/main Translation-en [202 kB]
2025-10-08T10:09:42.3875235Z Get:27 http://azure.archive.ubuntu.com/ubuntu noble-security/main amd64 Components [21.5 kB]
2025-10-08T10:09:42.3888134Z Get:28 http://azure.archive.ubuntu.com/ubuntu noble-security/main amd64 c-n-f Metadata [8748 B]
2025-10-08T10:09:42.3894255Z Get:29 http://azure.archive.ubuntu.com/ubuntu noble-security/universe amd64 Packages [882 kB]
2025-10-08T10:09:42.3940821Z Get:30 http://azure.archive.ubuntu.com/ubuntu noble-security/universe Translation-en [196 kB]
2025-10-08T10:09:42.3957586Z Get:31 http://azure.archive.ubuntu.com/ubuntu noble-security/universe amd64 Components [52.3 kB]
2025-10-08T10:09:42.4428753Z Get:32 http://azure.archive.ubuntu.com/ubuntu noble-security/universe amd64 c-n-f Metadata [18.1 kB]
2025-10-08T10:09:42.4459970Z Get:33 http://azure.archive.ubuntu.com/ubuntu noble-security/restricted amd64 Packages [1967 kB]
2025-10-08T10:09:42.4552410Z Get:34 http://azure.archive.ubuntu.com/ubuntu noble-security/restricted Translation-en [448 kB]
2025-10-08T10:09:42.4584774Z Get:35 http://azure.archive.ubuntu.com/ubuntu noble-security/restricted amd64 Components [212 B]
2025-10-08T10:09:42.4601416Z Get:36 http://azure.archive.ubuntu.com/ubuntu noble-security/multiverse Translation-en [5844 B]
2025-10-08T10:09:42.4608715Z Get:37 http://azure.archive.ubuntu.com/ubuntu noble-security/multiverse amd64 Components [212 B]
2025-10-08T10:09:42.4629196Z Get:38 https://packages.microsoft.com/ubuntu/24.04/prod noble/main amd64 Packages [60.3 kB]
2025-10-08T10:09:42.4697422Z Get:39 https://packages.microsoft.com/ubuntu/24.04/prod noble/main armhf Packages [10.5 kB]
2025-10-08T10:09:42.4799565Z Get:40 https://packages.microsoft.com/ubuntu/24.04/prod noble/main arm64 Packages [43.1 kB]
2025-10-08T10:09:51.3322150Z Fetched 12.2 MB in 1s (8633 kB/s)
2025-10-08T10:09:52.1717630Z Reading package lists...
2025-10-08T10:09:52.1977579Z Reading package lists...
2025-10-08T10:09:52.4136676Z Building dependency tree...
2025-10-08T10:09:52.4144151Z Reading state information...
2025-10-08T10:09:52.6519709Z libicu74 is already the newest version (74.2-1ubuntu3.1).
2025-10-08T10:09:52.6520799Z libatomic1 is already the newest version (14.2.0-4ubuntu2~24.04).
2025-10-08T10:09:52.6521646Z libatomic1 set to manually installed.
2025-10-08T10:09:52.6522241Z libatk-bridge2.0-0t64 is already the newest version (2.52.0-1build1).
2025-10-08T10:09:52.6523365Z libatk-bridge2.0-0t64 set to manually installed.
2025-10-08T10:09:52.6524212Z libatk1.0-0t64 is already the newest version (2.52.0-1build1).
2025-10-08T10:09:52.6524711Z libatk1.0-0t64 set to manually installed.
2025-10-08T10:09:52.6525257Z libcairo-gobject2 is already the newest version (1.18.0-3build1).
2025-10-08T10:09:52.6526100Z libcairo-gobject2 set to manually installed.
2025-10-08T10:09:52.6526682Z libcairo2 is already the newest version (1.18.0-3build1).
2025-10-08T10:09:52.6527190Z libcairo2 set to manually installed.
2025-10-08T10:09:52.6527633Z libdbus-1-3 is already the newest version (1.14.10-4ubuntu4.1).
2025-10-08T10:09:52.6528065Z libdbus-1-3 set to manually installed.
2025-10-08T10:09:52.6528517Z libdrm2 is already the newest version (2.4.122-1~ubuntu0.24.04.1).
2025-10-08T10:09:52.6528927Z libdrm2 set to manually installed.
2025-10-08T10:09:52.6529337Z libenchant-2-2 is already the newest version (2.3.3-2build2).
2025-10-08T10:09:52.6530022Z libenchant-2-2 set to manually installed.
2025-10-08T10:09:52.6530441Z libepoxy0 is already the newest version (1.5.10-1build1).
2025-10-08T10:09:52.6530834Z libepoxy0 set to manually installed.
2025-10-08T10:09:52.6531272Z libfontconfig1 is already the newest version (2.15.0-1.1ubuntu2).
2025-10-08T10:09:52.6531709Z libfontconfig1 set to manually installed.
2025-10-08T10:09:52.6532163Z libfreetype6 is already the newest version (2.13.2+dfsg-1build3).
2025-10-08T10:09:52.6532586Z libfreetype6 set to manually installed.
2025-10-08T10:09:52.6533030Z libgbm1 is already the newest version (25.0.7-0ubuntu0.24.04.2).
2025-10-08T10:09:52.6533431Z libgbm1 set to manually installed.
2025-10-08T10:09:52.6533966Z libgdk-pixbuf-2.0-0 is already the newest version (2.42.10+dfsg-3ubuntu3.2).
2025-10-08T10:09:52.6534460Z libgdk-pixbuf-2.0-0 set to manually installed.
2025-10-08T10:09:52.6534941Z libglib2.0-0t64 is already the newest version (2.80.0-6ubuntu3.4).
2025-10-08T10:09:52.6535496Z libglib2.0-0t64 set to manually installed.
2025-10-08T10:09:52.6536190Z libgstreamer1.0-0 is already the newest version (1.24.2-1ubuntu0.1).
2025-10-08T10:09:52.6536608Z libgstreamer1.0-0 set to manually installed.
2025-10-08T10:09:52.6536997Z libharfbuzz0b is already the newest version (8.3.0-2build2).
2025-10-08T10:09:52.6537347Z libharfbuzz0b set to manually installed.
2025-10-08T10:09:52.6537728Z libjpeg-turbo8 is already the newest version (2.1.5-2ubuntu2).
2025-10-08T10:09:52.6538093Z libjpeg-turbo8 set to manually installed.
2025-10-08T10:09:52.6538454Z liblcms2-2 is already the newest version (2.14-2build1).
2025-10-08T10:09:52.6539014Z liblcms2-2 set to manually installed.
2025-10-08T10:09:52.6539393Z libpango-1.0-0 is already the newest version (1.52.1+ds-1build1).
2025-10-08T10:09:52.6539761Z libpango-1.0-0 set to manually installed.
2025-10-08T10:09:52.6540168Z libpangocairo-1.0-0 is already the newest version (1.52.1+ds-1build1).
2025-10-08T10:09:52.6540572Z libpangocairo-1.0-0 set to manually installed.
2025-10-08T10:09:52.6541080Z libpng16-16t64 is already the newest version (1.6.43-5build1).
2025-10-08T10:09:52.6541438Z libpng16-16t64 set to manually installed.
2025-10-08T10:09:52.6541840Z libwayland-client0 is already the newest version (1.22.0-2.1build1).
2025-10-08T10:09:52.6542329Z libwayland-client0 set to manually installed.
2025-10-08T10:09:52.6542731Z libwayland-egl1 is already the newest version (1.22.0-2.1build1).
2025-10-08T10:09:52.6543109Z libwayland-egl1 set to manually installed.
2025-10-08T10:09:52.6543517Z libwayland-server0 is already the newest version (1.22.0-2.1build1).
2025-10-08T10:09:52.6543912Z libwayland-server0 set to manually installed.
2025-10-08T10:09:52.6544285Z libwebp7 is already the newest version (1.3.2-0.4build3).
2025-10-08T10:09:52.6544616Z libwebp7 set to manually installed.
2025-10-08T10:09:52.6544983Z libwebpdemux2 is already the newest version (1.3.2-0.4build3).
2025-10-08T10:09:52.6545347Z libwebpdemux2 set to manually installed.
2025-10-08T10:09:52.6546087Z libx11-6 is already the newest version (2:1.8.7-1build1).
2025-10-08T10:09:52.6546443Z libx11-6 set to manually installed.
2025-10-08T10:09:52.6546807Z libxkbcommon0 is already the newest version (1.6.0-1build1).
2025-10-08T10:09:52.6547163Z libxkbcommon0 set to manually installed.
2025-10-08T10:09:52.6547546Z libxml2 is already the newest version (2.9.14+dfsg-1.3ubuntu3.5).
2025-10-08T10:09:52.6547893Z libxml2 set to manually installed.
2025-10-08T10:09:52.6548286Z libxslt1.1 is already the newest version (1.1.39-0exp1ubuntu0.24.04.2).
2025-10-08T10:09:52.6548758Z libxslt1.1 set to manually installed.
2025-10-08T10:09:52.6549122Z xvfb is already the newest version (2:21.1.12-1ubuntu1.4).
2025-10-08T10:09:52.6549608Z fonts-noto-color-emoji is already the newest version (2.047-0ubuntu0.24.04.1).
2025-10-08T10:09:52.6550091Z fonts-liberation is already the newest version (1:2.1.5-3).
2025-10-08T10:09:52.6550466Z fonts-liberation set to manually installed.
2025-10-08T10:09:52.6550825Z The following additional packages will be installed:
2025-10-08T10:09:52.6551400Z   glib-networking glib-networking-common glib-networking-services
2025-10-08T10:09:52.6551878Z   gsettings-desktop-schemas libaa1 libabsl20220623t64 libass9 libasyncns0
2025-10-08T10:09:52.6552379Z   libavc1394-0 libavcodec60 libavfilter9 libavformat60 libavtp0 libavutil58
2025-10-08T10:09:52.6552861Z   libblas3 libbluray2 libbs2b0 libcaca0 libcairo-script-interpreter2
2025-10-08T10:09:52.6553320Z   libcdparanoia0 libchromaprint1 libcjson1 libcodec2-1.2 libdav1d7
2025-10-08T10:09:52.6553790Z   libdc1394-25 libdca0 libdecor-0-0 libdirectfb-1.7-7t64 libdv4t64 libdvdnav4
2025-10-08T10:09:52.6554282Z   libdvdread8t64 libegl-mesa0 libegl1 libfaad2 libflac12t64 libfluidsynth3
2025-10-08T10:09:52.6554768Z   libfreeaptx0 libgav1-1 libgme0 libgraphene-1.0-0 libgsm1 libgssdp-1.6-0
2025-10-08T10:09:52.6555230Z   libgstreamer-plugins-good1.0-0 libgtk-4-common libgupnp-1.6-0
2025-10-08T10:09:52.6555792Z   libgupnp-igd-1.6-0 libhwy1t64 libiec61883-0 libimath-3-1-29t64
2025-10-08T10:09:52.6556269Z   libinstpatch-1.0-2 libjack-jackd2-0 libjxl0.7 liblapack3 liblc3-1
2025-10-08T10:09:52.6556728Z   libldacbt-enc2 liblilv-0-0 liblrdf0 libltc11 libmbedcrypto7t64 libmfx1
2025-10-08T10:09:52.6557160Z   libmjpegutils-2.1-0t64 libmodplug1 libmp3lame0 libmpcdec6
2025-10-08T10:09:52.6557598Z   libmpeg2encpp-2.1-0t64 libmpg123-0t64 libmplex2-2.1-0t64 libmysofa1
2025-10-08T10:09:52.6558052Z   libneon27t64 libnice10 libopenal-data libopenal1 libopenexr-3-1-30
2025-10-08T10:09:52.6558480Z   libopenh264-7 libopenmpt0t64 libopenni2-0 liborc-0.4-0t64
2025-10-08T10:09:52.6558903Z   libpipewire-0.3-0t64 libplacebo338 libpocketsphinx3 libpostproc57
2025-10-08T10:09:52.6559368Z   libproxy1v5 libpulse0 libqrencode4 libraptor2-0 librav1e0 libraw1394-11
2025-10-08T10:09:52.6559851Z   librist4 librsvg2-2 librubberband2 libsamplerate0 libsbc1 libsdl2-2.0-0
2025-10-08T10:09:52.6560334Z   libsecret-common libserd-0-0 libshine3 libshout3 libsndfile1 libsndio7.0
2025-10-08T10:09:52.6560823Z   libsord-0-0 libsoundtouch1 libsoup-3.0-0 libsoup-3.0-common libsoxr0
2025-10-08T10:09:52.6561314Z   libspa-0.2-modules libspandsp2t64 libspeex1 libsphinxbase3t64 libsratom-0-0
2025-10-08T10:09:52.6561818Z   libsrt1.5-gnutls libsrtp2-1 libssh-gcrypt-4 libsvtav1enc1d1 libswresample4
2025-10-08T10:09:52.6562320Z   libswscale7 libtag1v5 libtag1v5-vanilla libtheora0 libtwolame0 libudfread0
2025-10-08T10:09:52.6562811Z   libunibreak5 libv4l-0t64 libv4lconvert0t64 libva-drm2 libva-x11-2 libva2
2025-10-08T10:09:52.6563292Z   libvdpau1 libvidstab1.1 libvisual-0.4-0 libvo-aacenc0 libvo-amrwbenc0
2025-10-08T10:09:52.6563794Z   libvorbisenc2 libvpl2 libwavpack1 libwebrtc-audio-processing1 libwildmidi2
2025-10-08T10:09:52.6564295Z   libx265-199 libxcb-xkb1 libxkbcommon-x11-0 libxvidcore4 libyuv0 libzbar0t64
2025-10-08T10:09:52.6564823Z   libzimg2 libzix-0-0 libzvbi-common libzvbi0t64 libzxing3 ocl-icd-libopencl1
2025-10-08T10:09:52.6565312Z   session-migration timgm6mb-soundfont xfonts-encodings xfonts-utils
2025-10-08T10:09:52.6566059Z Suggested packages:
2025-10-08T10:09:52.6566700Z   frei0r-plugins gvfs libcuda1 libnvcuvid1 libnvidia-encode1 libbluray-bdj
2025-10-08T10:09:52.6567207Z   libdirectfb-extra libdv-bin oss-compat libdvdcss2 libvisual-0.4-plugins
2025-10-08T10:09:52.6567681Z   jackd2 liblrdf0-dev libportaudio2 opus-tools pipewire pulseaudio
2025-10-08T10:09:52.6568129Z   raptor2-utils libraw1394-doc librsvg2-bin serdi sndiod sordi speex
2025-10-08T10:09:52.6568529Z   libwildmidi-config opencl-icd fluid-soundfont-gm
2025-10-08T10:09:52.6568824Z Recommended packages:
2025-10-08T10:09:52.6569130Z   fonts-ipafont-mincho fonts-tlwg-loma gstreamer1.0-x libaacs0
2025-10-08T10:09:52.6569582Z   default-libdecor-0-plugin-1 | libdecor-0-plugin-1 gstreamer1.0-gl
2025-10-08T10:09:52.6570085Z   libgtk-4-bin librsvg2-common libgtk-4-media-gstreamer libpipewire-0.3-common
2025-10-08T10:09:52.6570652Z   pocketsphinx-en-us va-driver-all | va-driver vdpau-driver-all | vdpau-driver
2025-10-08T10:09:52.6571018Z   libmagickcore-6.q16-7-extra
2025-10-08T10:09:52.7252664Z The following NEW packages will be installed:
2025-10-08T10:09:52.7253601Z   fonts-freefont-ttf fonts-ipafont-gothic fonts-tlwg-loma-otf fonts-unifont
2025-10-08T10:09:52.7254517Z   fonts-wqy-zenhei glib-networking glib-networking-common
2025-10-08T10:09:52.7255387Z   glib-networking-services gsettings-desktop-schemas gstreamer1.0-libav
2025-10-08T10:09:52.7256614Z   gstreamer1.0-plugins-bad gstreamer1.0-plugins-base gstreamer1.0-plugins-good
2025-10-08T10:09:52.7257678Z   libaa1 libabsl20220623t64 libass9 libasyncns0 libavc1394-0 libavcodec60
2025-10-08T10:09:52.7258611Z   libavfilter9 libavformat60 libavif16 libavtp0 libavutil58 libblas3
2025-10-08T10:09:52.7259570Z   libbluray2 libbs2b0 libcaca0 libcairo-script-interpreter2 libcdparanoia0
2025-10-08T10:09:52.7260555Z   libchromaprint1 libcjson1 libcodec2-1.2 libdav1d7 libdc1394-25 libdca0
2025-10-08T10:09:52.7261501Z   libdecor-0-0 libdirectfb-1.7-7t64 libdv4t64 libdvdnav4 libdvdread8t64
2025-10-08T10:09:52.7262466Z   libegl-mesa0 libegl1 libevent-2.1-7t64 libfaad2 libflac12t64 libflite1
2025-10-08T10:09:52.7263422Z   libfluidsynth3 libfreeaptx0 libgav1-1 libgles2 libgme0 libgraphene-1.0-0
2025-10-08T10:09:52.7264384Z   libgsm1 libgssdp-1.6-0 libgstreamer-gl1.0-0 libgstreamer-plugins-bad1.0-0
2025-10-08T10:09:52.7265379Z   libgstreamer-plugins-base1.0-0 libgstreamer-plugins-good1.0-0 libgtk-4-1
2025-10-08T10:09:52.7266561Z   libgtk-4-common libgupnp-1.6-0 libgupnp-igd-1.6-0 libharfbuzz-icu0
2025-10-08T10:09:52.7267521Z   libhwy1t64 libhyphen0 libiec61883-0 libimath-3-1-29t64 libinstpatch-1.0-2
2025-10-08T10:09:52.7268502Z   libjack-jackd2-0 libjxl0.7 liblapack3 liblc3-1 libldacbt-enc2 liblilv-0-0
2025-10-08T10:09:52.7269397Z   liblrdf0 libltc11 libmanette-0.2-0 libmbedcrypto7t64 libmfx1
2025-10-08T10:09:52.7270200Z   libmjpegutils-2.1-0t64 libmodplug1 libmp3lame0 libmpcdec6
2025-10-08T10:09:52.7271046Z   libmpeg2encpp-2.1-0t64 libmpg123-0t64 libmplex2-2.1-0t64 libmysofa1
2025-10-08T10:09:52.7271943Z   libneon27t64 libnice10 libopenal-data libopenal1 libopenexr-3-1-30
2025-10-08T10:09:52.7272887Z   libopenh264-7 libopenmpt0t64 libopenni2-0 libopus0 liborc-0.4-0t64
2025-10-08T10:09:52.7273649Z   libpipewire-0.3-0t64 libplacebo338 libpocketsphinx3 libpostproc57
2025-10-08T10:09:52.7274370Z   libproxy1v5 libpulse0 libqrencode4 libraptor2-0 librav1e0 libraw1394-11
2025-10-08T10:09:52.7275111Z   librist4 librsvg2-2 librubberband2 libsamplerate0 libsbc1 libsdl2-2.0-0
2025-10-08T10:09:52.7276097Z   libsecret-1-0 libsecret-common libserd-0-0 libshine3 libshout3 libsndfile1
2025-10-08T10:09:52.7276845Z   libsndio7.0 libsord-0-0 libsoundtouch1 libsoup-3.0-0 libsoup-3.0-common
2025-10-08T10:09:52.7277614Z   libsoxr0 libspa-0.2-modules libspandsp2t64 libspeex1 libsphinxbase3t64
2025-10-08T10:09:52.7278385Z   libsratom-0-0 libsrt1.5-gnutls libsrtp2-1 libssh-gcrypt-4 libsvtav1enc1d1
2025-10-08T10:09:52.7279102Z   libswresample4 libswscale7 libtag1v5 libtag1v5-vanilla libtheora0
2025-10-08T10:09:52.7279861Z   libtwolame0 libudfread0 libunibreak5 libv4l-0t64 libv4lconvert0t64
2025-10-08T10:09:52.7280992Z   libva-drm2 libva-x11-2 libva2 libvdpau1 libvidstab1.1 libvisual-0.4-0
2025-10-08T10:09:52.7281737Z   libvo-aacenc0 libvo-amrwbenc0 libvorbisenc2 libvpl2 libvpx9 libwavpack1
2025-10-08T10:09:52.7282527Z   libwebrtc-audio-processing1 libwildmidi2 libwoff1 libx264-164 libx265-199
2025-10-08T10:09:52.7283344Z   libxcb-xkb1 libxkbcommon-x11-0 libxvidcore4 libyuv0 libzbar0t64 libzimg2
2025-10-08T10:09:52.7284106Z   libzix-0-0 libzvbi-common libzvbi0t64 libzxing3 ocl-icd-libopencl1
2025-10-08T10:09:52.7284872Z   session-migration timgm6mb-soundfont xfonts-cyrillic xfonts-encodings
2025-10-08T10:09:52.7285486Z   xfonts-scalable xfonts-utils
2025-10-08T10:09:52.7539403Z 0 upgraded, 179 newly installed, 0 to remove and 21 not upgraded.
2025-10-08T10:09:52.7540123Z Need to get 114 MB of archives.
2025-10-08T10:09:52.7540953Z After this operation, 363 MB of additional disk space will be used.
2025-10-08T10:09:52.7541834Z Get:1 file:/etc/apt/apt-mirrors.txt Mirrorlist [144 B]
2025-10-08T10:09:52.7860898Z Get:2 http://azure.archive.ubuntu.com/ubuntu noble/universe amd64 fonts-ipafont-gothic all 00303-21ubuntu1 [3513 kB]
2025-10-08T10:09:52.8400845Z Get:3 http://azure.archive.ubuntu.com/ubuntu noble/main amd64 fonts-freefont-ttf all 20211204+svn4273-2 [5641 kB]
2025-10-08T10:09:52.9170100Z Get:4 http://azure.archive.ubuntu.com/ubuntu noble/universe amd64 fonts-tlwg-loma-otf all 1:0.7.3-1 [107 kB]
2025-10-08T10:09:52.9315985Z Get:5 http://azure.archive.ubuntu.com/ubuntu noble/universe amd64 fonts-unifont all 1:15.1.01-1build1 [2993 kB]
2025-10-08T10:09:52.9796380Z Get:6 http://azure.archive.ubuntu.com/ubuntu noble/universe amd64 fonts-wqy-zenhei all 0.9.45-8 [7472 kB]
2025-10-08T10:09:53.0718415Z Get:7 http://azure.archive.ubuntu.com/ubuntu noble/main amd64 libproxy1v5 amd64 0.5.4-4build1 [26.5 kB]
2025-10-08T10:09:53.0867969Z Get:8 http://azure.archive.ubuntu.com/ubuntu noble/main amd64 glib-networking-common all 2.80.0-1build1 [6702 B]
2025-10-08T10:09:53.1010149Z Get:9 http://azure.archive.ubuntu.com/ubuntu noble/main amd64 glib-networking-services amd64 2.80.0-1build1 [12.8 kB]
2025-10-08T10:09:53.1241599Z Get:10 http://azure.archive.ubuntu.com/ubuntu noble/main amd64 session-migration amd64 0.3.9build1 [9034 B]
2025-10-08T10:09:53.1386958Z Get:11 http://azure.archive.ubuntu.com/ubuntu noble-updates/main amd64 gsettings-desktop-schemas all 46.1-0ubuntu1 [35.6 kB]
2025-10-08T10:09:53.1532440Z Get:12 http://azure.archive.ubuntu.com/ubuntu noble/main amd64 glib-networking amd64 2.80.0-1build1 [64.1 kB]
2025-10-08T10:09:53.1684259Z Get:13 http://azure.archive.ubuntu.com/ubuntu noble/universe amd64 libva2 amd64 2.20.0-2build1 [66.2 kB]
2025-10-08T10:09:53.1832771Z Get:14 http://azure.archive.ubuntu.com/ubuntu noble/universe amd64 libva-drm2 amd64 2.20.0-2build1 [7124 B]
2025-10-08T10:09:53.1972627Z Get:15 http://azure.archive.ubuntu.com/ubuntu noble/universe amd64 libva-x11-2 amd64 2.20.0-2build1 [12.0 kB]
2025-10-08T10:09:53.2121095Z Get:16 http://azure.archive.ubuntu.com/ubuntu noble/main amd64 libvdpau1 amd64 1.5-2build1 [27.8 kB]
2025-10-08T10:09:53.2269292Z Get:17 http://azure.archive.ubuntu.com/ubuntu noble/universe amd64 libvpl2 amd64 2023.3.0-1build1 [99.8 kB]
2025-10-08T10:09:53.2420948Z Get:18 http://azure.archive.ubuntu.com/ubuntu noble/universe amd64 ocl-icd-libopencl1 amd64 2.3.2-1build1 [38.5 kB]
2025-10-08T10:09:53.2568930Z Get:19 http://azure.archive.ubuntu.com/ubuntu noble/universe amd64 libavutil58 amd64 7:6.1.1-3ubuntu5 [401 kB]
2025-10-08T10:09:53.3158046Z Get:20 http://azure.archive.ubuntu.com/ubuntu noble/universe amd64 libcodec2-1.2 amd64 1.2.0-2build1 [8998 kB]
2025-10-08T10:09:53.4389474Z Get:21 http://azure.archive.ubuntu.com/ubuntu noble/universe amd64 libdav1d7 amd64 1.4.1-1build1 [604 kB]
2025-10-08T10:09:53.4667816Z Get:22 http://azure.archive.ubuntu.com/ubuntu noble/universe amd64 libgsm1 amd64 1.0.22-1build1 [27.8 kB]
2025-10-08T10:09:53.4822588Z Get:23 http://azure.archive.ubuntu.com/ubuntu noble/universe amd64 libhwy1t64 amd64 1.0.7-8.1build1 [584 kB]
2025-10-08T10:09:53.5090008Z Get:24 http://azure.archive.ubuntu.com/ubuntu noble-updates/universe amd64 libjxl0.7 amd64 0.7.0-10.2ubuntu6.1 [1001 kB]
2025-10-08T10:09:53.5427160Z Get:25 http://azure.archive.ubuntu.com/ubuntu noble/main amd64 libmp3lame0 amd64 3.100-6build1 [142 kB]
2025-10-08T10:09:53.5577799Z Get:26 http://azure.archive.ubuntu.com/ubuntu noble/main amd64 libopus0 amd64 1.4-1build1 [208 kB]
2025-10-08T10:09:53.5732545Z Get:27 http://azure.archive.ubuntu.com/ubuntu noble/universe amd64 librav1e0 amd64 0.7.1-2 [1022 kB]
2025-10-08T10:09:53.6079595Z Get:28 http://azure.archive.ubuntu.com/ubuntu noble/main amd64 librsvg2-2 amd64 2.58.0+dfsg-1build1 [2135 kB]
2025-10-08T10:09:53.6540504Z Get:29 http://azure.archive.ubuntu.com/ubuntu noble/universe amd64 libshine3 amd64 3.1.1-2build1 [23.2 kB]
2025-10-08T10:09:53.6707845Z Get:30 http://azure.archive.ubuntu.com/ubuntu noble-updates/main amd64 libspeex1 amd64 1.2.1-2ubuntu2.24.04.1 [59.6 kB]
2025-10-08T10:09:53.6875068Z Get:31 http://azure.archive.ubuntu.com/ubuntu noble/universe amd64 libsvtav1enc1d1 amd64 1.7.0+dfsg-2build1 [2425 kB]
2025-10-08T10:09:53.7495502Z Get:32 http://azure.archive.ubuntu.com/ubuntu noble/universe amd64 libsoxr0 amd64 0.1.3-4build3 [80.0 kB]
2025-10-08T10:09:53.7646209Z Get:33 http://azure.archive.ubuntu.com/ubuntu noble/universe amd64 libswresample4 amd64 7:6.1.1-3ubuntu5 [63.8 kB]
2025-10-08T10:09:53.7802382Z Get:34 http://azure.archive.ubuntu.com/ubuntu noble/main amd64 libtheora0 amd64 1.1.1+dfsg.1-16.1build3 [211 kB]
2025-10-08T10:09:53.7959217Z Get:35 http://azure.archive.ubuntu.com/ubuntu noble/main amd64 libtwolame0 amd64 0.4.0-2build3 [52.3 kB]
2025-10-08T10:09:53.8118809Z Get:36 http://azure.archive.ubuntu.com/ubuntu noble/main amd64 libvorbisenc2 amd64 1.3.7-1build3 [80.8 kB]
2025-10-08T10:09:53.8270169Z Get:37 http://azure.archive.ubuntu.com/ubuntu noble-updates/main amd64 libvpx9 amd64 1.14.0-1ubuntu2.2 [1143 kB]
2025-10-08T10:09:53.8585221Z Get:38 http://azure.archive.ubuntu.com/ubuntu noble/universe amd64 libx264-164 amd64 2:0.164.3108+git31e19f9-1 [604 kB]
2025-10-08T10:09:53.9278590Z Get:39 http://azure.archive.ubuntu.com/ubuntu noble/universe amd64 libx265-199 amd64 3.5-2build1 [1226 kB]
2025-10-08T10:09:53.9609795Z Get:40 http://azure.archive.ubuntu.com/ubuntu noble/universe amd64 libxvidcore4 amd64 2:1.3.7-1build1 [219 kB]
2025-10-08T10:09:53.9766300Z Get:41 http://azure.archive.ubuntu.com/ubuntu noble/universe amd64 libzvbi-common all 0.2.42-2 [42.4 kB]
2025-10-08T10:09:53.9909037Z Get:42 http://azure.archive.ubuntu.com/ubuntu noble/universe amd64 libzvbi0t64 amd64 0.2.42-2 [261 kB]
2025-10-08T10:09:54.0076536Z Get:43 http://azure.archive.ubuntu.com/ubuntu noble/universe amd64 libavcodec60 amd64 7:6.1.1-3ubuntu5 [5851 kB]
2025-10-08T10:09:54.0899915Z Get:44 http://azure.archive.ubuntu.com/ubuntu noble/universe amd64 libunibreak5 amd64 5.1-2build1 [25.0 kB]
2025-10-08T10:09:54.1050317Z Get:45 http://azure.archive.ubuntu.com/ubuntu noble/universe amd64 libass9 amd64 1:0.17.1-2build1 [104 kB]
2025-10-08T10:09:54.1212510Z Get:46 http://azure.archive.ubuntu.com/ubuntu noble/universe amd64 libudfread0 amd64 1.1.2-1build1 [19.0 kB]
2025-10-08T10:09:54.1360418Z Get:47 http://azure.archive.ubuntu.com/ubuntu noble/universe amd64 libbluray2 amd64 1:1.3.4-1build1 [159 kB]
2025-10-08T10:09:54.1523143Z Get:48 http://azure.archive.ubuntu.com/ubuntu noble/universe amd64 libchromaprint1 amd64 1.5.1-5 [30.5 kB]
2025-10-08T10:09:54.1701983Z Get:49 http://azure.archive.ubuntu.com/ubuntu noble/universe amd64 libgme0 amd64 0.6.3-7build1 [134 kB]
2025-10-08T10:09:54.1863310Z Get:50 http://azure.archive.ubuntu.com/ubuntu noble-updates/main amd64 libmpg123-0t64 amd64 1.32.5-1ubuntu1.1 [169 kB]
2025-10-08T10:09:54.2029846Z Get:51 http://azure.archive.ubuntu.com/ubuntu noble/universe amd64 libopenmpt0t64 amd64 0.7.3-1.1build3 [647 kB]
2025-10-08T10:09:54.2323552Z Get:52 http://azure.archive.ubuntu.com/ubuntu noble/universe amd64 libcjson1 amd64 1.7.17-1 [24.8 kB]
2025-10-08T10:09:54.2473882Z Get:53 http://azure.archive.ubuntu.com/ubuntu noble/universe amd64 libmbedcrypto7t64 amd64 2.28.8-1 [209 kB]
2025-10-08T10:09:54.2666644Z Get:54 http://azure.archive.ubuntu.com/ubuntu noble/universe amd64 librist4 amd64 0.2.10+dfsg-2 [74.9 kB]
2025-10-08T10:09:54.2819617Z Get:55 http://azure.archive.ubuntu.com/ubuntu noble/universe amd64 libsrt1.5-gnutls amd64 1.5.3-1build2 [316 kB]
2025-10-08T10:09:54.2998366Z Get:56 http://azure.archive.ubuntu.com/ubuntu noble-updates/main amd64 libssh-gcrypt-4 amd64 0.10.6-2ubuntu0.1 [224 kB]
2025-10-08T10:09:54.3164190Z Get:57 http://azure.archive.ubuntu.com/ubuntu noble/universe amd64 libavformat60 amd64 7:6.1.1-3ubuntu5 [1153 kB]
2025-10-08T10:09:54.3918869Z Get:58 http://azure.archive.ubuntu.com/ubuntu noble/universe amd64 libbs2b0 amd64 3.1.0+dfsg-7build1 [10.6 kB]
2025-10-08T10:09:54.4066733Z Get:59 http://azure.archive.ubuntu.com/ubuntu noble/universe amd64 libflite1 amd64 2.2-6build3 [13.6 MB]
2025-10-08T10:09:54.5358064Z Get:60 http://azure.archive.ubuntu.com/ubuntu noble/universe amd64 libserd-0-0 amd64 0.32.2-1 [43.6 kB]
2025-10-08T10:09:54.5508223Z Get:61 http://azure.archive.ubuntu.com/ubuntu noble/universe amd64 libzix-0-0 amd64 0.4.2-2build1 [23.6 kB]
2025-10-08T10:09:54.5657807Z Get:62 http://azure.archive.ubuntu.com/ubuntu noble/universe amd64 libsord-0-0 amd64 0.16.16-2build1 [15.8 kB]
2025-10-08T10:09:54.5812664Z Get:63 http://azure.archive.ubuntu.com/ubuntu noble/universe amd64 libsratom-0-0 amd64 0.6.16-1build1 [17.3 kB]
2025-10-08T10:09:54.5969754Z Get:64 http://azure.archive.ubuntu.com/ubuntu noble/universe amd64 liblilv-0-0 amd64 0.24.22-1build1 [41.0 kB]
2025-10-08T10:09:54.6121587Z Get:65 http://azure.archive.ubuntu.com/ubuntu noble/universe amd64 libmysofa1 amd64 1.3.2+dfsg-2ubuntu2 [1158 kB]
2025-10-08T10:09:54.6462790Z Get:66 http://azure.archive.ubuntu.com/ubuntu noble/universe amd64 libplacebo338 amd64 6.338.2-2build1 [2654 kB]
2025-10-08T10:09:54.7009013Z Get:67 http://azure.archive.ubuntu.com/ubuntu noble-updates/main amd64 libblas3 amd64 3.12.0-3build1.1 [238 kB]
2025-10-08T10:09:54.7175421Z Get:68 http://azure.archive.ubuntu.com/ubuntu noble-updates/main amd64 liblapack3 amd64 3.12.0-3build1.1 [2646 kB]
2025-10-08T10:09:54.7663703Z Get:69 http://azure.archive.ubuntu.com/ubuntu noble/main amd64 libasyncns0 amd64 0.8-6build4 [11.3 kB]
2025-10-08T10:09:54.7812197Z Get:70 http://azure.archive.ubuntu.com/ubuntu noble/main amd64 libflac12t64 amd64 1.4.3+ds-2.1ubuntu2 [197 kB]
2025-10-08T10:09:54.7974611Z Get:71 http://azure.archive.ubuntu.com/ubuntu noble-updates/main amd64 libsndfile1 amd64 1.2.2-1ubuntu5.24.04.1 [209 kB]
2025-10-08T10:09:54.8192114Z Get:72 http://azure.archive.ubuntu.com/ubuntu noble-updates/main amd64 libpulse0 amd64 1:16.1+dfsg1-2ubuntu10.1 [292 kB]
2025-10-08T10:09:54.8354716Z Get:73 http://azure.archive.ubuntu.com/ubuntu noble/universe amd64 libsphinxbase3t64 amd64 0.8+5prealpha+1-17build2 [126 kB]
2025-10-08T10:09:54.8514362Z Get:74 http://azure.archive.ubuntu.com/ubuntu noble/universe amd64 libpocketsphinx3 amd64 0.8.0+real5prealpha+1-15ubuntu5 [133 kB]
2025-10-08T10:09:54.8668659Z Get:75 http://azure.archive.ubuntu.com/ubuntu noble/universe amd64 libpostproc57 amd64 7:6.1.1-3ubuntu5 [49.9 kB]
2025-10-08T10:09:54.9247493Z Get:76 http://azure.archive.ubuntu.com/ubuntu noble/main amd64 libsamplerate0 amd64 0.2.2-4build1 [1344 kB]
2025-10-08T10:09:54.9576937Z Get:77 http://azure.archive.ubuntu.com/ubuntu noble/universe amd64 librubberband2 amd64 3.3.0+dfsg-2build1 [130 kB]
2025-10-08T10:09:54.9730583Z Get:78 http://azure.archive.ubuntu.com/ubuntu noble/universe amd64 libswscale7 amd64 7:6.1.1-3ubuntu5 [193 kB]
2025-10-08T10:09:54.9890216Z Get:79 http://azure.archive.ubuntu.com/ubuntu noble/universe amd64 libvidstab1.1 amd64 1.1.0-2build1 [38.5 kB]
2025-10-08T10:09:55.0035453Z Get:80 http://azure.archive.ubuntu.com/ubuntu noble/universe amd64 libzimg2 amd64 3.0.5+ds1-1build1 [254 kB]
2025-10-08T10:09:55.0206572Z Get:81 http://azure.archive.ubuntu.com/ubuntu noble/universe amd64 libavfilter9 amd64 7:6.1.1-3ubuntu5 [4235 kB]
2025-10-08T10:09:55.0866897Z Get:82 http://azure.archive.ubuntu.com/ubuntu noble-updates/main amd64 liborc-0.4-0t64 amd64 1:0.4.38-1ubuntu0.1 [207 kB]
2025-10-08T10:09:55.1027329Z Get:83 http://azure.archive.ubuntu.com/ubuntu noble-updates/main amd64 libgstreamer-plugins-base1.0-0 amd64 1.24.2-1ubuntu0.3 [862 kB]
2025-10-08T10:09:55.1324822Z Get:84 http://azure.archive.ubuntu.com/ubuntu noble/universe amd64 gstreamer1.0-libav amd64 1.24.1-1build1 [103 kB]
2025-10-08T10:09:55.1478915Z Get:85 http://azure.archive.ubuntu.com/ubuntu noble/main amd64 libcdparanoia0 amd64 3.10.2+debian-14build3 [48.5 kB]
2025-10-08T10:09:55.1625297Z Get:86 http://azure.archive.ubuntu.com/ubuntu noble/main amd64 libvisual-0.4-0 amd64 0.4.2-2build1 [115 kB]
2025-10-08T10:09:55.1793401Z Get:87 http://azure.archive.ubuntu.com/ubuntu noble-updates/main amd64 gstreamer1.0-plugins-base amd64 1.24.2-1ubuntu0.3 [721 kB]
2025-10-08T10:09:55.2071355Z Get:88 http://azure.archive.ubuntu.com/ubuntu noble/main amd64 libaa1 amd64 1.4p5-51.1 [49.9 kB]
2025-10-08T10:09:55.2226012Z Get:89 http://azure.archive.ubuntu.com/ubuntu noble/main amd64 libraw1394-11 amd64 2.1.2-2build3 [26.2 kB]
2025-10-08T10:09:55.2379422Z Get:90 http://azure.archive.ubuntu.com/ubuntu noble/main amd64 libavc1394-0 amd64 0.5.4-5build3 [15.4 kB]
2025-10-08T10:09:55.2533982Z Get:91 http://azure.archive.ubuntu.com/ubuntu noble/main amd64 libcaca0 amd64 0.99.beta20-4build2 [208 kB]
2025-10-08T10:09:55.2692682Z Get:92 http://azure.archive.ubuntu.com/ubuntu noble/main amd64 libdv4t64 amd64 1.0.0-17.1build1 [63.2 kB]
2025-10-08T10:09:55.2846797Z Get:93 http://azure.archive.ubuntu.com/ubuntu noble-updates/main amd64 libgstreamer-plugins-good1.0-0 amd64 1.24.2-1ubuntu1.2 [33.0 kB]
2025-10-08T10:09:55.2991490Z Get:94 http://azure.archive.ubuntu.com/ubuntu noble/main amd64 libiec61883-0 amd64 1.2.0-6build1 [24.5 kB]
2025-10-08T10:09:55.3571531Z Get:95 http://azure.archive.ubuntu.com/ubuntu noble/main amd64 libshout3 amd64 2.4.6-1build2 [50.3 kB]
2025-10-08T10:09:55.3720757Z Get:96 http://azure.archive.ubuntu.com/ubuntu noble/main amd64 libtag1v5-vanilla amd64 1.13.1-1build1 [326 kB]
2025-10-08T10:09:55.3885154Z Get:97 http://azure.archive.ubuntu.com/ubuntu noble/main amd64 libtag1v5 amd64 1.13.1-1build1 [11.7 kB]
2025-10-08T10:09:55.4031172Z Get:98 http://azure.archive.ubuntu.com/ubuntu noble/main amd64 libv4lconvert0t64 amd64 1.26.1-4build3 [87.6 kB]
2025-10-08T10:09:55.4187772Z Get:99 http://azure.archive.ubuntu.com/ubuntu noble/main amd64 libv4l-0t64 amd64 1.26.1-4build3 [46.9 kB]
2025-10-08T10:09:55.4334471Z Get:100 http://azure.archive.ubuntu.com/ubuntu noble/main amd64 libwavpack1 amd64 5.6.0-1build1 [84.6 kB]
2025-10-08T10:09:55.4492743Z Get:101 http://azure.archive.ubuntu.com/ubuntu noble-updates/main amd64 libsoup-3.0-common all 3.4.4-5ubuntu0.5 [11.3 kB]
2025-10-08T10:09:55.4640551Z Get:102 http://azure.archive.ubuntu.com/ubuntu noble-updates/main amd64 libsoup-3.0-0 amd64 3.4.4-5ubuntu0.5 [291 kB]
2025-10-08T10:09:55.4833341Z Get:103 http://azure.archive.ubuntu.com/ubuntu noble-updates/main amd64 gstreamer1.0-plugins-good amd64 1.24.2-1ubuntu1.2 [2238 kB]
2025-10-08T10:09:55.5320220Z Get:104 http://azure.archive.ubuntu.com/ubuntu noble-updates/main amd64 libabsl20220623t64 amd64 20220623.1-3.1ubuntu3.2 [423 kB]
2025-10-08T10:09:55.5492755Z Get:105 http://azure.archive.ubuntu.com/ubuntu noble/universe amd64 libgav1-1 amd64 0.18.0-1build3 [357 kB]
2025-10-08T10:09:55.5666370Z Get:106 http://azure.archive.ubuntu.com/ubuntu noble/universe amd64 libyuv0 amd64 0.0~git202401110.af6ac82-1 [178 kB]
2025-10-08T10:09:55.5823954Z Get:107 http://azure.archive.ubuntu.com/ubuntu noble/universe amd64 libavif16 amd64 1.0.4-1ubuntu3 [91.2 kB]
2025-10-08T10:09:55.5979753Z Get:108 http://azure.archive.ubuntu.com/ubuntu noble/universe amd64 libavtp0 amd64 0.2.0-1build1 [6414 B]
2025-10-08T10:09:55.6127106Z Get:109 http://azure.archive.ubuntu.com/ubuntu noble/main amd64 libcairo-script-interpreter2 amd64 1.18.0-3build1 [60.3 kB]
2025-10-08T10:09:55.6279945Z Get:110 http://azure.archive.ubuntu.com/ubuntu noble/universe amd64 libdc1394-25 amd64 2.2.6-4build1 [90.1 kB]
2025-10-08T10:09:55.6833134Z Get:111 http://azure.archive.ubuntu.com/ubuntu noble/main amd64 libdecor-0-0 amd64 0.2.2-1build2 [16.5 kB]
2025-10-08T10:09:55.6991191Z Get:112 http://azure.archive.ubuntu.com/ubuntu noble/main amd64 libgles2 amd64 1.7.0-1build1 [17.1 kB]
2025-10-08T10:09:55.7142258Z Get:113 http://azure.archive.ubuntu.com/ubuntu noble/universe amd64 libdirectfb-1.7-7t64 amd64 1.7.7-11.1ubuntu2 [1035 kB]
2025-10-08T10:09:55.7439727Z Get:114 http://azure.archive.ubuntu.com/ubuntu noble/universe amd64 libdvdread8t64 amd64 6.1.3-1.1build1 [54.7 kB]
2025-10-08T10:09:55.7583781Z Get:115 http://azure.archive.ubuntu.com/ubuntu noble/universe amd64 libdvdnav4 amd64 6.1.1-3build1 [39.5 kB]
2025-10-08T10:09:55.7737934Z Get:116 http://azure.archive.ubuntu.com/ubuntu noble-updates/main amd64 libegl-mesa0 amd64 25.0.7-0ubuntu0.24.04.2 [124 kB]
2025-10-08T10:09:55.7902289Z Get:117 http://azure.archive.ubuntu.com/ubuntu noble/main amd64 libevent-2.1-7t64 amd64 2.1.12-stable-9ubuntu2 [145 kB]
2025-10-08T10:09:55.8067663Z Get:118 http://azure.archive.ubuntu.com/ubuntu noble/universe amd64 libfaad2 amd64 2.11.1-1build1 [207 kB]
2025-10-08T10:09:55.8228115Z Get:119 http://azure.archive.ubuntu.com/ubuntu noble/universe amd64 libinstpatch-1.0-2 amd64 1.1.6-1build2 [251 kB]
2025-10-08T10:09:55.8423504Z Get:120 http://azure.archive.ubuntu.com/ubuntu noble/main amd64 libjack-jackd2-0 amd64 1.9.21~dfsg-3ubuntu3 [289 kB]
2025-10-08T10:09:55.9007512Z Get:121 http://azure.archive.ubuntu.com/ubuntu noble/main amd64 libwebrtc-audio-processing1 amd64 0.3.1-0ubuntu6 [290 kB]
2025-10-08T10:09:55.9174291Z Get:122 http://azure.archive.ubuntu.com/ubuntu noble-updates/main amd64 libspa-0.2-modules amd64 1.0.5-1ubuntu3.1 [626 kB]
2025-10-08T10:09:55.9466468Z Get:123 http://azure.archive.ubuntu.com/ubuntu noble-updates/main amd64 libpipewire-0.3-0t64 amd64 1.0.5-1ubuntu3.1 [252 kB]
2025-10-08T10:09:55.9636300Z Get:124 http://azure.archive.ubuntu.com/ubuntu noble-updates/main amd64 libsdl2-2.0-0 amd64 2.30.0+dfsg-1ubuntu3.1 [686 kB]
2025-10-08T10:09:55.9909570Z Get:125 http://azure.archive.ubuntu.com/ubuntu noble/universe amd64 timgm6mb-soundfont all 1.3-5 [5427 kB]
2025-10-08T10:09:56.0638127Z Get:126 http://azure.archive.ubuntu.com/ubuntu noble/universe amd64 libfluidsynth3 amd64 2.3.4-1build3 [249 kB]
2025-10-08T10:09:56.0793673Z Get:127 http://azure.archive.ubuntu.com/ubuntu noble/main amd64 libfreeaptx0 amd64 0.1.1-2build1 [13.5 kB]
2025-10-08T10:09:56.0943603Z Get:128 http://azure.archive.ubuntu.com/ubuntu noble/main amd64 libgraphene-1.0-0 amd64 1.10.8-3build2 [46.2 kB]
2025-10-08T10:09:56.1092416Z Get:129 http://azure.archive.ubuntu.com/ubuntu noble/main amd64 libgssdp-1.6-0 amd64 1.6.3-1build3 [40.4 kB]
2025-10-08T10:09:56.1236958Z Get:130 http://azure.archive.ubuntu.com/ubuntu noble/main amd64 libegl1 amd64 1.7.0-1build1 [28.7 kB]
2025-10-08T10:09:56.1386600Z Get:131 http://azure.archive.ubuntu.com/ubuntu noble-updates/main amd64 libgstreamer-gl1.0-0 amd64 1.24.2-1ubuntu0.3 [214 kB]
2025-10-08T10:09:56.1547648Z Get:132 http://azure.archive.ubuntu.com/ubuntu noble-updates/main amd64 libgtk-4-common all 4.14.5+ds-0ubuntu0.5 [1497 kB]
2025-10-08T10:09:56.1898007Z Get:133 http://azure.archive.ubuntu.com/ubuntu noble-updates/main amd64 libgtk-4-1 amd64 4.14.5+ds-0ubuntu0.5 [3293 kB]
2025-10-08T10:09:56.2407402Z Get:134 http://azure.archive.ubuntu.com/ubuntu noble/main amd64 libgupnp-1.6-0 amd64 1.6.6-1build3 [92.7 kB]
2025-10-08T10:09:56.2562588Z Get:135 http://azure.archive.ubuntu.com/ubuntu noble/universe amd64 libgupnp-igd-1.6-0 amd64 1.6.0-3build3 [16.5 kB]
2025-10-08T10:09:56.2746029Z Get:136 http://azure.archive.ubuntu.com/ubuntu noble/main amd64 libharfbuzz-icu0 amd64 8.3.0-2build2 [13.3 kB]
2025-10-08T10:09:56.2890709Z Get:137 http://azure.archive.ubuntu.com/ubuntu noble/main amd64 libhyphen0 amd64 2.8.8-7build3 [26.5 kB]
2025-10-08T10:09:56.3033566Z Get:138 http://azure.archive.ubuntu.com/ubuntu noble/universe amd64 libimath-3-1-29t64 amd64 3.1.9-3.1ubuntu2 [72.2 kB]
2025-10-08T10:09:56.3609970Z Get:139 http://azure.archive.ubuntu.com/ubuntu noble/main amd64 liblc3-1 amd64 1.0.4-3build1 [69.7 kB]
2025-10-08T10:09:56.3770879Z Get:140 http://azure.archive.ubuntu.com/ubuntu noble/main amd64 libldacbt-enc2 amd64 2.0.2.3+git20200429+ed310a0-4ubuntu2 [27.1 kB]
2025-10-08T10:09:56.3981258Z Get:141 http://azure.archive.ubuntu.com/ubuntu noble-updates/main amd64 libraptor2-0 amd64 2.0.16-3ubuntu0.1 [165 kB]
2025-10-08T10:09:56.4137872Z Get:142 http://azure.archive.ubuntu.com/ubuntu noble/universe amd64 liblrdf0 amd64 0.6.1-4build1 [18.5 kB]
2025-10-08T10:09:56.4281493Z Get:143 http://azure.archive.ubuntu.com/ubuntu noble/universe amd64 libltc11 amd64 1.3.2-1build1 [13.0 kB]
2025-10-08T10:09:56.4425136Z Get:144 http://azure.archive.ubuntu.com/ubuntu noble/main amd64 libmanette-0.2-0 amd64 0.2.7-1build2 [30.6 kB]
2025-10-08T10:09:56.4571868Z Get:145 http://azure.archive.ubuntu.com/ubuntu noble/universe amd64 libmfx1 amd64 22.5.4-1 [3124 kB]
2025-10-08T10:09:56.5094027Z Get:146 http://azure.archive.ubuntu.com/ubuntu noble/universe amd64 libmjpegutils-2.1-0t64 amd64 1:2.1.0+debian-8.1build1 [25.5 kB]
2025-10-08T10:09:56.5241546Z Get:147 http://azure.archive.ubuntu.com/ubuntu noble/universe amd64 libmodplug1 amd64 1:0.8.9.0-3build1 [166 kB]
2025-10-08T10:09:56.5392408Z Get:148 http://azure.archive.ubuntu.com/ubuntu noble/universe amd64 libmpcdec6 amd64 2:0.1~r495-2build1 [32.7 kB]
2025-10-08T10:09:56.5539665Z Get:149 http://azure.archive.ubuntu.com/ubuntu noble/universe amd64 libmpeg2encpp-2.1-0t64 amd64 1:2.1.0+debian-8.1build1 [75.6 kB]
2025-10-08T10:09:56.5726170Z Get:150 http://azure.archive.ubuntu.com/ubuntu noble/universe amd64 libmplex2-2.1-0t64 amd64 1:2.1.0+debian-8.1build1 [46.1 kB]
2025-10-08T10:09:56.5873719Z Get:151 http://azure.archive.ubuntu.com/ubuntu noble/universe amd64 libneon27t64 amd64 0.33.0-1.1build3 [102 kB]
2025-10-08T10:09:56.6042514Z Get:152 http://azure.archive.ubuntu.com/ubuntu noble/universe amd64 libnice10 amd64 0.1.21-2build3 [157 kB]
2025-10-08T10:09:56.6208648Z Get:153 http://azure.archive.ubuntu.com/ubuntu noble/universe amd64 libopenal-data all 1:1.23.1-4build1 [161 kB]
2025-10-08T10:09:56.6403435Z Get:154 http://azure.archive.ubuntu.com/ubuntu noble/universe amd64 libopenexr-3-1-30 amd64 3.1.5-5.1build3 [1004 kB]
2025-10-08T10:09:56.6723112Z Get:155 http://azure.archive.ubuntu.com/ubuntu noble/universe amd64 libopenh264-7 amd64 2.4.1+dfsg-1 [409 kB]
2025-10-08T10:09:56.6995461Z Get:156 http://azure.archive.ubuntu.com/ubuntu noble/universe amd64 libopenni2-0 amd64 2.2.0.33+dfsg-18 [370 kB]
2025-10-08T10:09:56.7168618Z Get:157 http://azure.archive.ubuntu.com/ubuntu noble/universe amd64 libqrencode4 amd64 4.1.1-1build2 [25.0 kB]
2025-10-08T10:09:56.7725085Z Get:158 http://azure.archive.ubuntu.com/ubuntu noble/main amd64 libsecret-common all 0.21.4-1build3 [4962 B]
2025-10-08T10:09:56.7866812Z Get:159 http://azure.archive.ubuntu.com/ubuntu noble/main amd64 libsecret-1-0 amd64 0.21.4-1build3 [116 kB]
2025-10-08T10:09:56.8023662Z Get:160 http://azure.archive.ubuntu.com/ubuntu noble/universe amd64 libsndio7.0 amd64 1.9.0-0.3build3 [29.6 kB]
2025-10-08T10:09:56.8168208Z Get:161 http://azure.archive.ubuntu.com/ubuntu noble/universe amd64 libsoundtouch1 amd64 2.3.2+ds1-1build1 [60.5 kB]
2025-10-08T10:09:56.8316528Z Get:162 http://azure.archive.ubuntu.com/ubuntu noble/universe amd64 libspandsp2t64 amd64 0.0.6+dfsg-2.1build1 [311 kB]
2025-10-08T10:09:56.8486113Z Get:163 http://azure.archive.ubuntu.com/ubuntu noble/universe amd64 libsrtp2-1 amd64 2.5.0-3build1 [41.9 kB]
2025-10-08T10:09:56.8626277Z Get:164 http://azure.archive.ubuntu.com/ubuntu noble/universe amd64 libwildmidi2 amd64 0.4.3-1build3 [68.5 kB]
2025-10-08T10:09:56.8786110Z Get:165 http://azure.archive.ubuntu.com/ubuntu noble/main amd64 libwoff1 amd64 1.0.2-2build1 [45.3 kB]
2025-10-08T10:09:56.8929249Z Get:166 http://azure.archive.ubuntu.com/ubuntu noble/main amd64 libxcb-xkb1 amd64 1.15-1ubuntu2 [32.3 kB]
2025-10-08T10:09:56.9073334Z Get:167 http://azure.archive.ubuntu.com/ubuntu noble/main amd64 libxkbcommon-x11-0 amd64 1.6.0-1build1 [14.5 kB]
2025-10-08T10:09:56.9217089Z Get:168 http://azure.archive.ubuntu.com/ubuntu noble/universe amd64 libzbar0t64 amd64 0.23.93-4build3 [123 kB]
2025-10-08T10:09:56.9379063Z Get:169 http://azure.archive.ubuntu.com/ubuntu noble/universe amd64 libzxing3 amd64 2.2.1-3 [583 kB]
2025-10-08T10:09:56.9665411Z Get:170 http://azure.archive.ubuntu.com/ubuntu noble/main amd64 xfonts-encodings all 1:1.0.5-0ubuntu2 [578 kB]
2025-10-08T10:09:56.9942809Z Get:171 http://azure.archive.ubuntu.com/ubuntu noble/main amd64 xfonts-utils amd64 1:7.7+6build3 [94.4 kB]
2025-10-08T10:09:57.0095828Z Get:172 http://azure.archive.ubuntu.com/ubuntu noble/universe amd64 xfonts-cyrillic all 1:1.0.5+nmu1 [384 kB]
2025-10-08T10:09:57.0303544Z Get:173 http://azure.archive.ubuntu.com/ubuntu noble/main amd64 xfonts-scalable all 1:1.0.3-1.3 [304 kB]
2025-10-08T10:09:57.0469109Z Get:174 http://azure.archive.ubuntu.com/ubuntu noble/universe amd64 libgstreamer-plugins-bad1.0-0 amd64 1.24.2-1ubuntu4 [797 kB]
2025-10-08T10:09:57.0767655Z Get:175 http://azure.archive.ubuntu.com/ubuntu noble/universe amd64 libdca0 amd64 0.0.7-2build1 [93.8 kB]
2025-10-08T10:09:57.1379584Z Get:176 http://azure.archive.ubuntu.com/ubuntu noble/universe amd64 libopenal1 amd64 1:1.23.1-4build1 [540 kB]
2025-10-08T10:09:57.1698636Z Get:177 http://azure.archive.ubuntu.com/ubuntu noble/main amd64 libsbc1 amd64 2.0-1build1 [33.9 kB]
2025-10-08T10:09:57.1846617Z Get:178 http://azure.archive.ubuntu.com/ubuntu noble/universe amd64 libvo-aacenc0 amd64 0.1.3-2build1 [67.8 kB]
2025-10-08T10:09:57.1991225Z Get:179 http://azure.archive.ubuntu.com/ubuntu noble/universe amd64 libvo-amrwbenc0 amd64 0.1.3-2build1 [76.7 kB]
2025-10-08T10:09:57.2141813Z Get:180 http://azure.archive.ubuntu.com/ubuntu noble/universe amd64 gstreamer1.0-plugins-bad amd64 1.24.2-1ubuntu4 [3081 kB]
2025-10-08T10:09:57.6943445Z Fetched 114 MB in 5s (25.2 MB/s)
2025-10-08T10:09:57.7186070Z Selecting previously unselected package fonts-ipafont-gothic.
2025-10-08T10:09:57.7282009Z (Reading database ... 
2025-10-08T10:09:57.7282469Z (Reading database ... 5%
2025-10-08T10:09:57.7282872Z (Reading database ... 10%
2025-10-08T10:09:57.7283151Z (Reading database ... 15%
2025-10-08T10:09:57.7283388Z (Reading database ... 20%
2025-10-08T10:09:57.7283608Z (Reading database ... 25%
2025-10-08T10:09:57.7283825Z (Reading database ... 30%
2025-10-08T10:09:57.7284041Z (Reading database ... 35%
2025-10-08T10:09:57.7284254Z (Reading database ... 40%
2025-10-08T10:09:57.7284554Z (Reading database ... 45%
2025-10-08T10:09:57.7284925Z (Reading database ... 50%
2025-10-08T10:09:57.7331728Z (Reading database ... 55%
2025-10-08T10:09:57.8835186Z (Reading database ... 60%
2025-10-08T10:09:57.9890692Z (Reading database ... 65%
2025-10-08T10:09:58.1239718Z (Reading database ... 70%
2025-10-08T10:09:58.2415401Z (Reading database ... 75%
2025-10-08T10:09:58.3809094Z (Reading database ... 80%
2025-10-08T10:09:58.4774790Z (Reading database ... 85%
2025-10-08T10:09:58.6080284Z (Reading database ... 90%
2025-10-08T10:09:58.7238285Z (Reading database ... 95%
2025-10-08T10:09:58.7238788Z (Reading database ... 100%
2025-10-08T10:09:58.7239480Z (Reading database ... 214596 files and directories currently installed.)
2025-10-08T10:09:58.7283618Z Preparing to unpack .../000-fonts-ipafont-gothic_00303-21ubuntu1_all.deb ...
2025-10-08T10:09:58.7370690Z Unpacking fonts-ipafont-gothic (00303-21ubuntu1) ...
2025-10-08T10:09:58.9753649Z Selecting previously unselected package fonts-freefont-ttf.
2025-10-08T10:09:58.9888380Z Preparing to unpack .../001-fonts-freefont-ttf_20211204+svn4273-2_all.deb ...
2025-10-08T10:09:58.9901780Z Unpacking fonts-freefont-ttf (20211204+svn4273-2) ...
2025-10-08T10:09:59.0832763Z Selecting previously unselected package fonts-tlwg-loma-otf.
2025-10-08T10:09:59.0965441Z Preparing to unpack .../002-fonts-tlwg-loma-otf_1%3a0.7.3-1_all.deb ...
2025-10-08T10:09:59.0972781Z Unpacking fonts-tlwg-loma-otf (1:0.7.3-1) ...
2025-10-08T10:09:59.1203411Z Selecting previously unselected package fonts-unifont.
2025-10-08T10:09:59.1337284Z Preparing to unpack .../003-fonts-unifont_1%3a15.1.01-1build1_all.deb ...
2025-10-08T10:09:59.1346464Z Unpacking fonts-unifont (1:15.1.01-1build1) ...
2025-10-08T10:09:59.2514289Z Selecting previously unselected package fonts-wqy-zenhei.
2025-10-08T10:09:59.2649042Z Preparing to unpack .../004-fonts-wqy-zenhei_0.9.45-8_all.deb ...
2025-10-08T10:09:59.2872820Z Unpacking fonts-wqy-zenhei (0.9.45-8) ...
2025-10-08T10:09:59.7649011Z Selecting previously unselected package libproxy1v5:amd64.
2025-10-08T10:09:59.7783979Z Preparing to unpack .../005-libproxy1v5_0.5.4-4build1_amd64.deb ...
2025-10-08T10:09:59.7800567Z Unpacking libproxy1v5:amd64 (0.5.4-4build1) ...
2025-10-08T10:09:59.8014870Z Selecting previously unselected package glib-networking-common.
2025-10-08T10:09:59.8148509Z Preparing to unpack .../006-glib-networking-common_2.80.0-1build1_all.deb ...
2025-10-08T10:09:59.8155991Z Unpacking glib-networking-common (2.80.0-1build1) ...
2025-10-08T10:09:59.8354808Z Selecting previously unselected package glib-networking-services.
2025-10-08T10:09:59.8489138Z Preparing to unpack .../007-glib-networking-services_2.80.0-1build1_amd64.deb ...
2025-10-08T10:09:59.8497941Z Unpacking glib-networking-services (2.80.0-1build1) ...
2025-10-08T10:09:59.8717507Z Selecting previously unselected package session-migration.
2025-10-08T10:09:59.8852082Z Preparing to unpack .../008-session-migration_0.3.9build1_amd64.deb ...
2025-10-08T10:09:59.8859802Z Unpacking session-migration (0.3.9build1) ...
2025-10-08T10:09:59.9234080Z Selecting previously unselected package gsettings-desktop-schemas.
2025-10-08T10:09:59.9370590Z Preparing to unpack .../009-gsettings-desktop-schemas_46.1-0ubuntu1_all.deb ...
2025-10-08T10:09:59.9378042Z Unpacking gsettings-desktop-schemas (46.1-0ubuntu1) ...
2025-10-08T10:09:59.9764304Z Selecting previously unselected package glib-networking:amd64.
2025-10-08T10:09:59.9900670Z Preparing to unpack .../010-glib-networking_2.80.0-1build1_amd64.deb ...
2025-10-08T10:09:59.9908457Z Unpacking glib-networking:amd64 (2.80.0-1build1) ...
2025-10-08T10:10:00.0177821Z Selecting previously unselected package libva2:amd64.
2025-10-08T10:10:00.0314421Z Preparing to unpack .../011-libva2_2.20.0-2build1_amd64.deb ...
2025-10-08T10:10:00.0322388Z Unpacking libva2:amd64 (2.20.0-2build1) ...
2025-10-08T10:10:00.0549071Z Selecting previously unselected package libva-drm2:amd64.
2025-10-08T10:10:00.0685828Z Preparing to unpack .../012-libva-drm2_2.20.0-2build1_amd64.deb ...
2025-10-08T10:10:00.0694101Z Unpacking libva-drm2:amd64 (2.20.0-2build1) ...
2025-10-08T10:10:00.0908822Z Selecting previously unselected package libva-x11-2:amd64.
2025-10-08T10:10:00.1044745Z Preparing to unpack .../013-libva-x11-2_2.20.0-2build1_amd64.deb ...
2025-10-08T10:10:00.1052826Z Unpacking libva-x11-2:amd64 (2.20.0-2build1) ...
2025-10-08T10:10:00.1278895Z Selecting previously unselected package libvdpau1:amd64.
2025-10-08T10:10:00.1414847Z Preparing to unpack .../014-libvdpau1_1.5-2build1_amd64.deb ...
2025-10-08T10:10:00.1423563Z Unpacking libvdpau1:amd64 (1.5-2build1) ...
2025-10-08T10:10:00.1649026Z Selecting previously unselected package libvpl2.
2025-10-08T10:10:00.1784658Z Preparing to unpack .../015-libvpl2_2023.3.0-1build1_amd64.deb ...
2025-10-08T10:10:00.1793362Z Unpacking libvpl2 (2023.3.0-1build1) ...
2025-10-08T10:10:00.2028176Z Selecting previously unselected package ocl-icd-libopencl1:amd64.
2025-10-08T10:10:00.2175952Z Preparing to unpack .../016-ocl-icd-libopencl1_2.3.2-1build1_amd64.deb ...
2025-10-08T10:10:00.2182715Z Unpacking ocl-icd-libopencl1:amd64 (2.3.2-1build1) ...
2025-10-08T10:10:00.2429625Z Selecting previously unselected package libavutil58:amd64.
2025-10-08T10:10:00.2565055Z Preparing to unpack .../017-libavutil58_7%3a6.1.1-3ubuntu5_amd64.deb ...
2025-10-08T10:10:00.2572768Z Unpacking libavutil58:amd64 (7:6.1.1-3ubuntu5) ...
2025-10-08T10:10:00.2837508Z Selecting previously unselected package libcodec2-1.2:amd64.
2025-10-08T10:10:00.2973905Z Preparing to unpack .../018-libcodec2-1.2_1.2.0-2build1_amd64.deb ...
2025-10-08T10:10:00.2982274Z Unpacking libcodec2-1.2:amd64 (1.2.0-2build1) ...
2025-10-08T10:10:00.3753723Z Selecting previously unselected package libdav1d7:amd64.
2025-10-08T10:10:00.3886170Z Preparing to unpack .../019-libdav1d7_1.4.1-1build1_amd64.deb ...
2025-10-08T10:10:00.3895378Z Unpacking libdav1d7:amd64 (1.4.1-1build1) ...
2025-10-08T10:10:00.4177823Z Selecting previously unselected package libgsm1:amd64.
2025-10-08T10:10:00.4310558Z Preparing to unpack .../020-libgsm1_1.0.22-1build1_amd64.deb ...
2025-10-08T10:10:00.4320081Z Unpacking libgsm1:amd64 (1.0.22-1build1) ...
2025-10-08T10:10:00.4532197Z Selecting previously unselected package libhwy1t64:amd64.
2025-10-08T10:10:00.4663392Z Preparing to unpack .../021-libhwy1t64_1.0.7-8.1build1_amd64.deb ...
2025-10-08T10:10:00.4672479Z Unpacking libhwy1t64:amd64 (1.0.7-8.1build1) ...
2025-10-08T10:10:00.5029831Z Selecting previously unselected package libjxl0.7:amd64.
2025-10-08T10:10:00.5162339Z Preparing to unpack .../022-libjxl0.7_0.7.0-10.2ubuntu6.1_amd64.deb ...
2025-10-08T10:10:00.5171235Z Unpacking libjxl0.7:amd64 (0.7.0-10.2ubuntu6.1) ...
2025-10-08T10:10:00.5520547Z Selecting previously unselected package libmp3lame0:amd64.
2025-10-08T10:10:00.5652088Z Preparing to unpack .../023-libmp3lame0_3.100-6build1_amd64.deb ...
2025-10-08T10:10:00.5660240Z Unpacking libmp3lame0:amd64 (3.100-6build1) ...
2025-10-08T10:10:00.5893294Z Selecting previously unselected package libopus0:amd64.
2025-10-08T10:10:00.6025021Z Preparing to unpack .../024-libopus0_1.4-1build1_amd64.deb ...
2025-10-08T10:10:00.6036341Z Unpacking libopus0:amd64 (1.4-1build1) ...
2025-10-08T10:10:00.6271564Z Selecting previously unselected package librav1e0:amd64.
2025-10-08T10:10:00.6402785Z Preparing to unpack .../025-librav1e0_0.7.1-2_amd64.deb ...
2025-10-08T10:10:00.6411293Z Unpacking librav1e0:amd64 (0.7.1-2) ...
2025-10-08T10:10:00.6746504Z Selecting previously unselected package librsvg2-2:amd64.
2025-10-08T10:10:00.6878558Z Preparing to unpack .../026-librsvg2-2_2.58.0+dfsg-1build1_amd64.deb ...
2025-10-08T10:10:00.6887674Z Unpacking librsvg2-2:amd64 (2.58.0+dfsg-1build1) ...
2025-10-08T10:10:00.7371949Z Selecting previously unselected package libshine3:amd64.
2025-10-08T10:10:00.7502616Z Preparing to unpack .../027-libshine3_3.1.1-2build1_amd64.deb ...
2025-10-08T10:10:00.7511399Z Unpacking libshine3:amd64 (3.1.1-2build1) ...
2025-10-08T10:10:00.7723316Z Selecting previously unselected package libspeex1:amd64.
2025-10-08T10:10:00.7855409Z Preparing to unpack .../028-libspeex1_1.2.1-2ubuntu2.24.04.1_amd64.deb ...
2025-10-08T10:10:00.7864414Z Unpacking libspeex1:amd64 (1.2.1-2ubuntu2.24.04.1) ...
2025-10-08T10:10:00.8078083Z Selecting previously unselected package libsvtav1enc1d1:amd64.
2025-10-08T10:10:00.8210343Z Preparing to unpack .../029-libsvtav1enc1d1_1.7.0+dfsg-2build1_amd64.deb ...
2025-10-08T10:10:00.8218834Z Unpacking libsvtav1enc1d1:amd64 (1.7.0+dfsg-2build1) ...
2025-10-08T10:10:00.8710550Z Selecting previously unselected package libsoxr0:amd64.
2025-10-08T10:10:00.8842024Z Preparing to unpack .../030-libsoxr0_0.1.3-4build3_amd64.deb ...
2025-10-08T10:10:00.8850302Z Unpacking libsoxr0:amd64 (0.1.3-4build3) ...
2025-10-08T10:10:00.9071576Z Selecting previously unselected package libswresample4:amd64.
2025-10-08T10:10:00.9204038Z Preparing to unpack .../031-libswresample4_7%3a6.1.1-3ubuntu5_amd64.deb ...
2025-10-08T10:10:00.9212542Z Unpacking libswresample4:amd64 (7:6.1.1-3ubuntu5) ...
2025-10-08T10:10:00.9434142Z Selecting previously unselected package libtheora0:amd64.
2025-10-08T10:10:00.9571571Z Preparing to unpack .../032-libtheora0_1.1.1+dfsg.1-16.1build3_amd64.deb ...
2025-10-08T10:10:00.9579156Z Unpacking libtheora0:amd64 (1.1.1+dfsg.1-16.1build3) ...
2025-10-08T10:10:00.9828030Z Selecting previously unselected package libtwolame0:amd64.
2025-10-08T10:10:00.9959857Z Preparing to unpack .../033-libtwolame0_0.4.0-2build3_amd64.deb ...
2025-10-08T10:10:00.9994013Z Unpacking libtwolame0:amd64 (0.4.0-2build3) ...
2025-10-08T10:10:01.0218783Z Selecting previously unselected package libvorbisenc2:amd64.
2025-10-08T10:10:01.0352186Z Preparing to unpack .../034-libvorbisenc2_1.3.7-1build3_amd64.deb ...
2025-10-08T10:10:01.0361611Z Unpacking libvorbisenc2:amd64 (1.3.7-1build3) ...
2025-10-08T10:10:01.0597565Z Selecting previously unselected package libvpx9:amd64.
2025-10-08T10:10:01.0729563Z Preparing to unpack .../035-libvpx9_1.14.0-1ubuntu2.2_amd64.deb ...
2025-10-08T10:10:01.0739759Z Unpacking libvpx9:amd64 (1.14.0-1ubuntu2.2) ...
2025-10-08T10:10:01.1119477Z Selecting previously unselected package libx264-164:amd64.
2025-10-08T10:10:01.1251347Z Preparing to unpack .../036-libx264-164_2%3a0.164.3108+git31e19f9-1_amd64.deb ...
2025-10-08T10:10:01.1260853Z Unpacking libx264-164:amd64 (2:0.164.3108+git31e19f9-1) ...
2025-10-08T10:10:01.1573499Z Selecting previously unselected package libx265-199:amd64.
2025-10-08T10:10:01.1705767Z Preparing to unpack .../037-libx265-199_3.5-2build1_amd64.deb ...
2025-10-08T10:10:01.1720782Z Unpacking libx265-199:amd64 (3.5-2build1) ...
2025-10-08T10:10:01.2459332Z Selecting previously unselected package libxvidcore4:amd64.
2025-10-08T10:10:01.2590815Z Preparing to unpack .../038-libxvidcore4_2%3a1.3.7-1build1_amd64.deb ...
2025-10-08T10:10:01.2600259Z Unpacking libxvidcore4:amd64 (2:1.3.7-1build1) ...
2025-10-08T10:10:01.2830526Z Selecting previously unselected package libzvbi-common.
2025-10-08T10:10:01.2961814Z Preparing to unpack .../039-libzvbi-common_0.2.42-2_all.deb ...
2025-10-08T10:10:01.2972801Z Unpacking libzvbi-common (0.2.42-2) ...
2025-10-08T10:10:01.3454511Z Selecting previously unselected package libzvbi0t64:amd64.
2025-10-08T10:10:01.3585733Z Preparing to unpack .../040-libzvbi0t64_0.2.42-2_amd64.deb ...
2025-10-08T10:10:01.3595285Z Unpacking libzvbi0t64:amd64 (0.2.42-2) ...
2025-10-08T10:10:01.3858061Z Selecting previously unselected package libavcodec60:amd64.
2025-10-08T10:10:01.3994163Z Preparing to unpack .../041-libavcodec60_7%3a6.1.1-3ubuntu5_amd64.deb ...
2025-10-08T10:10:01.4003252Z Unpacking libavcodec60:amd64 (7:6.1.1-3ubuntu5) ...
2025-10-08T10:10:01.4856955Z Selecting previously unselected package libunibreak5:amd64.
2025-10-08T10:10:01.4992170Z Preparing to unpack .../042-libunibreak5_5.1-2build1_amd64.deb ...
2025-10-08T10:10:01.5002795Z Unpacking libunibreak5:amd64 (5.1-2build1) ...
2025-10-08T10:10:01.5224766Z Selecting previously unselected package libass9:amd64.
2025-10-08T10:10:01.5358145Z Preparing to unpack .../043-libass9_1%3a0.17.1-2build1_amd64.deb ...
2025-10-08T10:10:01.5367154Z Unpacking libass9:amd64 (1:0.17.1-2build1) ...
2025-10-08T10:10:01.5592760Z Selecting previously unselected package libudfread0:amd64.
2025-10-08T10:10:01.5725396Z Preparing to unpack .../044-libudfread0_1.1.2-1build1_amd64.deb ...
2025-10-08T10:10:01.5736058Z Unpacking libudfread0:amd64 (1.1.2-1build1) ...
2025-10-08T10:10:01.5950860Z Selecting previously unselected package libbluray2:amd64.
2025-10-08T10:10:01.6083218Z Preparing to unpack .../045-libbluray2_1%3a1.3.4-1build1_amd64.deb ...
2025-10-08T10:10:01.6092700Z Unpacking libbluray2:amd64 (1:1.3.4-1build1) ...
2025-10-08T10:10:01.6326034Z Selecting previously unselected package libchromaprint1:amd64.
2025-10-08T10:10:01.6457372Z Preparing to unpack .../046-libchromaprint1_1.5.1-5_amd64.deb ...
2025-10-08T10:10:01.6468052Z Unpacking libchromaprint1:amd64 (1.5.1-5) ...
2025-10-08T10:10:01.6681278Z Selecting previously unselected package libgme0:amd64.
2025-10-08T10:10:01.6814220Z Preparing to unpack .../047-libgme0_0.6.3-7build1_amd64.deb ...
2025-10-08T10:10:01.6822619Z Unpacking libgme0:amd64 (0.6.3-7build1) ...
2025-10-08T10:10:01.7061704Z Selecting previously unselected package libmpg123-0t64:amd64.
2025-10-08T10:10:01.7194962Z Preparing to unpack .../048-libmpg123-0t64_1.32.5-1ubuntu1.1_amd64.deb ...
2025-10-08T10:10:01.7206158Z Unpacking libmpg123-0t64:amd64 (1.32.5-1ubuntu1.1) ...
2025-10-08T10:10:01.7454285Z Selecting previously unselected package libopenmpt0t64:amd64.
2025-10-08T10:10:01.7587240Z Preparing to unpack .../049-libopenmpt0t64_0.7.3-1.1build3_amd64.deb ...
2025-10-08T10:10:01.7598655Z Unpacking libopenmpt0t64:amd64 (0.7.3-1.1build3) ...
2025-10-08T10:10:01.7915898Z Selecting previously unselected package libcjson1:amd64.
2025-10-08T10:10:01.8046595Z Preparing to unpack .../050-libcjson1_1.7.17-1_amd64.deb ...
2025-10-08T10:10:01.8055223Z Unpacking libcjson1:amd64 (1.7.17-1) ...
2025-10-08T10:10:01.8269565Z Selecting previously unselected package libmbedcrypto7t64:amd64.
2025-10-08T10:10:01.8400329Z Preparing to unpack .../051-libmbedcrypto7t64_2.28.8-1_amd64.deb ...
2025-10-08T10:10:01.8409267Z Unpacking libmbedcrypto7t64:amd64 (2.28.8-1) ...
2025-10-08T10:10:01.8646257Z Selecting previously unselected package librist4:amd64.
2025-10-08T10:10:01.8777304Z Preparing to unpack .../052-librist4_0.2.10+dfsg-2_amd64.deb ...
2025-10-08T10:10:01.8786410Z Unpacking librist4:amd64 (0.2.10+dfsg-2) ...
2025-10-08T10:10:01.9007192Z Selecting previously unselected package libsrt1.5-gnutls:amd64.
2025-10-08T10:10:01.9139402Z Preparing to unpack .../053-libsrt1.5-gnutls_1.5.3-1build2_amd64.deb ...
2025-10-08T10:10:01.9148808Z Unpacking libsrt1.5-gnutls:amd64 (1.5.3-1build2) ...
2025-10-08T10:10:01.9419098Z Selecting previously unselected package libssh-gcrypt-4:amd64.
2025-10-08T10:10:01.9557440Z Preparing to unpack .../054-libssh-gcrypt-4_0.10.6-2ubuntu0.1_amd64.deb ...
2025-10-08T10:10:01.9567648Z Unpacking libssh-gcrypt-4:amd64 (0.10.6-2ubuntu0.1) ...
2025-10-08T10:10:01.9818817Z Selecting previously unselected package libavformat60:amd64.
2025-10-08T10:10:01.9951600Z Preparing to unpack .../055-libavformat60_7%3a6.1.1-3ubuntu5_amd64.deb ...
2025-10-08T10:10:01.9961992Z Unpacking libavformat60:amd64 (7:6.1.1-3ubuntu5) ...
2025-10-08T10:10:02.0298127Z Selecting previously unselected package libbs2b0:amd64.
2025-10-08T10:10:02.0431129Z Preparing to unpack .../056-libbs2b0_3.1.0+dfsg-7build1_amd64.deb ...
2025-10-08T10:10:02.0440352Z Unpacking libbs2b0:amd64 (3.1.0+dfsg-7build1) ...
2025-10-08T10:10:02.0682462Z Selecting previously unselected package libflite1:amd64.
2025-10-08T10:10:02.0816920Z Preparing to unpack .../057-libflite1_2.2-6build3_amd64.deb ...
2025-10-08T10:10:02.0825975Z Unpacking libflite1:amd64 (2.2-6build3) ...
2025-10-08T10:10:02.1998764Z Selecting previously unselected package libserd-0-0:amd64.
2025-10-08T10:10:02.2136335Z Preparing to unpack .../058-libserd-0-0_0.32.2-1_amd64.deb ...
2025-10-08T10:10:02.2152600Z Unpacking libserd-0-0:amd64 (0.32.2-1) ...
2025-10-08T10:10:02.2374899Z Selecting previously unselected package libzix-0-0:amd64.
2025-10-08T10:10:02.2507784Z Preparing to unpack .../059-libzix-0-0_0.4.2-2build1_amd64.deb ...
2025-10-08T10:10:02.2517626Z Unpacking libzix-0-0:amd64 (0.4.2-2build1) ...
2025-10-08T10:10:02.2735090Z Selecting previously unselected package libsord-0-0:amd64.
2025-10-08T10:10:02.2872843Z Preparing to unpack .../060-libsord-0-0_0.16.16-2build1_amd64.deb ...
2025-10-08T10:10:02.2881420Z Unpacking libsord-0-0:amd64 (0.16.16-2build1) ...
2025-10-08T10:10:02.3113424Z Selecting previously unselected package libsratom-0-0:amd64.
2025-10-08T10:10:02.3252172Z Preparing to unpack .../061-libsratom-0-0_0.6.16-1build1_amd64.deb ...
2025-10-08T10:10:02.3267375Z Unpacking libsratom-0-0:amd64 (0.6.16-1build1) ...
2025-10-08T10:10:02.3518439Z Selecting previously unselected package liblilv-0-0:amd64.
2025-10-08T10:10:02.3653222Z Preparing to unpack .../062-liblilv-0-0_0.24.22-1build1_amd64.deb ...
2025-10-08T10:10:02.3662910Z Unpacking liblilv-0-0:amd64 (0.24.22-1build1) ...
2025-10-08T10:10:02.3889903Z Selecting previously unselected package libmysofa1:amd64.
2025-10-08T10:10:02.4025127Z Preparing to unpack .../063-libmysofa1_1.3.2+dfsg-2ubuntu2_amd64.deb ...
2025-10-08T10:10:02.4035870Z Unpacking libmysofa1:amd64 (1.3.2+dfsg-2ubuntu2) ...
2025-10-08T10:10:02.4306411Z Selecting previously unselected package libplacebo338:amd64.
2025-10-08T10:10:02.4440795Z Preparing to unpack .../064-libplacebo338_6.338.2-2build1_amd64.deb ...
2025-10-08T10:10:02.4449999Z Unpacking libplacebo338:amd64 (6.338.2-2build1) ...
2025-10-08T10:10:02.5068552Z Selecting previously unselected package libblas3:amd64.
2025-10-08T10:10:02.5203915Z Preparing to unpack .../065-libblas3_3.12.0-3build1.1_amd64.deb ...
2025-10-08T10:10:02.5239885Z Unpacking libblas3:amd64 (3.12.0-3build1.1) ...
2025-10-08T10:10:02.5503325Z Selecting previously unselected package liblapack3:amd64.
2025-10-08T10:10:02.5637688Z Preparing to unpack .../066-liblapack3_3.12.0-3build1.1_amd64.deb ...
2025-10-08T10:10:02.5671885Z Unpacking liblapack3:amd64 (3.12.0-3build1.1) ...
2025-10-08T10:10:02.6205940Z Selecting previously unselected package libasyncns0:amd64.
2025-10-08T10:10:02.6340204Z Preparing to unpack .../067-libasyncns0_0.8-6build4_amd64.deb ...
2025-10-08T10:10:02.6348658Z Unpacking libasyncns0:amd64 (0.8-6build4) ...
2025-10-08T10:10:02.6583519Z Selecting previously unselected package libflac12t64:amd64.
2025-10-08T10:10:02.6720562Z Preparing to unpack .../068-libflac12t64_1.4.3+ds-2.1ubuntu2_amd64.deb ...
2025-10-08T10:10:02.6729568Z Unpacking libflac12t64:amd64 (1.4.3+ds-2.1ubuntu2) ...
2025-10-08T10:10:02.6977312Z Selecting previously unselected package libsndfile1:amd64.
2025-10-08T10:10:02.7111785Z Preparing to unpack .../069-libsndfile1_1.2.2-1ubuntu5.24.04.1_amd64.deb ...
2025-10-08T10:10:02.7120308Z Unpacking libsndfile1:amd64 (1.2.2-1ubuntu5.24.04.1) ...
2025-10-08T10:10:02.7383998Z Selecting previously unselected package libpulse0:amd64.
2025-10-08T10:10:02.7520282Z Preparing to unpack .../070-libpulse0_1%3a16.1+dfsg1-2ubuntu10.1_amd64.deb ...
2025-10-08T10:10:02.7588880Z Unpacking libpulse0:amd64 (1:16.1+dfsg1-2ubuntu10.1) ...
2025-10-08T10:10:02.7860581Z Selecting previously unselected package libsphinxbase3t64:amd64.
2025-10-08T10:10:02.7996955Z Preparing to unpack .../071-libsphinxbase3t64_0.8+5prealpha+1-17build2_amd64.deb ...
2025-10-08T10:10:02.8005468Z Unpacking libsphinxbase3t64:amd64 (0.8+5prealpha+1-17build2) ...
2025-10-08T10:10:02.8244826Z Selecting previously unselected package libpocketsphinx3:amd64.
2025-10-08T10:10:02.8379569Z Preparing to unpack .../072-libpocketsphinx3_0.8.0+real5prealpha+1-15ubuntu5_amd64.deb ...
2025-10-08T10:10:02.8388237Z Unpacking libpocketsphinx3:amd64 (0.8.0+real5prealpha+1-15ubuntu5) ...
2025-10-08T10:10:02.8656482Z Selecting previously unselected package libpostproc57:amd64.
2025-10-08T10:10:02.8794478Z Preparing to unpack .../073-libpostproc57_7%3a6.1.1-3ubuntu5_amd64.deb ...
2025-10-08T10:10:02.8804026Z Unpacking libpostproc57:amd64 (7:6.1.1-3ubuntu5) ...
2025-10-08T10:10:02.9027308Z Selecting previously unselected package libsamplerate0:amd64.
2025-10-08T10:10:02.9161089Z Preparing to unpack .../074-libsamplerate0_0.2.2-4build1_amd64.deb ...
2025-10-08T10:10:02.9170398Z Unpacking libsamplerate0:amd64 (0.2.2-4build1) ...
2025-10-08T10:10:02.9457646Z Selecting previously unselected package librubberband2:amd64.
2025-10-08T10:10:02.9592309Z Preparing to unpack .../075-librubberband2_3.3.0+dfsg-2build1_amd64.deb ...
2025-10-08T10:10:02.9601381Z Unpacking librubberband2:amd64 (3.3.0+dfsg-2build1) ...
2025-10-08T10:10:02.9849985Z Selecting previously unselected package libswscale7:amd64.
2025-10-08T10:10:02.9984246Z Preparing to unpack .../076-libswscale7_7%3a6.1.1-3ubuntu5_amd64.deb ...
2025-10-08T10:10:02.9993988Z Unpacking libswscale7:amd64 (7:6.1.1-3ubuntu5) ...
2025-10-08T10:10:03.0238657Z Selecting previously unselected package libvidstab1.1:amd64.
2025-10-08T10:10:03.0372007Z Preparing to unpack .../077-libvidstab1.1_1.1.0-2build1_amd64.deb ...
2025-10-08T10:10:03.0380750Z Unpacking libvidstab1.1:amd64 (1.1.0-2build1) ...
2025-10-08T10:10:03.0604460Z Selecting previously unselected package libzimg2:amd64.
2025-10-08T10:10:03.0737951Z Preparing to unpack .../078-libzimg2_3.0.5+ds1-1build1_amd64.deb ...
2025-10-08T10:10:03.0748926Z Unpacking libzimg2:amd64 (3.0.5+ds1-1build1) ...
2025-10-08T10:10:03.1026099Z Selecting previously unselected package libavfilter9:amd64.
2025-10-08T10:10:03.1160090Z Preparing to unpack .../079-libavfilter9_7%3a6.1.1-3ubuntu5_amd64.deb ...
2025-10-08T10:10:03.1168625Z Unpacking libavfilter9:amd64 (7:6.1.1-3ubuntu5) ...
2025-10-08T10:10:03.1922104Z Selecting previously unselected package liborc-0.4-0t64:amd64.
2025-10-08T10:10:03.2058430Z Preparing to unpack .../080-liborc-0.4-0t64_1%3a0.4.38-1ubuntu0.1_amd64.deb ...
2025-10-08T10:10:03.2066684Z Unpacking liborc-0.4-0t64:amd64 (1:0.4.38-1ubuntu0.1) ...
2025-10-08T10:10:03.2336403Z Selecting previously unselected package libgstreamer-plugins-base1.0-0:amd64.
2025-10-08T10:10:03.2472687Z Preparing to unpack .../081-libgstreamer-plugins-base1.0-0_1.24.2-1ubuntu0.3_amd64.deb ...
2025-10-08T10:10:03.2481829Z Unpacking libgstreamer-plugins-base1.0-0:amd64 (1.24.2-1ubuntu0.3) ...
2025-10-08T10:10:03.2963551Z Selecting previously unselected package gstreamer1.0-libav:amd64.
2025-10-08T10:10:03.3099025Z Preparing to unpack .../082-gstreamer1.0-libav_1.24.1-1build1_amd64.deb ...
2025-10-08T10:10:03.3109021Z Unpacking gstreamer1.0-libav:amd64 (1.24.1-1build1) ...
2025-10-08T10:10:03.3342014Z Selecting previously unselected package libcdparanoia0:amd64.
2025-10-08T10:10:03.3478128Z Preparing to unpack .../083-libcdparanoia0_3.10.2+debian-14build3_amd64.deb ...
2025-10-08T10:10:03.3486686Z Unpacking libcdparanoia0:amd64 (3.10.2+debian-14build3) ...
2025-10-08T10:10:03.3721522Z Selecting previously unselected package libvisual-0.4-0:amd64.
2025-10-08T10:10:03.3855125Z Preparing to unpack .../084-libvisual-0.4-0_0.4.2-2build1_amd64.deb ...
2025-10-08T10:10:03.3862835Z Unpacking libvisual-0.4-0:amd64 (0.4.2-2build1) ...
2025-10-08T10:10:03.4116517Z Selecting previously unselected package gstreamer1.0-plugins-base:amd64.
2025-10-08T10:10:03.4251885Z Preparing to unpack .../085-gstreamer1.0-plugins-base_1.24.2-1ubuntu0.3_amd64.deb ...
2025-10-08T10:10:03.4262259Z Unpacking gstreamer1.0-plugins-base:amd64 (1.24.2-1ubuntu0.3) ...
2025-10-08T10:10:03.4641523Z Selecting previously unselected package libaa1:amd64.
2025-10-08T10:10:03.4775326Z Preparing to unpack .../086-libaa1_1.4p5-51.1_amd64.deb ...
2025-10-08T10:10:03.4784576Z Unpacking libaa1:amd64 (1.4p5-51.1) ...
2025-10-08T10:10:03.5011371Z Selecting previously unselected package libraw1394-11:amd64.
2025-10-08T10:10:03.5147456Z Preparing to unpack .../087-libraw1394-11_2.1.2-2build3_amd64.deb ...
2025-10-08T10:10:03.5159726Z Unpacking libraw1394-11:amd64 (2.1.2-2build3) ...
2025-10-08T10:10:03.5381751Z Selecting previously unselected package libavc1394-0:amd64.
2025-10-08T10:10:03.5520850Z Preparing to unpack .../088-libavc1394-0_0.5.4-5build3_amd64.deb ...
2025-10-08T10:10:03.5532218Z Unpacking libavc1394-0:amd64 (0.5.4-5build3) ...
2025-10-08T10:10:03.5761234Z Selecting previously unselected package libcaca0:amd64.
2025-10-08T10:10:03.5898109Z Preparing to unpack .../089-libcaca0_0.99.beta20-4build2_amd64.deb ...
2025-10-08T10:10:03.5906979Z Unpacking libcaca0:amd64 (0.99.beta20-4build2) ...
2025-10-08T10:10:03.6183140Z Selecting previously unselected package libdv4t64:amd64.
2025-10-08T10:10:03.6321676Z Preparing to unpack .../090-libdv4t64_1.0.0-17.1build1_amd64.deb ...
2025-10-08T10:10:03.6330349Z Unpacking libdv4t64:amd64 (1.0.0-17.1build1) ...
2025-10-08T10:10:03.6590919Z Selecting previously unselected package libgstreamer-plugins-good1.0-0:amd64.
2025-10-08T10:10:03.6728796Z Preparing to unpack .../091-libgstreamer-plugins-good1.0-0_1.24.2-1ubuntu1.2_amd64.deb ...
2025-10-08T10:10:03.6738570Z Unpacking libgstreamer-plugins-good1.0-0:amd64 (1.24.2-1ubuntu1.2) ...
2025-10-08T10:10:03.6993497Z Selecting previously unselected package libiec61883-0:amd64.
2025-10-08T10:10:03.7131067Z Preparing to unpack .../092-libiec61883-0_1.2.0-6build1_amd64.deb ...
2025-10-08T10:10:03.7143243Z Unpacking libiec61883-0:amd64 (1.2.0-6build1) ...
2025-10-08T10:10:03.7379328Z Selecting previously unselected package libshout3:amd64.
2025-10-08T10:10:03.7514019Z Preparing to unpack .../093-libshout3_2.4.6-1build2_amd64.deb ...
2025-10-08T10:10:03.7530812Z Unpacking libshout3:amd64 (2.4.6-1build2) ...
2025-10-08T10:10:03.7800900Z Selecting previously unselected package libtag1v5-vanilla:amd64.
2025-10-08T10:10:03.8023767Z Preparing to unpack .../094-libtag1v5-vanilla_1.13.1-1build1_amd64.deb ...
2025-10-08T10:10:03.8037171Z Unpacking libtag1v5-vanilla:amd64 (1.13.1-1build1) ...
2025-10-08T10:10:03.8356254Z Selecting previously unselected package libtag1v5:amd64.
2025-10-08T10:10:03.8494819Z Preparing to unpack .../095-libtag1v5_1.13.1-1build1_amd64.deb ...
2025-10-08T10:10:03.8505034Z Unpacking libtag1v5:amd64 (1.13.1-1build1) ...
2025-10-08T10:10:03.8755270Z Selecting previously unselected package libv4lconvert0t64:amd64.
2025-10-08T10:10:03.8896318Z Preparing to unpack .../096-libv4lconvert0t64_1.26.1-4build3_amd64.deb ...
2025-10-08T10:10:03.8907089Z Unpacking libv4lconvert0t64:amd64 (1.26.1-4build3) ...
2025-10-08T10:10:03.9163145Z Selecting previously unselected package libv4l-0t64:amd64.
2025-10-08T10:10:03.9302225Z Preparing to unpack .../097-libv4l-0t64_1.26.1-4build3_amd64.deb ...
2025-10-08T10:10:03.9314356Z Unpacking libv4l-0t64:amd64 (1.26.1-4build3) ...
2025-10-08T10:10:03.9570051Z Selecting previously unselected package libwavpack1:amd64.
2025-10-08T10:10:03.9709624Z Preparing to unpack .../098-libwavpack1_5.6.0-1build1_amd64.deb ...
2025-10-08T10:10:03.9721623Z Unpacking libwavpack1:amd64 (5.6.0-1build1) ...
2025-10-08T10:10:03.9969718Z Selecting previously unselected package libsoup-3.0-common.
2025-10-08T10:10:04.0106803Z Preparing to unpack .../099-libsoup-3.0-common_3.4.4-5ubuntu0.5_all.deb ...
2025-10-08T10:10:04.0115793Z Unpacking libsoup-3.0-common (3.4.4-5ubuntu0.5) ...
2025-10-08T10:10:04.0356297Z Selecting previously unselected package libsoup-3.0-0:amd64.
2025-10-08T10:10:04.0493305Z Preparing to unpack .../100-libsoup-3.0-0_3.4.4-5ubuntu0.5_amd64.deb ...
2025-10-08T10:10:04.0511098Z Unpacking libsoup-3.0-0:amd64 (3.4.4-5ubuntu0.5) ...
2025-10-08T10:10:04.0763585Z Selecting previously unselected package gstreamer1.0-plugins-good:amd64.
2025-10-08T10:10:04.0899186Z Preparing to unpack .../101-gstreamer1.0-plugins-good_1.24.2-1ubuntu1.2_amd64.deb ...
2025-10-08T10:10:04.0907184Z Unpacking gstreamer1.0-plugins-good:amd64 (1.24.2-1ubuntu1.2) ...
2025-10-08T10:10:04.1534105Z Selecting previously unselected package libabsl20220623t64:amd64.
2025-10-08T10:10:04.1671486Z Preparing to unpack .../102-libabsl20220623t64_20220623.1-3.1ubuntu3.2_amd64.deb ...
2025-10-08T10:10:04.1682725Z Unpacking libabsl20220623t64:amd64 (20220623.1-3.1ubuntu3.2) ...
2025-10-08T10:10:04.2128890Z Selecting previously unselected package libgav1-1:amd64.
2025-10-08T10:10:04.2266561Z Preparing to unpack .../103-libgav1-1_0.18.0-1build3_amd64.deb ...
2025-10-08T10:10:04.2273996Z Unpacking libgav1-1:amd64 (0.18.0-1build3) ...
2025-10-08T10:10:04.2539592Z Selecting previously unselected package libyuv0:amd64.
2025-10-08T10:10:04.2676430Z Preparing to unpack .../104-libyuv0_0.0~git202401110.af6ac82-1_amd64.deb ...
2025-10-08T10:10:04.2685410Z Unpacking libyuv0:amd64 (0.0~git202401110.af6ac82-1) ...
2025-10-08T10:10:04.2939991Z Selecting previously unselected package libavif16:amd64.
2025-10-08T10:10:04.3076671Z Preparing to unpack .../105-libavif16_1.0.4-1ubuntu3_amd64.deb ...
2025-10-08T10:10:04.3085130Z Unpacking libavif16:amd64 (1.0.4-1ubuntu3) ...
2025-10-08T10:10:04.3322475Z Selecting previously unselected package libavtp0:amd64.
2025-10-08T10:10:04.3515523Z Preparing to unpack .../106-libavtp0_0.2.0-1build1_amd64.deb ...
2025-10-08T10:10:04.3524365Z Unpacking libavtp0:amd64 (0.2.0-1build1) ...
2025-10-08T10:10:04.3747712Z Selecting previously unselected package libcairo-script-interpreter2:amd64.
2025-10-08T10:10:04.3884100Z Preparing to unpack .../107-libcairo-script-interpreter2_1.18.0-3build1_amd64.deb ...
2025-10-08T10:10:04.3894236Z Unpacking libcairo-script-interpreter2:amd64 (1.18.0-3build1) ...
2025-10-08T10:10:04.4132320Z Selecting previously unselected package libdc1394-25:amd64.
2025-10-08T10:10:04.4268347Z Preparing to unpack .../108-libdc1394-25_2.2.6-4build1_amd64.deb ...
2025-10-08T10:10:04.4293619Z Unpacking libdc1394-25:amd64 (2.2.6-4build1) ...
2025-10-08T10:10:04.4530710Z Selecting previously unselected package libdecor-0-0:amd64.
2025-10-08T10:10:04.4668417Z Preparing to unpack .../109-libdecor-0-0_0.2.2-1build2_amd64.deb ...
2025-10-08T10:10:04.4678670Z Unpacking libdecor-0-0:amd64 (0.2.2-1build2) ...
2025-10-08T10:10:04.4901643Z Selecting previously unselected package libgles2:amd64.
2025-10-08T10:10:04.5037785Z Preparing to unpack .../110-libgles2_1.7.0-1build1_amd64.deb ...
2025-10-08T10:10:04.5046034Z Unpacking libgles2:amd64 (1.7.0-1build1) ...
2025-10-08T10:10:04.5275374Z Selecting previously unselected package libdirectfb-1.7-7t64:amd64.
2025-10-08T10:10:04.5412979Z Preparing to unpack .../111-libdirectfb-1.7-7t64_1.7.7-11.1ubuntu2_amd64.deb ...
2025-10-08T10:10:04.5422035Z Unpacking libdirectfb-1.7-7t64:amd64 (1.7.7-11.1ubuntu2) ...
2025-10-08T10:10:04.5860026Z Selecting previously unselected package libdvdread8t64:amd64.
2025-10-08T10:10:04.5992414Z Preparing to unpack .../112-libdvdread8t64_6.1.3-1.1build1_amd64.deb ...
2025-10-08T10:10:04.6000562Z Unpacking libdvdread8t64:amd64 (6.1.3-1.1build1) ...
2025-10-08T10:10:04.6226042Z Selecting previously unselected package libdvdnav4:amd64.
2025-10-08T10:10:04.6358642Z Preparing to unpack .../113-libdvdnav4_6.1.1-3build1_amd64.deb ...
2025-10-08T10:10:04.6367365Z Unpacking libdvdnav4:amd64 (6.1.1-3build1) ...
2025-10-08T10:10:04.6592399Z Selecting previously unselected package libegl-mesa0:amd64.
2025-10-08T10:10:04.6725929Z Preparing to unpack .../114-libegl-mesa0_25.0.7-0ubuntu0.24.04.2_amd64.deb ...
2025-10-08T10:10:04.6733842Z Unpacking libegl-mesa0:amd64 (25.0.7-0ubuntu0.24.04.2) ...
2025-10-08T10:10:04.6981211Z Selecting previously unselected package libevent-2.1-7t64:amd64.
2025-10-08T10:10:04.7113094Z Preparing to unpack .../115-libevent-2.1-7t64_2.1.12-stable-9ubuntu2_amd64.deb ...
2025-10-08T10:10:04.7122653Z Unpacking libevent-2.1-7t64:amd64 (2.1.12-stable-9ubuntu2) ...
2025-10-08T10:10:04.7360017Z Selecting previously unselected package libfaad2:amd64.
2025-10-08T10:10:04.7496887Z Preparing to unpack .../116-libfaad2_2.11.1-1build1_amd64.deb ...
2025-10-08T10:10:04.7505691Z Unpacking libfaad2:amd64 (2.11.1-1build1) ...
2025-10-08T10:10:04.7779230Z Selecting previously unselected package libinstpatch-1.0-2:amd64.
2025-10-08T10:10:04.7910220Z Preparing to unpack .../117-libinstpatch-1.0-2_1.1.6-1build2_amd64.deb ...
2025-10-08T10:10:04.7918708Z Unpacking libinstpatch-1.0-2:amd64 (1.1.6-1build2) ...
2025-10-08T10:10:04.8161046Z Selecting previously unselected package libjack-jackd2-0:amd64.
2025-10-08T10:10:04.8294082Z Preparing to unpack .../118-libjack-jackd2-0_1.9.21~dfsg-3ubuntu3_amd64.deb ...
2025-10-08T10:10:04.8302310Z Unpacking libjack-jackd2-0:amd64 (1.9.21~dfsg-3ubuntu3) ...
2025-10-08T10:10:04.8561743Z Selecting previously unselected package libwebrtc-audio-processing1:amd64.
2025-10-08T10:10:04.8693548Z Preparing to unpack .../119-libwebrtc-audio-processing1_0.3.1-0ubuntu6_amd64.deb ...
2025-10-08T10:10:04.8716641Z Unpacking libwebrtc-audio-processing1:amd64 (0.3.1-0ubuntu6) ...
2025-10-08T10:10:04.8954494Z Selecting previously unselected package libspa-0.2-modules:amd64.
2025-10-08T10:10:04.9086616Z Preparing to unpack .../120-libspa-0.2-modules_1.0.5-1ubuntu3.1_amd64.deb ...
2025-10-08T10:10:04.9094705Z Unpacking libspa-0.2-modules:amd64 (1.0.5-1ubuntu3.1) ...
2025-10-08T10:10:04.9422598Z Selecting previously unselected package libpipewire-0.3-0t64:amd64.
2025-10-08T10:10:04.9554480Z Preparing to unpack .../121-libpipewire-0.3-0t64_1.0.5-1ubuntu3.1_amd64.deb ...
2025-10-08T10:10:04.9562979Z Unpacking libpipewire-0.3-0t64:amd64 (1.0.5-1ubuntu3.1) ...
2025-10-08T10:10:04.9847327Z Selecting previously unselected package libsdl2-2.0-0:amd64.
2025-10-08T10:10:04.9980515Z Preparing to unpack .../122-libsdl2-2.0-0_2.30.0+dfsg-1ubuntu3.1_amd64.deb ...
2025-10-08T10:10:04.9989652Z Unpacking libsdl2-2.0-0:amd64 (2.30.0+dfsg-1ubuntu3.1) ...
2025-10-08T10:10:05.0301454Z Selecting previously unselected package timgm6mb-soundfont.
2025-10-08T10:10:05.0433064Z Preparing to unpack .../123-timgm6mb-soundfont_1.3-5_all.deb ...
2025-10-08T10:10:05.0443289Z Unpacking timgm6mb-soundfont (1.3-5) ...
2025-10-08T10:10:05.3862108Z Selecting previously unselected package libfluidsynth3:amd64.
2025-10-08T10:10:05.3996659Z Preparing to unpack .../124-libfluidsynth3_2.3.4-1build3_amd64.deb ...
2025-10-08T10:10:05.4006474Z Unpacking libfluidsynth3:amd64 (2.3.4-1build3) ...
2025-10-08T10:10:05.4297795Z Selecting previously unselected package libfreeaptx0:amd64.
2025-10-08T10:10:05.4430389Z Preparing to unpack .../125-libfreeaptx0_0.1.1-2build1_amd64.deb ...
2025-10-08T10:10:05.4438943Z Unpacking libfreeaptx0:amd64 (0.1.1-2build1) ...
2025-10-08T10:10:05.4652419Z Selecting previously unselected package libgraphene-1.0-0:amd64.
2025-10-08T10:10:05.4785934Z Preparing to unpack .../126-libgraphene-1.0-0_1.10.8-3build2_amd64.deb ...
2025-10-08T10:10:05.4794359Z Unpacking libgraphene-1.0-0:amd64 (1.10.8-3build2) ...
2025-10-08T10:10:05.5019815Z Selecting previously unselected package libgssdp-1.6-0:amd64.
2025-10-08T10:10:05.5153470Z Preparing to unpack .../127-libgssdp-1.6-0_1.6.3-1build3_amd64.deb ...
2025-10-08T10:10:05.5161847Z Unpacking libgssdp-1.6-0:amd64 (1.6.3-1build3) ...
2025-10-08T10:10:05.5391331Z Selecting previously unselected package libegl1:amd64.
2025-10-08T10:10:05.5527614Z Preparing to unpack .../128-libegl1_1.7.0-1build1_amd64.deb ...
2025-10-08T10:10:05.5536174Z Unpacking libegl1:amd64 (1.7.0-1build1) ...
2025-10-08T10:10:05.5776163Z Selecting previously unselected package libgstreamer-gl1.0-0:amd64.
2025-10-08T10:10:05.5912083Z Preparing to unpack .../129-libgstreamer-gl1.0-0_1.24.2-1ubuntu0.3_amd64.deb ...
2025-10-08T10:10:05.5921818Z Unpacking libgstreamer-gl1.0-0:amd64 (1.24.2-1ubuntu0.3) ...
2025-10-08T10:10:05.6167888Z Selecting previously unselected package libgtk-4-common.
2025-10-08T10:10:05.6302820Z Preparing to unpack .../130-libgtk-4-common_4.14.5+ds-0ubuntu0.5_all.deb ...
2025-10-08T10:10:05.6311161Z Unpacking libgtk-4-common (4.14.5+ds-0ubuntu0.5) ...
2025-10-08T10:10:05.6813430Z Selecting previously unselected package libgtk-4-1:amd64.
2025-10-08T10:10:05.6946535Z Preparing to unpack .../131-libgtk-4-1_4.14.5+ds-0ubuntu0.5_amd64.deb ...
2025-10-08T10:10:05.6955450Z Unpacking libgtk-4-1:amd64 (4.14.5+ds-0ubuntu0.5) ...
2025-10-08T10:10:05.7661747Z Selecting previously unselected package libgupnp-1.6-0:amd64.
2025-10-08T10:10:05.7795448Z Preparing to unpack .../132-libgupnp-1.6-0_1.6.6-1build3_amd64.deb ...
2025-10-08T10:10:05.7803687Z Unpacking libgupnp-1.6-0:amd64 (1.6.6-1build3) ...
2025-10-08T10:10:05.8045858Z Selecting previously unselected package libgupnp-igd-1.6-0:amd64.
2025-10-08T10:10:05.8178970Z Preparing to unpack .../133-libgupnp-igd-1.6-0_1.6.0-3build3_amd64.deb ...
2025-10-08T10:10:05.8189862Z Unpacking libgupnp-igd-1.6-0:amd64 (1.6.0-3build3) ...
2025-10-08T10:10:05.8408074Z Selecting previously unselected package libharfbuzz-icu0:amd64.
2025-10-08T10:10:05.8541064Z Preparing to unpack .../134-libharfbuzz-icu0_8.3.0-2build2_amd64.deb ...
2025-10-08T10:10:05.8549640Z Unpacking libharfbuzz-icu0:amd64 (8.3.0-2build2) ...
2025-10-08T10:10:05.8766595Z Selecting previously unselected package libhyphen0:amd64.
2025-10-08T10:10:05.8899778Z Preparing to unpack .../135-libhyphen0_2.8.8-7build3_amd64.deb ...
2025-10-08T10:10:05.8907630Z Unpacking libhyphen0:amd64 (2.8.8-7build3) ...
2025-10-08T10:10:05.9127579Z Selecting previously unselected package libimath-3-1-29t64:amd64.
2025-10-08T10:10:05.9261551Z Preparing to unpack .../136-libimath-3-1-29t64_3.1.9-3.1ubuntu2_amd64.deb ...
2025-10-08T10:10:05.9269470Z Unpacking libimath-3-1-29t64:amd64 (3.1.9-3.1ubuntu2) ...
2025-10-08T10:10:05.9504909Z Selecting previously unselected package liblc3-1:amd64.
2025-10-08T10:10:05.9640575Z Preparing to unpack .../137-liblc3-1_1.0.4-3build1_amd64.deb ...
2025-10-08T10:10:05.9649098Z Unpacking liblc3-1:amd64 (1.0.4-3build1) ...
2025-10-08T10:10:05.9873654Z Selecting previously unselected package libldacbt-enc2:amd64.
2025-10-08T10:10:06.0009521Z Preparing to unpack .../138-libldacbt-enc2_2.0.2.3+git20200429+ed310a0-4ubuntu2_amd64.deb ...
2025-10-08T10:10:06.0017833Z Unpacking libldacbt-enc2:amd64 (2.0.2.3+git20200429+ed310a0-4ubuntu2) ...
2025-10-08T10:10:06.0238771Z Selecting previously unselected package libraptor2-0:amd64.
2025-10-08T10:10:06.0380448Z Preparing to unpack .../139-libraptor2-0_2.0.16-3ubuntu0.1_amd64.deb ...
2025-10-08T10:10:06.0388613Z Unpacking libraptor2-0:amd64 (2.0.16-3ubuntu0.1) ...
2025-10-08T10:10:06.0633209Z Selecting previously unselected package liblrdf0:amd64.
2025-10-08T10:10:06.0765054Z Preparing to unpack .../140-liblrdf0_0.6.1-4build1_amd64.deb ...
2025-10-08T10:10:06.0773210Z Unpacking liblrdf0:amd64 (0.6.1-4build1) ...
2025-10-08T10:10:06.1013378Z Selecting previously unselected package libltc11:amd64.
2025-10-08T10:10:06.1145725Z Preparing to unpack .../141-libltc11_1.3.2-1build1_amd64.deb ...
2025-10-08T10:10:06.1154862Z Unpacking libltc11:amd64 (1.3.2-1build1) ...
2025-10-08T10:10:06.1369373Z Selecting previously unselected package libmanette-0.2-0:amd64.
2025-10-08T10:10:06.1501687Z Preparing to unpack .../142-libmanette-0.2-0_0.2.7-1build2_amd64.deb ...
2025-10-08T10:10:06.1510389Z Unpacking libmanette-0.2-0:amd64 (0.2.7-1build2) ...
2025-10-08T10:10:06.1732645Z Selecting previously unselected package libmfx1:amd64.
2025-10-08T10:10:06.1863996Z Preparing to unpack .../143-libmfx1_22.5.4-1_amd64.deb ...
2025-10-08T10:10:06.1873822Z Unpacking libmfx1:amd64 (22.5.4-1) ...
2025-10-08T10:10:06.2868779Z Selecting previously unselected package libmjpegutils-2.1-0t64:amd64.
2025-10-08T10:10:06.3002184Z Preparing to unpack .../144-libmjpegutils-2.1-0t64_1%3a2.1.0+debian-8.1build1_amd64.deb ...
2025-10-08T10:10:06.3009884Z Unpacking libmjpegutils-2.1-0t64:amd64 (1:2.1.0+debian-8.1build1) ...
2025-10-08T10:10:06.3227895Z Selecting previously unselected package libmodplug1:amd64.
2025-10-08T10:10:06.3359586Z Preparing to unpack .../145-libmodplug1_1%3a0.8.9.0-3build1_amd64.deb ...
2025-10-08T10:10:06.3367762Z Unpacking libmodplug1:amd64 (1:0.8.9.0-3build1) ...
2025-10-08T10:10:06.3597662Z Selecting previously unselected package libmpcdec6:amd64.
2025-10-08T10:10:06.3733272Z Preparing to unpack .../146-libmpcdec6_2%3a0.1~r495-2build1_amd64.deb ...
2025-10-08T10:10:06.3743148Z Unpacking libmpcdec6:amd64 (2:0.1~r495-2build1) ...
2025-10-08T10:10:06.3956695Z Selecting previously unselected package libmpeg2encpp-2.1-0t64:amd64.
2025-10-08T10:10:06.4089208Z Preparing to unpack .../147-libmpeg2encpp-2.1-0t64_1%3a2.1.0+debian-8.1build1_amd64.deb ...
2025-10-08T10:10:06.4098181Z Unpacking libmpeg2encpp-2.1-0t64:amd64 (1:2.1.0+debian-8.1build1) ...
2025-10-08T10:10:06.4327314Z Selecting previously unselected package libmplex2-2.1-0t64:amd64.
2025-10-08T10:10:06.4459983Z Preparing to unpack .../148-libmplex2-2.1-0t64_1%3a2.1.0+debian-8.1build1_amd64.deb ...
2025-10-08T10:10:06.4469358Z Unpacking libmplex2-2.1-0t64:amd64 (1:2.1.0+debian-8.1build1) ...
2025-10-08T10:10:06.4691475Z Selecting previously unselected package libneon27t64:amd64.
2025-10-08T10:10:06.4825035Z Preparing to unpack .../149-libneon27t64_0.33.0-1.1build3_amd64.deb ...
2025-10-08T10:10:06.4833754Z Unpacking libneon27t64:amd64 (0.33.0-1.1build3) ...
2025-10-08T10:10:06.5066548Z Selecting previously unselected package libnice10:amd64.
2025-10-08T10:10:06.5198278Z Preparing to unpack .../150-libnice10_0.1.21-2build3_amd64.deb ...
2025-10-08T10:10:06.5207635Z Unpacking libnice10:amd64 (0.1.21-2build3) ...
2025-10-08T10:10:06.5436504Z Selecting previously unselected package libopenal-data.
2025-10-08T10:10:06.5568867Z Preparing to unpack .../151-libopenal-data_1%3a1.23.1-4build1_all.deb ...
2025-10-08T10:10:06.5577628Z Unpacking libopenal-data (1:1.23.1-4build1) ...
2025-10-08T10:10:06.5828541Z Selecting previously unselected package libopenexr-3-1-30:amd64.
2025-10-08T10:10:06.5964171Z Preparing to unpack .../152-libopenexr-3-1-30_3.1.5-5.1build3_amd64.deb ...
2025-10-08T10:10:06.5973730Z Unpacking libopenexr-3-1-30:amd64 (3.1.5-5.1build3) ...
2025-10-08T10:10:06.6358627Z Selecting previously unselected package libopenh264-7:amd64.
2025-10-08T10:10:06.6492560Z Preparing to unpack .../153-libopenh264-7_2.4.1+dfsg-1_amd64.deb ...
2025-10-08T10:10:06.6502571Z Unpacking libopenh264-7:amd64 (2.4.1+dfsg-1) ...
2025-10-08T10:10:06.6786376Z Selecting previously unselected package libopenni2-0:amd64.
2025-10-08T10:10:06.6919727Z Preparing to unpack .../154-libopenni2-0_2.2.0.33+dfsg-18_amd64.deb ...
2025-10-08T10:10:06.6953568Z Unpacking libopenni2-0:amd64 (2.2.0.33+dfsg-18) ...
2025-10-08T10:10:06.7240212Z Selecting previously unselected package libqrencode4:amd64.
2025-10-08T10:10:06.7375135Z Preparing to unpack .../155-libqrencode4_4.1.1-1build2_amd64.deb ...
2025-10-08T10:10:06.7383503Z Unpacking libqrencode4:amd64 (4.1.1-1build2) ...
2025-10-08T10:10:06.7617538Z Selecting previously unselected package libsecret-common.
2025-10-08T10:10:06.7752171Z Preparing to unpack .../156-libsecret-common_0.21.4-1build3_all.deb ...
2025-10-08T10:10:06.7762376Z Unpacking libsecret-common (0.21.4-1build3) ...
2025-10-08T10:10:06.7975222Z Selecting previously unselected package libsecret-1-0:amd64.
2025-10-08T10:10:06.8110188Z Preparing to unpack .../157-libsecret-1-0_0.21.4-1build3_amd64.deb ...
2025-10-08T10:10:06.8119292Z Unpacking libsecret-1-0:amd64 (0.21.4-1build3) ...
2025-10-08T10:10:06.8361606Z Selecting previously unselected package libsndio7.0:amd64.
2025-10-08T10:10:06.8495721Z Preparing to unpack .../158-libsndio7.0_1.9.0-0.3build3_amd64.deb ...
2025-10-08T10:10:06.8506015Z Unpacking libsndio7.0:amd64 (1.9.0-0.3build3) ...
2025-10-08T10:10:06.8741124Z Selecting previously unselected package libsoundtouch1:amd64.
2025-10-08T10:10:06.8875207Z Preparing to unpack .../159-libsoundtouch1_2.3.2+ds1-1build1_amd64.deb ...
2025-10-08T10:10:06.8883319Z Unpacking libsoundtouch1:amd64 (2.3.2+ds1-1build1) ...
2025-10-08T10:10:06.9110543Z Selecting previously unselected package libspandsp2t64:amd64.
2025-10-08T10:10:06.9245932Z Preparing to unpack .../160-libspandsp2t64_0.0.6+dfsg-2.1build1_amd64.deb ...
2025-10-08T10:10:06.9253892Z Unpacking libspandsp2t64:amd64 (0.0.6+dfsg-2.1build1) ...
2025-10-08T10:10:06.9526536Z Selecting previously unselected package libsrtp2-1:amd64.
2025-10-08T10:10:06.9662617Z Preparing to unpack .../161-libsrtp2-1_2.5.0-3build1_amd64.deb ...
2025-10-08T10:10:06.9671475Z Unpacking libsrtp2-1:amd64 (2.5.0-3build1) ...
2025-10-08T10:10:06.9906535Z Selecting previously unselected package libwildmidi2:amd64.
2025-10-08T10:10:07.0040396Z Preparing to unpack .../162-libwildmidi2_0.4.3-1build3_amd64.deb ...
2025-10-08T10:10:07.0049284Z Unpacking libwildmidi2:amd64 (0.4.3-1build3) ...
2025-10-08T10:10:07.0288623Z Selecting previously unselected package libwoff1:amd64.
2025-10-08T10:10:07.0424078Z Preparing to unpack .../163-libwoff1_1.0.2-2build1_amd64.deb ...
2025-10-08T10:10:07.0432989Z Unpacking libwoff1:amd64 (1.0.2-2build1) ...
2025-10-08T10:10:07.0676171Z Selecting previously unselected package libxcb-xkb1:amd64.
2025-10-08T10:10:07.0814259Z Preparing to unpack .../164-libxcb-xkb1_1.15-1ubuntu2_amd64.deb ...
2025-10-08T10:10:07.0825710Z Unpacking libxcb-xkb1:amd64 (1.15-1ubuntu2) ...
2025-10-08T10:10:07.1188268Z Selecting previously unselected package libxkbcommon-x11-0:amd64.
2025-10-08T10:10:07.1323072Z Preparing to unpack .../165-libxkbcommon-x11-0_1.6.0-1build1_amd64.deb ...
2025-10-08T10:10:07.1330866Z Unpacking libxkbcommon-x11-0:amd64 (1.6.0-1build1) ...
2025-10-08T10:10:07.1550982Z Selecting previously unselected package libzbar0t64:amd64.
2025-10-08T10:10:07.1684533Z Preparing to unpack .../166-libzbar0t64_0.23.93-4build3_amd64.deb ...
2025-10-08T10:10:07.1692918Z Unpacking libzbar0t64:amd64 (0.23.93-4build3) ...
2025-10-08T10:10:07.1942962Z Selecting previously unselected package libzxing3:amd64.
2025-10-08T10:10:07.2077909Z Preparing to unpack .../167-libzxing3_2.2.1-3_amd64.deb ...
2025-10-08T10:10:07.2085726Z Unpacking libzxing3:amd64 (2.2.1-3) ...
2025-10-08T10:10:07.2352100Z Selecting previously unselected package xfonts-encodings.
2025-10-08T10:10:07.2486060Z Preparing to unpack .../168-xfonts-encodings_1%3a1.0.5-0ubuntu2_all.deb ...
2025-10-08T10:10:07.2493871Z Unpacking xfonts-encodings (1:1.0.5-0ubuntu2) ...
2025-10-08T10:10:07.2808198Z Selecting previously unselected package xfonts-utils.
2025-10-08T10:10:07.2941952Z Preparing to unpack .../169-xfonts-utils_1%3a7.7+6build3_amd64.deb ...
2025-10-08T10:10:07.2950950Z Unpacking xfonts-utils (1:7.7+6build3) ...
2025-10-08T10:10:07.3836346Z Selecting previously unselected package xfonts-cyrillic.
2025-10-08T10:10:07.3971859Z Preparing to unpack .../170-xfonts-cyrillic_1%3a1.0.5+nmu1_all.deb ...
2025-10-08T10:10:07.3980903Z Unpacking xfonts-cyrillic (1:1.0.5+nmu1) ...
2025-10-08T10:10:07.4349535Z Selecting previously unselected package xfonts-scalable.
2025-10-08T10:10:07.4484605Z Preparing to unpack .../171-xfonts-scalable_1%3a1.0.3-1.3_all.deb ...
2025-10-08T10:10:07.4493318Z Unpacking xfonts-scalable (1:1.0.3-1.3) ...
2025-10-08T10:10:07.4755346Z Selecting previously unselected package libgstreamer-plugins-bad1.0-0:amd64.
2025-10-08T10:10:07.4889914Z Preparing to unpack .../172-libgstreamer-plugins-bad1.0-0_1.24.2-1ubuntu4_amd64.deb ...
2025-10-08T10:10:07.4899763Z Unpacking libgstreamer-plugins-bad1.0-0:amd64 (1.24.2-1ubuntu4) ...
2025-10-08T10:10:07.5290446Z Selecting previously unselected package libdca0:amd64.
2025-10-08T10:10:07.5424429Z Preparing to unpack .../173-libdca0_0.0.7-2build1_amd64.deb ...
2025-10-08T10:10:07.5432586Z Unpacking libdca0:amd64 (0.0.7-2build1) ...
2025-10-08T10:10:07.5662844Z Selecting previously unselected package libopenal1:amd64.
2025-10-08T10:10:07.5797369Z Preparing to unpack .../174-libopenal1_1%3a1.23.1-4build1_amd64.deb ...
2025-10-08T10:10:07.5806014Z Unpacking libopenal1:amd64 (1:1.23.1-4build1) ...
2025-10-08T10:10:07.6079065Z Selecting previously unselected package libsbc1:amd64.
2025-10-08T10:10:07.6213061Z Preparing to unpack .../175-libsbc1_2.0-1build1_amd64.deb ...
2025-10-08T10:10:07.6224467Z Unpacking libsbc1:amd64 (2.0-1build1) ...
2025-10-08T10:10:07.6471815Z Selecting previously unselected package libvo-aacenc0:amd64.
2025-10-08T10:10:07.6608432Z Preparing to unpack .../176-libvo-aacenc0_0.1.3-2build1_amd64.deb ...
2025-10-08T10:10:07.6617331Z Unpacking libvo-aacenc0:amd64 (0.1.3-2build1) ...
2025-10-08T10:10:07.6844590Z Selecting previously unselected package libvo-amrwbenc0:amd64.
2025-10-08T10:10:07.6981074Z Preparing to unpack .../177-libvo-amrwbenc0_0.1.3-2build1_amd64.deb ...
2025-10-08T10:10:07.6989858Z Unpacking libvo-amrwbenc0:amd64 (0.1.3-2build1) ...
2025-10-08T10:10:07.7218006Z Selecting previously unselected package gstreamer1.0-plugins-bad:amd64.
2025-10-08T10:10:07.7355805Z Preparing to unpack .../178-gstreamer1.0-plugins-bad_1.24.2-1ubuntu4_amd64.deb ...
2025-10-08T10:10:07.7367862Z Unpacking gstreamer1.0-plugins-bad:amd64 (1.24.2-1ubuntu4) ...
2025-10-08T10:10:07.8542559Z Setting up libgme0:amd64 (0.6.3-7build1) ...
2025-10-08T10:10:07.8571239Z Setting up libchromaprint1:amd64 (1.5.1-5) ...
2025-10-08T10:10:07.8592163Z Setting up libssh-gcrypt-4:amd64 (0.10.6-2ubuntu0.1) ...
2025-10-08T10:10:07.8612490Z Setting up libhwy1t64:amd64 (1.0.7-8.1build1) ...
2025-10-08T10:10:07.8631323Z Setting up libcairo-script-interpreter2:amd64 (1.18.0-3build1) ...
2025-10-08T10:10:07.8654453Z Setting up libfreeaptx0:amd64 (0.1.1-2build1) ...
2025-10-08T10:10:07.8674305Z Setting up libdvdread8t64:amd64 (6.1.3-1.1build1) ...
2025-10-08T10:10:07.8697639Z Setting up libudfread0:amd64 (1.1.2-1build1) ...
2025-10-08T10:10:07.8717690Z Setting up libmodplug1:amd64 (1:0.8.9.0-3build1) ...
2025-10-08T10:10:07.8736536Z Setting up libcdparanoia0:amd64 (3.10.2+debian-14build3) ...
2025-10-08T10:10:07.8758384Z Setting up libvo-amrwbenc0:amd64 (0.1.3-2build1) ...
2025-10-08T10:10:07.8777888Z Setting up session-migration (0.3.9build1) ...
2025-10-08T10:10:08.0106804Z Created symlink /etc/systemd/user/graphical-session-pre.target.wants/session-migration.service → /usr/lib/systemd/user/session-migration.service.
2025-10-08T10:10:08.0107796Z 
2025-10-08T10:10:08.0140403Z Setting up libraw1394-11:amd64 (2.1.2-2build3) ...
2025-10-08T10:10:08.0160098Z Setting up libsbc1:amd64 (2.0-1build1) ...
2025-10-08T10:10:08.0180297Z Setting up libproxy1v5:amd64 (0.5.4-4build1) ...
2025-10-08T10:10:08.0199822Z Setting up libneon27t64:amd64 (0.33.0-1.1build3) ...
2025-10-08T10:10:08.0218876Z Setting up libtag1v5-vanilla:amd64 (1.13.1-1build1) ...
2025-10-08T10:10:08.0237731Z Setting up libharfbuzz-icu0:amd64 (8.3.0-2build2) ...
2025-10-08T10:10:08.0258796Z Setting up libopenni2-0:amd64 (2.2.0.33+dfsg-18) ...
2025-10-08T10:10:08.0459115Z Setting up libspeex1:amd64 (1.2.1-2ubuntu2.24.04.1) ...
2025-10-08T10:10:08.0486142Z Setting up libshine3:amd64 (3.1.1-2build1) ...
2025-10-08T10:10:08.0516961Z Setting up libcaca0:amd64 (0.99.beta20-4build2) ...
2025-10-08T10:10:08.0541604Z Setting up libvpl2 (2023.3.0-1build1) ...
2025-10-08T10:10:08.0563859Z Setting up libv4lconvert0t64:amd64 (1.26.1-4build3) ...
2025-10-08T10:10:08.0594755Z Setting up libx264-164:amd64 (2:0.164.3108+git31e19f9-1) ...
2025-10-08T10:10:08.0618531Z Setting up libtwolame0:amd64 (0.4.0-2build3) ...
2025-10-08T10:10:08.0641482Z Setting up libmbedcrypto7t64:amd64 (2.28.8-1) ...
2025-10-08T10:10:08.0667527Z Setting up libwoff1:amd64 (1.0.2-2build1) ...
2025-10-08T10:10:08.0692040Z Setting up liblc3-1:amd64 (1.0.4-3build1) ...
2025-10-08T10:10:08.0719665Z Setting up libqrencode4:amd64 (4.1.1-1build2) ...
2025-10-08T10:10:08.0775402Z Setting up libhyphen0:amd64 (2.8.8-7build3) ...
2025-10-08T10:10:08.0794739Z Setting up libgsm1:amd64 (1.0.22-1build1) ...
2025-10-08T10:10:08.0815071Z Setting up libvisual-0.4-0:amd64 (0.4.2-2build1) ...
2025-10-08T10:10:08.0836547Z Setting up libsoxr0:amd64 (0.1.3-4build3) ...
2025-10-08T10:10:08.0858156Z Setting up libzix-0-0:amd64 (0.4.2-2build1) ...
2025-10-08T10:10:08.0877771Z Setting up libcodec2-1.2:amd64 (1.2.0-2build1) ...
2025-10-08T10:10:08.0905927Z Setting up libmanette-0.2-0:amd64 (0.2.7-1build2) ...
2025-10-08T10:10:08.0926468Z Setting up libsrtp2-1:amd64 (2.5.0-3build1) ...
2025-10-08T10:10:08.0952109Z Setting up libmysofa1:amd64 (1.3.2+dfsg-2ubuntu2) ...
2025-10-08T10:10:08.0973587Z Setting up libraptor2-0:amd64 (2.0.16-3ubuntu0.1) ...
2025-10-08T10:10:08.0997987Z Setting up libldacbt-enc2:amd64 (2.0.2.3+git20200429+ed310a0-4ubuntu2) ...
2025-10-08T10:10:08.1020409Z Setting up fonts-wqy-zenhei (0.9.45-8) ...
2025-10-08T10:10:08.1145275Z Setting up libwebrtc-audio-processing1:amd64 (0.3.1-0ubuntu6) ...
2025-10-08T10:10:08.1167685Z Setting up fonts-freefont-ttf (20211204+svn4273-2) ...
2025-10-08T10:10:08.1187341Z Setting up libevent-2.1-7t64:amd64 (2.1.12-stable-9ubuntu2) ...
2025-10-08T10:10:08.1209830Z Setting up libsvtav1enc1d1:amd64 (1.7.0+dfsg-2build1) ...
2025-10-08T10:10:08.1235048Z Setting up libsoup-3.0-common (3.4.4-5ubuntu0.5) ...
2025-10-08T10:10:08.1254893Z Setting up libmpg123-0t64:amd64 (1.32.5-1ubuntu1.1) ...
2025-10-08T10:10:08.1277719Z Setting up libcjson1:amd64 (1.7.17-1) ...
2025-10-08T10:10:08.1297654Z Setting up libxvidcore4:amd64 (2:1.3.7-1build1) ...
2025-10-08T10:10:08.1318610Z Setting up libmpcdec6:amd64 (2:0.1~r495-2build1) ...
2025-10-08T10:10:08.1341432Z Setting up libmjpegutils-2.1-0t64:amd64 (1:2.1.0+debian-8.1build1) ...
2025-10-08T10:10:08.1362476Z Setting up librav1e0:amd64 (0.7.1-2) ...
2025-10-08T10:10:08.1387335Z Setting up liborc-0.4-0t64:amd64 (1:0.4.38-1ubuntu0.1) ...
2025-10-08T10:10:08.1421847Z Setting up libxcb-xkb1:amd64 (1.15-1ubuntu2) ...
2025-10-08T10:10:08.1442980Z Setting up libvo-aacenc0:amd64 (0.1.3-2build1) ...
2025-10-08T10:10:08.1464890Z Setting up librist4:amd64 (0.2.10+dfsg-2) ...
2025-10-08T10:10:08.1491460Z Setting up librsvg2-2:amd64 (2.58.0+dfsg-1build1) ...
2025-10-08T10:10:08.1510918Z Setting up libblas3:amd64 (3.12.0-3build1.1) ...
2025-10-08T10:10:08.1577230Z update-alternatives: using /usr/lib/x86_64-linux-gnu/blas/libblas.so.3 to provide /usr/lib/x86_64-linux-gnu/libblas.so.3 (libblas.so.3-x86_64-linux-gnu) in auto mode
2025-10-08T10:10:08.1596332Z Setting up libegl-mesa0:amd64 (25.0.7-0ubuntu0.24.04.2) ...
2025-10-08T10:10:08.1617765Z Setting up libsoundtouch1:amd64 (2.3.2+ds1-1build1) ...
2025-10-08T10:10:08.1638014Z Setting up libplacebo338:amd64 (6.338.2-2build1) ...
2025-10-08T10:10:08.1658498Z Setting up libgles2:amd64 (1.7.0-1build1) ...
2025-10-08T10:10:08.1677572Z Setting up fonts-tlwg-loma-otf (1:0.7.3-1) ...
2025-10-08T10:10:08.1697648Z Setting up libva2:amd64 (2.20.0-2build1) ...
2025-10-08T10:10:08.1719966Z Setting up libspa-0.2-modules:amd64 (1.0.5-1ubuntu3.1) ...
2025-10-08T10:10:08.1739652Z Setting up libzxing3:amd64 (2.2.1-3) ...
2025-10-08T10:10:08.1762961Z Setting up xfonts-encodings (1:1.0.5-0ubuntu2) ...
2025-10-08T10:10:08.1783516Z Setting up libopus0:amd64 (1.4-1build1) ...
2025-10-08T10:10:08.1802720Z Setting up libfaad2:amd64 (2.11.1-1build1) ...
2025-10-08T10:10:08.1823864Z Setting up libxkbcommon-x11-0:amd64 (1.6.0-1build1) ...
2025-10-08T10:10:08.1871413Z Setting up libdc1394-25:amd64 (2.2.6-4build1) ...
2025-10-08T10:10:08.1893166Z Setting up libimath-3-1-29t64:amd64 (3.1.9-3.1ubuntu2) ...
2025-10-08T10:10:08.1918603Z Setting up libunibreak5:amd64 (5.1-2build1) ...
2025-10-08T10:10:08.1941257Z Setting up libdv4t64:amd64 (1.0.0-17.1build1) ...
2025-10-08T10:10:08.1963600Z Setting up libjxl0.7:amd64 (0.7.0-10.2ubuntu6.1) ...
2025-10-08T10:10:08.1990709Z Setting up libopenh264-7:amd64 (2.4.1+dfsg-1) ...
2025-10-08T10:10:08.2019356Z Setting up libltc11:amd64 (1.3.2-1build1) ...
2025-10-08T10:10:08.2041502Z Setting up libx265-199:amd64 (3.5-2build1) ...
2025-10-08T10:10:08.2064716Z Setting up libv4l-0t64:amd64 (1.26.1-4build3) ...
2025-10-08T10:10:08.2088993Z Setting up libavtp0:amd64 (0.2.0-1build1) ...
2025-10-08T10:10:08.2109806Z Setting up libsndio7.0:amd64 (1.9.0-0.3build3) ...
2025-10-08T10:10:08.2131490Z Setting up libdirectfb-1.7-7t64:amd64 (1.7.7-11.1ubuntu2) ...
2025-10-08T10:10:08.2275107Z Setting up libspandsp2t64:amd64 (0.0.6+dfsg-2.1build1) ...
2025-10-08T10:10:08.2295885Z Setting up libvidstab1.1:amd64 (1.1.0-2build1) ...
2025-10-08T10:10:08.2319634Z Setting up libvpx9:amd64 (1.14.0-1ubuntu2.2) ...
2025-10-08T10:10:08.2342412Z Setting up libsrt1.5-gnutls:amd64 (1.5.3-1build2) ...
2025-10-08T10:10:08.2366907Z Setting up libtag1v5:amd64 (1.13.1-1build1) ...
2025-10-08T10:10:08.2387107Z Setting up libflite1:amd64 (2.2-6build3) ...
2025-10-08T10:10:08.2410574Z Setting up libdav1d7:amd64 (1.4.1-1build1) ...
2025-10-08T10:10:08.2431435Z Setting up libva-drm2:amd64 (2.20.0-2build1) ...
2025-10-08T10:10:08.2451039Z Setting up fonts-ipafont-gothic (00303-21ubuntu1) ...
2025-10-08T10:10:08.2525353Z update-alternatives: using /usr/share/fonts/opentype/ipafont-gothic/ipag.ttf to provide /usr/share/fonts/truetype/fonts-japanese-gothic.ttf (fonts-japanese-gothic.ttf) in auto mode
2025-10-08T10:10:08.2542883Z Setting up ocl-icd-libopencl1:amd64 (2.3.2-1build1) ...
2025-10-08T10:10:08.2563034Z Setting up libasyncns0:amd64 (0.8-6build4) ...
2025-10-08T10:10:08.2586489Z Setting up libwildmidi2:amd64 (0.4.3-1build3) ...
2025-10-08T10:10:08.2607806Z Setting up libvdpau1:amd64 (1.5-2build1) ...
2025-10-08T10:10:08.2644960Z Setting up libwavpack1:amd64 (5.6.0-1build1) ...
2025-10-08T10:10:08.2667863Z Setting up libbs2b0:amd64 (3.1.0+dfsg-7build1) ...
2025-10-08T10:10:08.2692616Z Setting up libtheora0:amd64 (1.1.1+dfsg.1-16.1build3) ...
2025-10-08T10:10:08.2719939Z Setting up libegl1:amd64 (1.7.0-1build1) ...
2025-10-08T10:10:08.2741214Z Setting up libdecor-0-0:amd64 (0.2.2-1build2) ...
2025-10-08T10:10:08.2763069Z Setting up libdca0:amd64 (0.0.7-2build1) ...
2025-10-08T10:10:08.2788660Z Setting up libzimg2:amd64 (3.0.5+ds1-1build1) ...
2025-10-08T10:10:08.2808578Z Setting up libopenal-data (1:1.23.1-4build1) ...
2025-10-08T10:10:08.2840041Z Setting up libabsl20220623t64:amd64 (20220623.1-3.1ubuntu3.2) ...
2025-10-08T10:10:08.2861523Z Setting up libflac12t64:amd64 (1.4.3+ds-2.1ubuntu2) ...
2025-10-08T10:10:08.2882066Z Setting up libgtk-4-common (4.14.5+ds-0ubuntu0.5) ...
2025-10-08T10:10:08.2907249Z Setting up libmpeg2encpp-2.1-0t64:amd64 (1:2.1.0+debian-8.1build1) ...
2025-10-08T10:10:08.2961182Z Setting up glib-networking-common (2.80.0-1build1) ...
2025-10-08T10:10:08.2983284Z Setting up libmfx1:amd64 (22.5.4-1) ...
2025-10-08T10:10:08.3008097Z Setting up libbluray2:amd64 (1:1.3.4-1build1) ...
2025-10-08T10:10:08.3030978Z Setting up libsamplerate0:amd64 (0.2.2-4build1) ...
2025-10-08T10:10:08.3052519Z Setting up timgm6mb-soundfont (1.3-5) ...
2025-10-08T10:10:08.3138933Z update-alternatives: using /usr/share/sounds/sf2/TimGM6mb.sf2 to provide /usr/share/sounds/sf2/default-GM.sf2 (default-GM.sf2) in auto mode
2025-10-08T10:10:08.3183377Z update-alternatives: using /usr/share/sounds/sf2/TimGM6mb.sf2 to provide /usr/share/sounds/sf3/default-GM.sf3 (default-GM.sf3) in auto mode
2025-10-08T10:10:08.3200500Z Setting up libva-x11-2:amd64 (2.20.0-2build1) ...
2025-10-08T10:10:08.3222943Z Setting up libyuv0:amd64 (0.0~git202401110.af6ac82-1) ...
2025-10-08T10:10:08.3247943Z Setting up libmplex2-2.1-0t64:amd64 (1:2.1.0+debian-8.1build1) ...
2025-10-08T10:10:08.3269395Z Setting up libpipewire-0.3-0t64:amd64 (1.0.5-1ubuntu3.1) ...
2025-10-08T10:10:08.3296402Z Setting up libopenmpt0t64:amd64 (0.7.3-1.1build3) ...
2025-10-08T10:10:08.3318926Z Setting up libzvbi-common (0.2.42-2) ...
2025-10-08T10:10:08.3347497Z Setting up libsecret-common (0.21.4-1build3) ...
2025-10-08T10:10:08.3367465Z Setting up libmp3lame0:amd64 (3.100-6build1) ...
2025-10-08T10:10:08.3388160Z Setting up libgraphene-1.0-0:amd64 (1.10.8-3build2) ...
2025-10-08T10:10:08.3414136Z Setting up libvorbisenc2:amd64 (1.3.7-1build3) ...
2025-10-08T10:10:08.3434601Z Setting up libdvdnav4:amd64 (6.1.1-3build1) ...
2025-10-08T10:10:08.3455214Z Setting up fonts-unifont (1:15.1.01-1build1) ...
2025-10-08T10:10:08.3476736Z Setting up libaa1:amd64 (1.4p5-51.1) ...
2025-10-08T10:10:08.3497239Z Setting up libiec61883-0:amd64 (1.2.0-6build1) ...
2025-10-08T10:10:08.3520488Z Setting up libserd-0-0:amd64 (0.32.2-1) ...
2025-10-08T10:10:08.3543236Z Setting up libavc1394-0:amd64 (0.5.4-5build3) ...
2025-10-08T10:10:08.3567162Z Setting up gsettings-desktop-schemas (46.1-0ubuntu1) ...
2025-10-08T10:10:08.3594441Z Setting up glib-networking-services (2.80.0-1build1) ...
2025-10-08T10:10:08.3614513Z Setting up liblapack3:amd64 (3.12.0-3build1.1) ...
2025-10-08T10:10:08.3677789Z update-alternatives: using /usr/lib/x86_64-linux-gnu/lapack/liblapack.so.3 to provide /usr/lib/x86_64-linux-gnu/liblapack.so.3 (liblapack.so.3-x86_64-linux-gnu) in auto mode
2025-10-08T10:10:08.3695303Z Setting up libzvbi0t64:amd64 (0.2.42-2) ...
2025-10-08T10:10:08.3718354Z Setting up liblrdf0:amd64 (0.6.1-4build1) ...
2025-10-08T10:10:08.3738148Z Setting up libzbar0t64:amd64 (0.23.93-4build3) ...
2025-10-08T10:10:08.3761053Z Setting up libgstreamer-plugins-base1.0-0:amd64 (1.24.2-1ubuntu0.3) ...
2025-10-08T10:10:08.3787887Z Setting up libavutil58:amd64 (7:6.1.1-3ubuntu5) ...
2025-10-08T10:10:08.3810981Z Setting up libopenal1:amd64 (1:1.23.1-4build1) ...
2025-10-08T10:10:08.3831330Z Setting up xfonts-utils (1:7.7+6build3) ...
2025-10-08T10:10:08.3878321Z Setting up libsecret-1-0:amd64 (0.21.4-1build3) ...
2025-10-08T10:10:08.3900267Z Setting up libgstreamer-plugins-good1.0-0:amd64 (1.24.2-1ubuntu1.2) ...
2025-10-08T10:10:08.3922691Z Setting up libgstreamer-gl1.0-0:amd64 (1.24.2-1ubuntu0.3) ...
2025-10-08T10:10:08.3947905Z Setting up gstreamer1.0-plugins-base:amd64 (1.24.2-1ubuntu0.3) ...
2025-10-08T10:10:08.3969717Z Setting up libass9:amd64 (1:0.17.1-2build1) ...
2025-10-08T10:10:08.3995192Z Setting up libswresample4:amd64 (7:6.1.1-3ubuntu5) ...
2025-10-08T10:10:08.4018220Z Setting up libopenexr-3-1-30:amd64 (3.1.5-5.1build3) ...
2025-10-08T10:10:08.4067367Z Setting up libshout3:amd64 (2.4.6-1build2) ...
2025-10-08T10:10:08.4093473Z Setting up libgav1-1:amd64 (0.18.0-1build3) ...
2025-10-08T10:10:08.4114603Z Setting up libavcodec60:amd64 (7:6.1.1-3ubuntu5) ...
2025-10-08T10:10:08.4138880Z Setting up librubberband2:amd64 (3.3.0+dfsg-2build1) ...
2025-10-08T10:10:08.4165366Z Setting up libjack-jackd2-0:amd64 (1.9.21~dfsg-3ubuntu3) ...
2025-10-08T10:10:08.4190422Z Setting up libsord-0-0:amd64 (0.16.16-2build1) ...
2025-10-08T10:10:08.4213824Z Setting up xfonts-cyrillic (1:1.0.5+nmu1) ...
2025-10-08T10:10:08.4779915Z Setting up libpostproc57:amd64 (7:6.1.1-3ubuntu5) ...
2025-10-08T10:10:08.4802594Z Setting up libsratom-0-0:amd64 (0.6.16-1build1) ...
2025-10-08T10:10:08.4832208Z Setting up libsndfile1:amd64 (1.2.2-1ubuntu5.24.04.1) ...
2025-10-08T10:10:08.4852251Z Setting up liblilv-0-0:amd64 (0.24.22-1build1) ...
2025-10-08T10:10:08.4876110Z Setting up libinstpatch-1.0-2:amd64 (1.1.6-1build2) ...
2025-10-08T10:10:08.4898642Z Setting up xfonts-scalable (1:1.0.3-1.3) ...
2025-10-08T10:10:08.5222245Z Setting up libswscale7:amd64 (7:6.1.1-3ubuntu5) ...
2025-10-08T10:10:08.5246785Z Setting up libavif16:amd64 (1.0.4-1ubuntu3) ...
2025-10-08T10:10:08.5267828Z Setting up libpulse0:amd64 (1:16.1+dfsg1-2ubuntu10.1) ...
2025-10-08T10:10:08.5352226Z Setting up libavformat60:amd64 (7:6.1.1-3ubuntu5) ...
2025-10-08T10:10:08.5377832Z Setting up libsphinxbase3t64:amd64 (0.8+5prealpha+1-17build2) ...
2025-10-08T10:10:08.5517952Z Setting up libsdl2-2.0-0:amd64 (2.30.0+dfsg-1ubuntu3.1) ...
2025-10-08T10:10:08.5541423Z Setting up libfluidsynth3:amd64 (2.3.4-1build3) ...
2025-10-08T10:10:08.5568097Z Setting up libpocketsphinx3:amd64 (0.8.0+real5prealpha+1-15ubuntu5) ...
2025-10-08T10:10:08.5591528Z Setting up libavfilter9:amd64 (7:6.1.1-3ubuntu5) ...
2025-10-08T10:10:08.5627675Z Setting up gstreamer1.0-libav:amd64 (1.24.1-1build1) ...
2025-10-08T10:10:08.5929175Z Processing triggers for fontconfig (2.15.0-1.1ubuntu2) ...
2025-10-08T10:10:09.0056527Z Processing triggers for libc-bin (2.39-0ubuntu8.6) ...
2025-10-08T10:10:11.0233878Z Processing triggers for man-db (2.12.0-4build2) ...
2025-10-08T10:11:54.4366391Z Processing triggers for libglib2.0-0t64:amd64 (2.80.0-6ubuntu3.4) ...
2025-10-08T10:11:54.4949600Z Setting up libgtk-4-1:amd64 (4.14.5+ds-0ubuntu0.5) ...
2025-10-08T10:11:54.5920601Z Setting up glib-networking:amd64 (2.80.0-1build1) ...
2025-10-08T10:11:54.5954048Z Setting up libsoup-3.0-0:amd64 (3.4.4-5ubuntu0.5) ...
2025-10-08T10:11:54.5983046Z Setting up libgssdp-1.6-0:amd64 (1.6.3-1build3) ...
2025-10-08T10:11:54.6056468Z Setting up gstreamer1.0-plugins-good:amd64 (1.24.2-1ubuntu1.2) ...
2025-10-08T10:11:54.6086921Z Setting up libgupnp-1.6-0:amd64 (1.6.6-1build3) ...
2025-10-08T10:11:54.6148349Z Setting up libgupnp-igd-1.6-0:amd64 (1.6.0-3build3) ...
2025-10-08T10:11:54.6184816Z Setting up libnice10:amd64 (0.1.21-2build3) ...
2025-10-08T10:11:54.6234933Z Setting up libgstreamer-plugins-bad1.0-0:amd64 (1.24.2-1ubuntu4) ...
2025-10-08T10:11:54.6275344Z Setting up gstreamer1.0-plugins-bad:amd64 (1.24.2-1ubuntu4) ...
2025-10-08T10:11:54.6297856Z Processing triggers for libc-bin (2.39-0ubuntu8.6) ...
2025-10-08T10:11:55.3170807Z 
2025-10-08T10:11:55.3171475Z Running kernel seems to be up-to-date.
2025-10-08T10:11:55.3171926Z 
2025-10-08T10:11:55.3172133Z Restarting services...
2025-10-08T10:11:55.3244329Z 
2025-10-08T10:11:55.3244878Z Service restarts being deferred:
2025-10-08T10:11:55.3248244Z  systemctl restart hosted-compute-agent.service
2025-10-08T10:11:55.3248568Z 
2025-10-08T10:11:55.3248959Z No containers need to be restarted.
2025-10-08T10:11:55.3249281Z 
2025-10-08T10:11:55.3249569Z No user sessions are running outdated binaries.
2025-10-08T10:11:55.3249900Z 
2025-10-08T10:11:55.3250358Z No VM guests are running outdated hypervisor (qemu) binaries on this host.
2025-10-08T10:11:56.3048877Z Downloading Webkit 26.0 (playwright build v2215) from https://cdn.playwright.dev/dbazure/download/playwright/builds/webkit/2215/webkit-ubuntu-24.04.zip
2025-10-08T10:11:56.4986082Z |                                                                                |   0% of 94.6 MiB
2025-10-08T10:11:56.5877615Z |■■■■■■■■                                                                        |  10% of 94.6 MiB
2025-10-08T10:11:56.6591645Z |■■■■■■■■■■■■■■■■                                                                |  20% of 94.6 MiB
2025-10-08T10:11:56.7389292Z |■■■■■■■■■■■■■■■■■■■■■■■■                                                        |  30% of 94.6 MiB
2025-10-08T10:11:56.7952905Z |■■■■■■■■■■■■■■■■■■■■■■■■■■■■■■■■                                                |  40% of 94.6 MiB
2025-10-08T10:11:56.8480570Z |■■■■■■■■■■■■■■■■■■■■■■■■■■■■■■■■■■■■■■■■                                        |  50% of 94.6 MiB
2025-10-08T10:11:56.8978687Z |■■■■■■■■■■■■■■■■■■■■■■■■■■■■■■■■■■■■■■■■■■■■■■■■                                |  60% of 94.6 MiB
2025-10-08T10:11:56.9505921Z |■■■■■■■■■■■■■■■■■■■■■■■■■■■■■■■■■■■■■■■■■■■■■■■■■■■■■■■■                        |  70% of 94.6 MiB
2025-10-08T10:11:56.9986532Z |■■■■■■■■■■■■■■■■■■■■■■■■■■■■■■■■■■■■■■■■■■■■■■■■■■■■■■■■■■■■■■■■                |  80% of 94.6 MiB
2025-10-08T10:11:57.0485048Z |■■■■■■■■■■■■■■■■■■■■■■■■■■■■■■■■■■■■■■■■■■■■■■■■■■■■■■■■■■■■■■■■■■■■■■■■        |  90% of 94.6 MiB
2025-10-08T10:11:57.0975217Z |■■■■■■■■■■■■■■■■■■■■■■■■■■■■■■■■■■■■■■■■■■■■■■■■■■■■■■■■■■■■■■■■■■■■■■■■■■■■■■■■| 100% of 94.6 MiB
2025-10-08T10:11:59.1101820Z Webkit 26.0 (playwright build v2215) downloaded to /home/runner/.cache/ms-playwright/webkit-2215
2025-10-08T10:12:00.7438860Z Installing dependencies...
2025-10-08T10:12:00.7588004Z Switching to root user to install dependencies...
2025-10-08T10:12:00.8257453Z Get:1 file:/etc/apt/apt-mirrors.txt Mirrorlist [144 B]
2025-10-08T10:12:00.8628054Z Hit:2 http://azure.archive.ubuntu.com/ubuntu noble InRelease
2025-10-08T10:12:00.8629727Z Hit:6 https://packages.microsoft.com/repos/azure-cli noble InRelease
2025-10-08T10:12:00.8630857Z Hit:7 https://packages.microsoft.com/ubuntu/24.04/prod noble InRelease
2025-10-08T10:12:00.8641491Z Hit:3 http://azure.archive.ubuntu.com/ubuntu noble-updates InRelease
2025-10-08T10:12:00.8647353Z Hit:4 http://azure.archive.ubuntu.com/ubuntu noble-backports InRelease
2025-10-08T10:12:00.8650896Z Hit:5 http://azure.archive.ubuntu.com/ubuntu noble-security InRelease
2025-10-08T10:12:02.1934914Z Reading package lists...
2025-10-08T10:12:02.2200807Z Reading package lists...
2025-10-08T10:12:02.4647466Z Building dependency tree...
2025-10-08T10:12:02.4657305Z Reading state information...
2025-10-08T10:12:02.7591147Z gstreamer1.0-libav is already the newest version (1.24.1-1build1).
2025-10-08T10:12:02.7592156Z gstreamer1.0-plugins-bad is already the newest version (1.24.2-1ubuntu4).
2025-10-08T10:12:02.7593166Z gstreamer1.0-plugins-base is already the newest version (1.24.2-1ubuntu0.3).
2025-10-08T10:12:02.7594225Z gstreamer1.0-plugins-good is already the newest version (1.24.2-1ubuntu1.2).
2025-10-08T10:12:02.7594808Z libicu74 is already the newest version (74.2-1ubuntu3.1).
2025-10-08T10:12:02.7595298Z libatomic1 is already the newest version (14.2.0-4ubuntu2~24.04).
2025-10-08T10:12:02.7596123Z libatk-bridge2.0-0t64 is already the newest version (2.52.0-1build1).
2025-10-08T10:12:02.7596640Z libatk1.0-0t64 is already the newest version (2.52.0-1build1).
2025-10-08T10:12:02.7597153Z libcairo-gobject2 is already the newest version (1.18.0-3build1).
2025-10-08T10:12:02.7597653Z libcairo2 is already the newest version (1.18.0-3build1).
2025-10-08T10:12:02.7598173Z libdbus-1-3 is already the newest version (1.14.10-4ubuntu4.1).
2025-10-08T10:12:02.7598993Z libdrm2 is already the newest version (2.4.122-1~ubuntu0.24.04.1).
2025-10-08T10:12:02.7599788Z libenchant-2-2 is already the newest version (2.3.3-2build2).
2025-10-08T10:12:02.7600314Z libepoxy0 is already the newest version (1.5.10-1build1).
2025-10-08T10:12:02.7601198Z libevent-2.1-7t64 is already the newest version (2.1.12-stable-9ubuntu2).
2025-10-08T10:12:02.7601885Z libflite1 is already the newest version (2.2-6build3).
2025-10-08T10:12:02.7602596Z libfontconfig1 is already the newest version (2.15.0-1.1ubuntu2).
2025-10-08T10:12:02.7603433Z libfreetype6 is already the newest version (2.13.2+dfsg-1build3).
2025-10-08T10:12:02.7604202Z libgbm1 is already the newest version (25.0.7-0ubuntu0.24.04.2).
2025-10-08T10:12:02.7605033Z libgdk-pixbuf-2.0-0 is already the newest version (2.42.10+dfsg-3ubuntu3.2).
2025-10-08T10:12:02.7606033Z libgles2 is already the newest version (1.7.0-1build1).
2025-10-08T10:12:02.7606539Z libglib2.0-0t64 is already the newest version (2.80.0-6ubuntu3.4).
2025-10-08T10:12:02.7607090Z libgstreamer-gl1.0-0 is already the newest version (1.24.2-1ubuntu0.3).
2025-10-08T10:12:02.7607654Z libgstreamer-plugins-bad1.0-0 is already the newest version (1.24.2-1ubuntu4).
2025-10-08T10:12:02.7608223Z libgstreamer-plugins-base1.0-0 is already the newest version (1.24.2-1ubuntu0.3).
2025-10-08T10:12:02.7608989Z libgstreamer1.0-0 is already the newest version (1.24.2-1ubuntu0.1).
2025-10-08T10:12:02.7609440Z libgtk-4-1 is already the newest version (4.14.5+ds-0ubuntu0.5).
2025-10-08T10:12:02.7610043Z libharfbuzz-icu0 is already the newest version (8.3.0-2build2).
2025-10-08T10:12:02.7610737Z libharfbuzz0b is already the newest version (8.3.0-2build2).
2025-10-08T10:12:02.7611372Z libhyphen0 is already the newest version (2.8.8-7build3).
2025-10-08T10:12:02.7612025Z libjpeg-turbo8 is already the newest version (2.1.5-2ubuntu2).
2025-10-08T10:12:02.7612711Z liblcms2-2 is already the newest version (2.14-2build1).
2025-10-08T10:12:02.7613382Z libmanette-0.2-0 is already the newest version (0.2.7-1build2).
2025-10-08T10:12:02.7614030Z libopus0 is already the newest version (1.4-1build1).
2025-10-08T10:12:02.7614709Z libpango-1.0-0 is already the newest version (1.52.1+ds-1build1).
2025-10-08T10:12:02.7615462Z libpangocairo-1.0-0 is already the newest version (1.52.1+ds-1build1).
2025-10-08T10:12:02.7616453Z libpng16-16t64 is already the newest version (1.6.43-5build1).
2025-10-08T10:12:02.7617135Z libsecret-1-0 is already the newest version (0.21.4-1build3).
2025-10-08T10:12:02.7617791Z libvpx9 is already the newest version (1.14.0-1ubuntu2.2).
2025-10-08T10:12:02.7618508Z libwayland-client0 is already the newest version (1.22.0-2.1build1).
2025-10-08T10:12:02.7619247Z libwayland-egl1 is already the newest version (1.22.0-2.1build1).
2025-10-08T10:12:02.7619992Z libwayland-server0 is already the newest version (1.22.0-2.1build1).
2025-10-08T10:12:02.7620680Z libwebp7 is already the newest version (1.3.2-0.4build3).
2025-10-08T10:12:02.7621352Z libwebpdemux2 is already the newest version (1.3.2-0.4build3).
2025-10-08T10:12:02.7622032Z libwoff1 is already the newest version (1.0.2-2build1).
2025-10-08T10:12:02.7622684Z libx11-6 is already the newest version (2:1.8.7-1build1).
2025-10-08T10:12:02.7623358Z libxkbcommon0 is already the newest version (1.6.0-1build1).
2025-10-08T10:12:02.7624100Z libxml2 is already the newest version (2.9.14+dfsg-1.3ubuntu3.5).
2025-10-08T10:12:02.7624885Z libxslt1.1 is already the newest version (1.1.39-0exp1ubuntu0.24.04.2).
2025-10-08T10:12:02.7626016Z libx264-164 is already the newest version (2:0.164.3108+git31e19f9-1).
2025-10-08T10:12:02.7626754Z libavif16 is already the newest version (1.0.4-1ubuntu3).
2025-10-08T10:12:02.7627427Z xvfb is already the newest version (2:21.1.12-1ubuntu1.4).
2025-10-08T10:12:02.7628232Z fonts-noto-color-emoji is already the newest version (2.047-0ubuntu0.24.04.1).
2025-10-08T10:12:02.7629073Z fonts-unifont is already the newest version (1:15.1.01-1build1).
2025-10-08T10:12:02.7629806Z xfonts-cyrillic is already the newest version (1:1.0.5+nmu1).
2025-10-08T10:12:02.7630530Z xfonts-scalable is already the newest version (1:1.0.3-1.3).
2025-10-08T10:12:02.7631242Z fonts-liberation is already the newest version (1:2.1.5-3).
2025-10-08T10:12:02.7632026Z fonts-ipafont-gothic is already the newest version (00303-21ubuntu1).
2025-10-08T10:12:02.7633049Z fonts-wqy-zenhei is already the newest version (0.9.45-8).
2025-10-08T10:12:02.7633798Z fonts-tlwg-loma-otf is already the newest version (1:0.7.3-1).
2025-10-08T10:12:02.7634590Z fonts-freefont-ttf is already the newest version (20211204+svn4273-2).
2025-10-08T10:12:02.7635362Z 0 upgraded, 0 newly installed, 0 to remove and 21 not upgraded.
2025-10-08T10:12:02.7899944Z ##[group]Run # Check Lightning configuration files exist
2025-10-08T10:12:02.7900389Z [36;1m# Check Lightning configuration files exist[0m
2025-10-08T10:12:02.7900725Z [36;1mtest -f apps/mobile/src/config/lightning.ts[0m
2025-10-08T10:12:02.7901040Z [36;1mtest -f apps/mobile/src/lib/lightning.ts[0m
2025-10-08T10:12:02.7901355Z [36;1mtest -f apps/mobile/src/lib/bitcoin.ts[0m
2025-10-08T10:12:02.7901604Z [36;1m[0m
2025-10-08T10:12:02.7901797Z [36;1m# Validate Lightning test utilities[0m
2025-10-08T10:12:02.7902047Z [36;1mnode -e "[0m
2025-10-08T10:12:02.7902461Z [36;1m  const { validateLightningAddress, generateQRData } = require('./tests/utils/lightning-test-utils');[0m
2025-10-08T10:12:02.7903212Z [36;1m  console.log('Lightning utilities loaded successfully');[0m
2025-10-08T10:12:02.7903520Z [36;1m  [0m
2025-10-08T10:12:02.7903705Z [36;1m  // Test address validation[0m
2025-10-08T10:12:02.7904032Z [36;1m  const validAddress = 'johndtwaldron@strike.me';[0m
2025-10-08T10:12:02.7904469Z [36;1m  if (!validateLightningAddress(validAddress)) {[0m
2025-10-08T10:12:02.7904834Z [36;1m    throw new Error('Lightning address validation failed');[0m
2025-10-08T10:12:02.7905135Z [36;1m  }[0m
2025-10-08T10:12:02.7905292Z [36;1m  [0m
2025-10-08T10:12:02.7905467Z [36;1m  // Test QR generation[0m
2025-10-08T10:12:02.7906145Z [36;1m  const qrData = generateQRData(validAddress);[0m
2025-10-08T10:12:02.7906465Z [36;1m  if (!qrData.includes(validAddress)) {[0m
2025-10-08T10:12:02.7906776Z [36;1m    throw new Error('QR data generation failed');[0m
2025-10-08T10:12:02.7907051Z [36;1m  }[0m
2025-10-08T10:12:02.7907210Z [36;1m  [0m
2025-10-08T10:12:02.7907447Z [36;1m  console.log('✅ Lightning configuration validated');[0m
2025-10-08T10:12:02.7907730Z [36;1m"[0m
2025-10-08T10:12:02.7941478Z shell: /usr/bin/bash -e {0}
2025-10-08T10:12:02.7941705Z env:
2025-10-08T10:12:02.7941872Z   CI: true
2025-10-08T10:12:02.7942041Z   NODE_ENV: test
2025-10-08T10:12:02.7942256Z   LIGHTNING_E2E_MODE: true
2025-10-08T10:12:02.7942474Z ##[endgroup]
2025-10-08T10:12:02.8011318Z ##[error]Process completed with exit code 1.
2025-10-08T10:12:02.8089895Z ##[group]Run actions/upload-artifact@v4
2025-10-08T10:12:02.8090169Z with:
2025-10-08T10:12:02.8090351Z   name: lightning-e2e-results-webkit
2025-10-08T10:12:02.8090735Z   path: tests/e2e-web/reports/lightning/
tests/e2e-web/test-results/lightning/

2025-10-08T10:12:02.8091096Z   retention-days: 7
2025-10-08T10:12:02.8091284Z   if-no-files-found: warn
2025-10-08T10:12:02.8091487Z   compression-level: 6
2025-10-08T10:12:02.8091676Z   overwrite: false
2025-10-08T10:12:02.8091881Z   include-hidden-files: false
2025-10-08T10:12:02.8092077Z env:
2025-10-08T10:12:02.8092222Z   CI: true
2025-10-08T10:12:02.8092374Z   NODE_ENV: test
2025-10-08T10:12:02.8092552Z   LIGHTNING_E2E_MODE: true
2025-10-08T10:12:02.8092749Z ##[endgroup]
2025-10-08T10:12:03.0363295Z Multiple search paths detected. Calculating the least common ancestor of all paths
2025-10-08T10:12:03.0366633Z The least common ancestor is /home/runner/work/ChatLaLiLuLeLo/ChatLaLiLuLeLo/tests/e2e-web. This will be the root directory of the artifact
2025-10-08T10:12:03.0379824Z ##[warning]No files were found with the provided path: tests/e2e-web/reports/lightning/
tests/e2e-web/test-results/lightning/. No artifacts will be uploaded.
2025-10-08T10:12:03.0490167Z ##[group]Run actions/upload-artifact@v4
2025-10-08T10:12:03.0490450Z with:
2025-10-08T10:12:03.0490692Z   name: lightning-playwright-report-webkit
2025-10-08T10:12:03.0490980Z   path: tests/e2e-web/reports/lightning/
2025-10-08T10:12:03.0491248Z   retention-days: 7
2025-10-08T10:12:03.0491442Z   if-no-files-found: warn
2025-10-08T10:12:03.0491641Z   compression-level: 6
2025-10-08T10:12:03.0491831Z   overwrite: false
2025-10-08T10:12:03.0492022Z   include-hidden-files: false
2025-10-08T10:12:03.0492224Z env:
2025-10-08T10:12:03.0492374Z   CI: true
2025-10-08T10:12:03.0492535Z   NODE_ENV: test
2025-10-08T10:12:03.0492709Z   LIGHTNING_E2E_MODE: true
2025-10-08T10:12:03.0492908Z ##[endgroup]
2025-10-08T10:12:03.2744538Z ##[warning]No files were found with the provided path: tests/e2e-web/reports/lightning/. No artifacts will be uploaded.
2025-10-08T10:12:03.2897410Z ##[group]Run actions/upload-artifact@v4
2025-10-08T10:12:03.2897697Z with:
2025-10-08T10:12:03.2897889Z   name: lightning-screenshots-webkit
2025-10-08T10:12:03.2898168Z   path: tests/e2e-web/test-results/lightning/
2025-10-08T10:12:03.2898428Z   retention-days: 3
2025-10-08T10:12:03.2898624Z   if-no-files-found: warn
2025-10-08T10:12:03.2898829Z   compression-level: 6
2025-10-08T10:12:03.2899222Z   overwrite: false
2025-10-08T10:12:03.2899413Z   include-hidden-files: false
2025-10-08T10:12:03.2899612Z env:
2025-10-08T10:12:03.2899763Z   CI: true
2025-10-08T10:12:03.2899922Z   NODE_ENV: test
2025-10-08T10:12:03.2900094Z   LIGHTNING_E2E_MODE: true
2025-10-08T10:12:03.2900292Z ##[endgroup]
2025-10-08T10:12:03.5295492Z ##[warning]No files were found with the provided path: tests/e2e-web/test-results/lightning/. No artifacts will be uploaded.
2025-10-08T10:12:03.5472331Z ##[group]Run actions/upload-artifact@v4
2025-10-08T10:12:03.5472618Z with:
2025-10-08T10:12:03.5472801Z   name: lightning-videos-webkit
2025-10-08T10:12:03.5473064Z   path: tests/e2e-web/test-results/lightning/
2025-10-08T10:12:03.5473325Z   retention-days: 3
2025-10-08T10:12:03.5473516Z   if-no-files-found: warn
2025-10-08T10:12:03.5473717Z   compression-level: 6
2025-10-08T10:12:03.5473910Z   overwrite: false
2025-10-08T10:12:03.5474098Z   include-hidden-files: false
2025-10-08T10:12:03.5474299Z env:
2025-10-08T10:12:03.5474467Z   CI: true
2025-10-08T10:12:03.5474626Z   NODE_ENV: test
2025-10-08T10:12:03.5474798Z   LIGHTNING_E2E_MODE: true
2025-10-08T10:12:03.5474992Z ##[endgroup]
2025-10-08T10:12:03.7759897Z ##[warning]No files were found with the provided path: tests/e2e-web/test-results/lightning/. No artifacts will be uploaded.
2025-10-08T10:12:03.7896823Z ##[group]Run # Kill development servers
2025-10-08T10:12:03.7897175Z [36;1m# Kill development servers[0m
2025-10-08T10:12:03.7897445Z [36;1mif [ -n "$MOBILE_PID" ]; then[0m
2025-10-08T10:12:03.7897698Z [36;1m  kill $MOBILE_PID || true[0m
2025-10-08T10:12:03.7897908Z [36;1mfi[0m
2025-10-08T10:12:03.7898071Z [36;1m[0m
2025-10-08T10:12:03.7898266Z [36;1m# Kill any remaining Node processes[0m
2025-10-08T10:12:03.7898538Z [36;1mpkill -f "expo start" || true[0m
2025-10-08T10:12:03.7898782Z [36;1mpkill -f "webpack" || true[0m
2025-10-08T10:12:03.7932169Z shell: /usr/bin/bash -e {0}
2025-10-08T10:12:03.7932407Z env:
2025-10-08T10:12:03.7932569Z   CI: true
2025-10-08T10:12:03.7932744Z   NODE_ENV: test
2025-10-08T10:12:03.7932933Z   LIGHTNING_E2E_MODE: true
2025-10-08T10:12:03.7933139Z ##[endgroup]
2025-10-08T10:12:03.8404110Z Post job cleanup.
2025-10-08T10:12:03.9461901Z [command]/usr/bin/git version
2025-10-08T10:12:03.9514945Z git version 2.51.0
2025-10-08T10:12:03.9567928Z Temporarily overriding HOME='/home/runner/work/_temp/6ec6cc11-44d1-4b9f-b835-5b994de86ea7' before making global git config changes
2025-10-08T10:12:03.9570790Z Adding repository directory to the temporary git global config as a safe directory
2025-10-08T10:12:03.9584719Z [command]/usr/bin/git config --global --add safe.directory /home/runner/work/ChatLaLiLuLeLo/ChatLaLiLuLeLo
2025-10-08T10:12:03.9628360Z [command]/usr/bin/git config --local --name-only --get-regexp core\.sshCommand
2025-10-08T10:12:03.9668587Z [command]/usr/bin/git submodule foreach --recursive sh -c "git config --local --name-only --get-regexp 'core\.sshCommand' && git config --local --unset-all 'core.sshCommand' || :"
2025-10-08T10:12:03.9953057Z [command]/usr/bin/git config --local --name-only --get-regexp http\.https\:\/\/github\.com\/\.extraheader
2025-10-08T10:12:03.9980919Z http.https://github.com/.extraheader
2025-10-08T10:12:03.9995960Z [command]/usr/bin/git config --local --unset-all http.https://github.com/.extraheader
2025-10-08T10:12:04.0034551Z [command]/usr/bin/git submodule foreach --recursive sh -c "git config --local --name-only --get-regexp 'http\.https\:\/\/github\.com\/\.extraheader' && git config --local --unset-all 'http.https://github.com/.extraheader' || :"
2025-10-08T10:12:04.0424471Z Cleaning up orphan processes
