2025-10-08T10:08:30.8656583Z Current runner version: '2.328.0'
2025-10-08T10:08:30.8678374Z ##[group]Runner Image Provisioner
2025-10-08T10:08:30.8679072Z Hosted Compute Agent
2025-10-08T10:08:30.8679530Z Version: 20250912.392
2025-10-08T10:08:30.8680130Z Commit: d921fda672a98b64f4f82364647e2f10b2267d0b
2025-10-08T10:08:30.8680779Z Build Date: 2025-09-12T15:23:14Z
2025-10-08T10:08:30.8681277Z ##[endgroup]
2025-10-08T10:08:30.8681784Z ##[group]Operating System
2025-10-08T10:08:30.8682261Z Ubuntu
2025-10-08T10:08:30.8682700Z 24.04.3
2025-10-08T10:08:30.8683086Z LTS
2025-10-08T10:08:30.8683517Z ##[endgroup]
2025-10-08T10:08:30.8684294Z ##[group]Runner Image
2025-10-08T10:08:30.8684809Z Image: ubuntu-24.04
2025-10-08T10:08:30.8685276Z Version: 20250929.60.1
2025-10-08T10:08:30.8686158Z Included Software: https://github.com/actions/runner-images/blob/ubuntu24/20250929.60/images/ubuntu/Ubuntu2404-Readme.md
2025-10-08T10:08:30.8687568Z Image Release: https://github.com/actions/runner-images/releases/tag/ubuntu24%2F20250929.60
2025-10-08T10:08:30.8688439Z ##[endgroup]
2025-10-08T10:08:30.8689446Z ##[group]GITHUB_TOKEN Permissions
2025-10-08T10:08:30.8691242Z Contents: read
2025-10-08T10:08:30.8691656Z Metadata: read
2025-10-08T10:08:30.8692198Z Packages: read
2025-10-08T10:08:30.8692600Z ##[endgroup]
2025-10-08T10:08:30.8695313Z Secret source: Actions
2025-10-08T10:08:30.8695976Z Prepare workflow directory
2025-10-08T10:08:30.9058790Z Prepare all required actions
2025-10-08T10:08:30.9096414Z Getting action download info
2025-10-08T10:08:31.3161434Z Download action repository 'actions/checkout@v4' (SHA:08eba0b27e820071cde6df949e0beb9ba4906955)
2025-10-08T10:08:31.5007110Z Download action repository 'actions/setup-node@v4' (SHA:49933ea5288caeca8642d1e84afbd3f7d6820020)
2025-10-08T10:08:31.6446309Z Download action repository 'actions/upload-artifact@v4' (SHA:ea165f8d65b6e75b540449e92b4886f43607fa02)
2025-10-08T10:08:31.8147326Z Complete job name: Lightning E2E Tests (firefox)
2025-10-08T10:08:31.8889827Z ##[group]Run actions/checkout@v4
2025-10-08T10:08:31.8890731Z with:
2025-10-08T10:08:31.8891206Z   fetch-depth: 0
2025-10-08T10:08:31.8891688Z   repository: johndtwaldron/ChatLaLiLuLeLo
2025-10-08T10:08:31.8892556Z   token: ***
2025-10-08T10:08:31.8892961Z   ssh-strict: true
2025-10-08T10:08:31.8893381Z   ssh-user: git
2025-10-08T10:08:31.8893976Z   persist-credentials: true
2025-10-08T10:08:31.8894534Z   clean: true
2025-10-08T10:08:31.8894983Z   sparse-checkout-cone-mode: true
2025-10-08T10:08:31.8895571Z   fetch-tags: false
2025-10-08T10:08:31.8896013Z   show-progress: true
2025-10-08T10:08:31.8896503Z   lfs: false
2025-10-08T10:08:31.8897023Z   submodules: false
2025-10-08T10:08:31.8897529Z   set-safe-directory: true
2025-10-08T10:08:31.8898271Z env:
2025-10-08T10:08:31.8898708Z   CI: true
2025-10-08T10:08:31.8899147Z   NODE_ENV: test
2025-10-08T10:08:31.8899638Z   LIGHTNING_E2E_MODE: true
2025-10-08T10:08:31.8900227Z ##[endgroup]
2025-10-08T10:08:31.9900627Z Syncing repository: johndtwaldron/ChatLaLiLuLeLo
2025-10-08T10:08:31.9902992Z ##[group]Getting Git version info
2025-10-08T10:08:31.9904029Z Working directory is '/home/runner/work/ChatLaLiLuLeLo/ChatLaLiLuLeLo'
2025-10-08T10:08:31.9905195Z [command]/usr/bin/git version
2025-10-08T10:08:31.9961106Z git version 2.51.0
2025-10-08T10:08:31.9983330Z ##[endgroup]
2025-10-08T10:08:31.9997068Z Temporarily overriding HOME='/home/runner/work/_temp/fd91977b-4fb7-44d6-b2b9-1b0ef700c647' before making global git config changes
2025-10-08T10:08:32.0000933Z Adding repository directory to the temporary git global config as a safe directory
2025-10-08T10:08:32.0004632Z [command]/usr/bin/git config --global --add safe.directory /home/runner/work/ChatLaLiLuLeLo/ChatLaLiLuLeLo
2025-10-08T10:08:32.0036434Z Deleting the contents of '/home/runner/work/ChatLaLiLuLeLo/ChatLaLiLuLeLo'
2025-10-08T10:08:32.0039589Z ##[group]Initializing the repository
2025-10-08T10:08:32.0044746Z [command]/usr/bin/git init /home/runner/work/ChatLaLiLuLeLo/ChatLaLiLuLeLo
2025-10-08T10:08:32.0123933Z hint: Using 'master' as the name for the initial branch. This default branch name
2025-10-08T10:08:32.0125412Z hint: is subject to change. To configure the initial branch name to use in all
2025-10-08T10:08:32.0127022Z hint: of your new repositories, which will suppress this warning, call:
2025-10-08T10:08:32.0128292Z hint:
2025-10-08T10:08:32.0129202Z hint: 	git config --global init.defaultBranch <name>
2025-10-08T10:08:32.0130248Z hint:
2025-10-08T10:08:32.0131274Z hint: Names commonly chosen instead of 'master' are 'main', 'trunk' and
2025-10-08T10:08:32.0132944Z hint: 'development'. The just-created branch can be renamed via this command:
2025-10-08T10:08:32.0134476Z hint:
2025-10-08T10:08:32.0135204Z hint: 	git branch -m <name>
2025-10-08T10:08:32.0136045Z hint:
2025-10-08T10:08:32.0137147Z hint: Disable this message with "git config set advice.defaultBranchName false"
2025-10-08T10:08:32.0139224Z Initialized empty Git repository in /home/runner/work/ChatLaLiLuLeLo/ChatLaLiLuLeLo/.git/
2025-10-08T10:08:32.0142426Z [command]/usr/bin/git remote add origin https://github.com/johndtwaldron/ChatLaLiLuLeLo
2025-10-08T10:08:32.0173784Z ##[endgroup]
2025-10-08T10:08:32.0175160Z ##[group]Disabling automatic garbage collection
2025-10-08T10:08:32.0178506Z [command]/usr/bin/git config --local gc.auto 0
2025-10-08T10:08:32.0202496Z ##[endgroup]
2025-10-08T10:08:32.0203861Z ##[group]Setting up auth
2025-10-08T10:08:32.0209878Z [command]/usr/bin/git config --local --name-only --get-regexp core\.sshCommand
2025-10-08T10:08:32.0235405Z [command]/usr/bin/git submodule foreach --recursive sh -c "git config --local --name-only --get-regexp 'core\.sshCommand' && git config --local --unset-all 'core.sshCommand' || :"
2025-10-08T10:08:32.0497450Z [command]/usr/bin/git config --local --name-only --get-regexp http\.https\:\/\/github\.com\/\.extraheader
2025-10-08T10:08:32.0523913Z [command]/usr/bin/git submodule foreach --recursive sh -c "git config --local --name-only --get-regexp 'http\.https\:\/\/github\.com\/\.extraheader' && git config --local --unset-all 'http.https://github.com/.extraheader' || :"
2025-10-08T10:08:32.0700880Z [command]/usr/bin/git config --local http.https://github.com/.extraheader AUTHORIZATION: basic ***
2025-10-08T10:08:32.0732911Z ##[endgroup]
2025-10-08T10:08:32.0734042Z ##[group]Fetching the repository
2025-10-08T10:08:32.0746350Z [command]/usr/bin/git -c protocol.version=2 fetch --prune --no-recurse-submodules origin +refs/heads/*:refs/remotes/origin/* +refs/tags/*:refs/tags/* +1d94163995615c4f268f81fabfa1a5d80b0ff664:refs/remotes/pull/8/merge
2025-10-08T10:08:33.3079157Z From https://github.com/johndtwaldron/ChatLaLiLuLeLo
2025-10-08T10:08:33.3081295Z  * [new branch]      archive/develop-v4-complete              -> origin/archive/develop-v4-complete
2025-10-08T10:08:33.3083319Z  * [new branch]      develop-v4                               -> origin/develop-v4
2025-10-08T10:08:33.3085160Z  * [new branch]      develop-v5                               -> origin/develop-v5
2025-10-08T10:08:33.3086772Z  * [new branch]      main                                     -> origin/main
2025-10-08T10:08:33.3089200Z  * [new branch]      update_worker_name_to_chatlalilulelo-backend-prod -> origin/update_worker_name_to_chatlalilulelo-backend-prod
2025-10-08T10:08:33.3091759Z  * [new tag]         archive-develop-v2                       -> archive-develop-v2
2025-10-08T10:08:33.3093750Z  * [new tag]         archive-develop-v3                       -> archive-develop-v3
2025-10-08T10:08:33.3095856Z  * [new tag]         archive-v4-security-hardening            -> archive-v4-security-hardening
2025-10-08T10:08:33.3098093Z  * [new tag]         archive-worker-name-update               -> archive-worker-name-update
2025-10-08T10:08:33.3099970Z  * [new tag]         v2-archive                               -> v2-archive
2025-10-08T10:08:33.3101521Z  * [new tag]         v3-archive                               -> v3-archive
2025-10-08T10:08:33.3103717Z  * [new tag]         v4-005-security-hardening-complete       -> v4-005-security-hardening-complete
2025-10-08T10:08:33.3106948Z  * [new ref]         1d94163995615c4f268f81fabfa1a5d80b0ff664 -> pull/8/merge
2025-10-08T10:08:33.3114415Z ##[endgroup]
2025-10-08T10:08:33.3115863Z ##[group]Determining the checkout info
2025-10-08T10:08:33.3117406Z ##[endgroup]
2025-10-08T10:08:33.3120617Z [command]/usr/bin/git sparse-checkout disable
2025-10-08T10:08:33.3156320Z [command]/usr/bin/git config --local --unset-all extensions.worktreeConfig
2025-10-08T10:08:33.3179388Z ##[group]Checking out the ref
2025-10-08T10:08:33.3181939Z [command]/usr/bin/git checkout --progress --force refs/remotes/pull/8/merge
2025-10-08T10:08:33.4346550Z Note: switching to 'refs/remotes/pull/8/merge'.
2025-10-08T10:08:33.4348169Z 
2025-10-08T10:08:33.4349133Z You are in 'detached HEAD' state. You can look around, make experimental
2025-10-08T10:08:33.4351479Z changes and commit them, and you can discard any commits you make in this
2025-10-08T10:08:33.4354852Z state without impacting any branches by switching back to a branch.
2025-10-08T10:08:33.4356629Z 
2025-10-08T10:08:33.4357827Z If you want to create a new branch to retain commits you create, you may
2025-10-08T10:08:33.4360670Z do so (now or later) by using -c with the switch command. Example:
2025-10-08T10:08:33.4362202Z 
2025-10-08T10:08:33.4362876Z   git switch -c <new-branch-name>
2025-10-08T10:08:33.4364176Z 
2025-10-08T10:08:33.4364853Z Or undo this operation with:
2025-10-08T10:08:33.4365899Z 
2025-10-08T10:08:33.4366453Z   git switch -
2025-10-08T10:08:33.4367226Z 
2025-10-08T10:08:33.4368531Z Turn off this advice by setting config variable advice.detachedHead to false
2025-10-08T10:08:33.4370300Z 
2025-10-08T10:08:33.4371789Z HEAD is now at 1d94163 Merge 1e9417c5e150b978db3e3ef587abeb1a748e662b into 3992585095f45e110b32ccaf2c209977450b621d
2025-10-08T10:08:33.4377437Z ##[endgroup]
2025-10-08T10:08:33.4395819Z [command]/usr/bin/git log -1 --format=%H
2025-10-08T10:08:33.4415095Z 1d94163995615c4f268f81fabfa1a5d80b0ff664
2025-10-08T10:08:33.4676866Z ##[group]Run actions/setup-node@v4
2025-10-08T10:08:33.4677911Z with:
2025-10-08T10:08:33.4678620Z   node-version: 18
2025-10-08T10:08:33.4679382Z   cache: npm
2025-10-08T10:08:33.4680108Z   always-auth: false
2025-10-08T10:08:33.4680881Z   check-latest: false
2025-10-08T10:08:33.4681958Z   token: ***
2025-10-08T10:08:33.4682624Z env:
2025-10-08T10:08:33.4683267Z   CI: true
2025-10-08T10:08:33.4684068Z   NODE_ENV: test
2025-10-08T10:08:33.4684822Z   LIGHTNING_E2E_MODE: true
2025-10-08T10:08:33.4685646Z ##[endgroup]
2025-10-08T10:08:33.6676309Z Found in cache @ /opt/hostedtoolcache/node/18.20.8/x64
2025-10-08T10:08:33.6682834Z ##[group]Environment details
2025-10-08T10:08:36.6691598Z node: v18.20.8
2025-10-08T10:08:36.6692162Z npm: 10.8.2
2025-10-08T10:08:36.6692438Z yarn: 1.22.22
2025-10-08T10:08:36.6693883Z ##[endgroup]
2025-10-08T10:08:36.6721814Z [command]/opt/hostedtoolcache/node/18.20.8/x64/bin/npm config get cache
2025-10-08T10:08:37.0637275Z /home/runner/.npm
2025-10-08T10:08:37.3103877Z Cache hit for: node-cache-Linux-x64-npm-6963bc115c156296c491b8cc41fc7b59a2b53e7dd0474a0e4747974df1cf147a
2025-10-08T10:08:38.5294311Z Received 62914560 of 191438520 (32.9%), 59.9 MBs/sec
2025-10-08T10:08:39.3949054Z Received 191438520 of 191438520 (100.0%), 97.8 MBs/sec
2025-10-08T10:08:39.3949651Z Cache Size: ~183 MB (191438520 B)
2025-10-08T10:08:39.3984608Z [command]/usr/bin/tar -xf /home/runner/work/_temp/c88eab6a-11d4-466e-8527-bc7968594aec/cache.tzst -P -C /home/runner/work/ChatLaLiLuLeLo/ChatLaLiLuLeLo --use-compress-program unzstd
2025-10-08T10:08:39.8345260Z Cache restored successfully
2025-10-08T10:08:39.8563919Z Cache restored from key: node-cache-Linux-x64-npm-6963bc115c156296c491b8cc41fc7b59a2b53e7dd0474a0e4747974df1cf147a
2025-10-08T10:08:39.8697183Z ##[group]Run npm ci
2025-10-08T10:08:39.8697515Z [36;1mnpm ci[0m
2025-10-08T10:08:39.8826044Z shell: /usr/bin/bash -e {0}
2025-10-08T10:08:39.8826316Z env:
2025-10-08T10:08:39.8826505Z   CI: true
2025-10-08T10:08:39.8826688Z   NODE_ENV: test
2025-10-08T10:08:39.8826895Z   LIGHTNING_E2E_MODE: true
2025-10-08T10:08:39.8827293Z ##[endgroup]
2025-10-08T10:08:45.1457313Z npm warn EBADENGINE Unsupported engine {
2025-10-08T10:08:45.1458384Z npm warn EBADENGINE   package: 'lru-cache@11.2.2',
2025-10-08T10:08:45.1459198Z npm warn EBADENGINE   required: { node: '20 || >=22' },
2025-10-08T10:08:45.1459979Z npm warn EBADENGINE   current: { node: 'v18.20.8', npm: '10.8.2' }
2025-10-08T10:08:45.1460428Z npm warn EBADENGINE }
2025-10-08T10:08:45.1460733Z npm warn EBADENGINE Unsupported engine {
2025-10-08T10:08:45.1461073Z npm warn EBADENGINE   package: 'lru-cache@11.2.2',
2025-10-08T10:08:45.1461461Z npm warn EBADENGINE   required: { node: '20 || >=22' },
2025-10-08T10:08:45.1461967Z npm warn EBADENGINE   current: { node: 'v18.20.8', npm: '10.8.2' }
2025-10-08T10:08:45.1462347Z npm warn EBADENGINE }
2025-10-08T10:08:45.1476925Z npm warn EBADENGINE Unsupported engine {
2025-10-08T10:08:45.1477521Z npm warn EBADENGINE   package: 'metro@0.83.1',
2025-10-08T10:08:45.1477963Z npm warn EBADENGINE   required: { node: '>=20.19.4' },
2025-10-08T10:08:45.1478482Z npm warn EBADENGINE   current: { node: 'v18.20.8', npm: '10.8.2' }
2025-10-08T10:08:45.1478869Z npm warn EBADENGINE }
2025-10-08T10:08:45.1479392Z npm warn EBADENGINE Unsupported engine {
2025-10-08T10:08:45.1480057Z npm warn EBADENGINE   package: 'metro-babel-transformer@0.83.1',
2025-10-08T10:08:45.1480478Z npm warn EBADENGINE   required: { node: '>=20.19.4' },
2025-10-08T10:08:45.1480900Z npm warn EBADENGINE   current: { node: 'v18.20.8', npm: '10.8.2' }
2025-10-08T10:08:45.1481219Z npm warn EBADENGINE }
2025-10-08T10:08:45.1481888Z npm warn EBADENGINE Unsupported engine {
2025-10-08T10:08:45.1482556Z npm warn EBADENGINE   package: 'metro-cache@0.83.1',
2025-10-08T10:08:45.1482940Z npm warn EBADENGINE   required: { node: '>=20.19.4' },
2025-10-08T10:08:45.1483345Z npm warn EBADENGINE   current: { node: 'v18.20.8', npm: '10.8.2' }
2025-10-08T10:08:45.1483829Z npm warn EBADENGINE }
2025-10-08T10:08:45.1484464Z npm warn EBADENGINE Unsupported engine {
2025-10-08T10:08:45.1485129Z npm warn EBADENGINE   package: 'metro-cache-key@0.83.1',
2025-10-08T10:08:45.1485540Z npm warn EBADENGINE   required: { node: '>=20.19.4' },
2025-10-08T10:08:45.1486226Z npm warn EBADENGINE   current: { node: 'v18.20.8', npm: '10.8.2' }
2025-10-08T10:08:45.1486698Z npm warn EBADENGINE }
2025-10-08T10:08:45.1486977Z npm warn EBADENGINE Unsupported engine {
2025-10-08T10:08:45.1487333Z npm warn EBADENGINE   package: 'metro-config@0.83.1',
2025-10-08T10:08:45.1487705Z npm warn EBADENGINE   required: { node: '>=20.19.4' },
2025-10-08T10:08:45.1488121Z npm warn EBADENGINE   current: { node: 'v18.20.8', npm: '10.8.2' }
2025-10-08T10:08:45.1488445Z npm warn EBADENGINE }
2025-10-08T10:08:45.1488926Z npm warn EBADENGINE Unsupported engine {
2025-10-08T10:08:45.1489525Z npm warn EBADENGINE   package: 'metro-core@0.83.1',
2025-10-08T10:08:45.1489936Z npm warn EBADENGINE   required: { node: '>=20.19.4' },
2025-10-08T10:08:45.1490611Z npm warn EBADENGINE   current: { node: 'v18.20.8', npm: '10.8.2' }
2025-10-08T10:08:45.1491046Z npm warn EBADENGINE }
2025-10-08T10:08:45.1491329Z npm warn EBADENGINE Unsupported engine {
2025-10-08T10:08:45.1491683Z npm warn EBADENGINE   package: 'metro-file-map@0.83.1',
2025-10-08T10:08:45.1492068Z npm warn EBADENGINE   required: { node: '>=20.19.4' },
2025-10-08T10:08:45.1492738Z npm warn EBADENGINE   current: { node: 'v18.20.8', npm: '10.8.2' }
2025-10-08T10:08:45.1493234Z npm warn EBADENGINE }
2025-10-08T10:08:45.1493800Z npm warn EBADENGINE Unsupported engine {
2025-10-08T10:08:45.1494301Z npm warn EBADENGINE   package: 'metro-minify-terser@0.83.1',
2025-10-08T10:08:45.1494708Z npm warn EBADENGINE   required: { node: '>=20.19.4' },
2025-10-08T10:08:45.1495469Z npm warn EBADENGINE   current: { node: 'v18.20.8', npm: '10.8.2' }
2025-10-08T10:08:45.1496039Z npm warn EBADENGINE }
2025-10-08T10:08:45.1496337Z npm warn EBADENGINE Unsupported engine {
2025-10-08T10:08:45.1496854Z npm warn EBADENGINE   package: 'metro-resolver@0.83.1',
2025-10-08T10:08:45.1497449Z npm warn EBADENGINE   required: { node: '>=20.19.4' },
2025-10-08T10:08:45.1498223Z npm warn EBADENGINE   current: { node: 'v18.20.8', npm: '10.8.2' }
2025-10-08T10:08:45.1498609Z npm warn EBADENGINE }
2025-10-08T10:08:45.1499021Z npm warn EBADENGINE Unsupported engine {
2025-10-08T10:08:45.1499544Z npm warn EBADENGINE   package: 'metro-runtime@0.83.1',
2025-10-08T10:08:45.1500300Z npm warn EBADENGINE   required: { node: '>=20.19.4' },
2025-10-08T10:08:45.1500928Z npm warn EBADENGINE   current: { node: 'v18.20.8', npm: '10.8.2' }
2025-10-08T10:08:45.1501502Z npm warn EBADENGINE }
2025-10-08T10:08:45.1501782Z npm warn EBADENGINE Unsupported engine {
2025-10-08T10:08:45.1502168Z npm warn EBADENGINE   package: 'metro-source-map@0.83.1',
2025-10-08T10:08:45.1502552Z npm warn EBADENGINE   required: { node: '>=20.19.4' },
2025-10-08T10:08:45.1502953Z npm warn EBADENGINE   current: { node: 'v18.20.8', npm: '10.8.2' }
2025-10-08T10:08:45.1503269Z npm warn EBADENGINE }
2025-10-08T10:08:45.1503847Z npm warn EBADENGINE Unsupported engine {
2025-10-08T10:08:45.1504515Z npm warn EBADENGINE   package: 'metro-symbolicate@0.83.1',
2025-10-08T10:08:45.1504908Z npm warn EBADENGINE   required: { node: '>=20.19.4' },
2025-10-08T10:08:45.1505319Z npm warn EBADENGINE   current: { node: 'v18.20.8', npm: '10.8.2' }
2025-10-08T10:08:45.1505630Z npm warn EBADENGINE }
2025-10-08T10:08:45.1505895Z npm warn EBADENGINE Unsupported engine {
2025-10-08T10:08:45.1506294Z npm warn EBADENGINE   package: 'metro-transform-plugins@0.83.1',
2025-10-08T10:08:45.1506701Z npm warn EBADENGINE   required: { node: '>=20.19.4' },
2025-10-08T10:08:45.1507100Z npm warn EBADENGINE   current: { node: 'v18.20.8', npm: '10.8.2' }
2025-10-08T10:08:45.1507430Z npm warn EBADENGINE }
2025-10-08T10:08:45.1507712Z npm warn EBADENGINE Unsupported engine {
2025-10-08T10:08:45.1508106Z npm warn EBADENGINE   package: 'metro-transform-worker@0.83.1',
2025-10-08T10:08:45.1508515Z npm warn EBADENGINE   required: { node: '>=20.19.4' },
2025-10-08T10:08:45.1508925Z npm warn EBADENGINE   current: { node: 'v18.20.8', npm: '10.8.2' }
2025-10-08T10:08:45.1509257Z npm warn EBADENGINE }
2025-10-08T10:08:45.1509535Z npm warn EBADENGINE Unsupported engine {
2025-10-08T10:08:45.1509861Z npm warn EBADENGINE   package: 'ob1@0.83.1',
2025-10-08T10:08:45.1510208Z npm warn EBADENGINE   required: { node: '>=20.19.4' },
2025-10-08T10:08:45.1510620Z npm warn EBADENGINE   current: { node: 'v18.20.8', npm: '10.8.2' }
2025-10-08T10:08:45.1510941Z npm warn EBADENGINE }
2025-10-08T10:08:45.1511210Z npm warn EBADENGINE Unsupported engine {
2025-10-08T10:08:45.1511558Z npm warn EBADENGINE   package: '@expo/server@0.7.5',
2025-10-08T10:08:45.1511934Z npm warn EBADENGINE   required: { node: '>=20.16.0' },
2025-10-08T10:08:45.1512357Z npm warn EBADENGINE   current: { node: 'v18.20.8', npm: '10.8.2' }
2025-10-08T10:08:45.1512677Z npm warn EBADENGINE }
2025-10-08T10:08:45.1516495Z npm warn EBADENGINE Unsupported engine {
2025-10-08T10:08:45.1517134Z npm warn EBADENGINE   package: '@react-native/babel-plugin-codegen@0.81.4',
2025-10-08T10:08:45.1517603Z npm warn EBADENGINE   required: { node: '>= 20.19.4' },
2025-10-08T10:08:45.1518052Z npm warn EBADENGINE   current: { node: 'v18.20.8', npm: '10.8.2' }
2025-10-08T10:08:45.1518575Z npm warn EBADENGINE }
2025-10-08T10:08:45.1519021Z npm warn EBADENGINE Unsupported engine {
2025-10-08T10:08:45.1519632Z npm warn EBADENGINE   package: '@react-native/babel-preset@0.81.4',
2025-10-08T10:08:45.1520354Z npm warn EBADENGINE   required: { node: '>= 20.19.4' },
2025-10-08T10:08:45.1520937Z npm warn EBADENGINE   current: { node: 'v18.20.8', npm: '10.8.2' }
2025-10-08T10:08:45.1521431Z npm warn EBADENGINE }
2025-10-08T10:08:45.1521720Z npm warn EBADENGINE Unsupported engine {
2025-10-08T10:08:45.1522272Z npm warn EBADENGINE   package: '@react-native/codegen@0.81.4',
2025-10-08T10:08:45.1522698Z npm warn EBADENGINE   required: { node: '>= 20.19.4' },
2025-10-08T10:08:45.1523128Z npm warn EBADENGINE   current: { node: 'v18.20.8', npm: '10.8.2' }
2025-10-08T10:08:45.1523447Z npm warn EBADENGINE }
2025-10-08T10:08:45.1523946Z npm warn EBADENGINE Unsupported engine {
2025-10-08T10:08:45.1524474Z npm warn EBADENGINE   package: '@react-native/debugger-frontend@0.81.4',
2025-10-08T10:08:45.1524920Z npm warn EBADENGINE   required: { node: '>= 20.19.4' },
2025-10-08T10:08:45.1525338Z npm warn EBADENGINE   current: { node: 'v18.20.8', npm: '10.8.2' }
2025-10-08T10:08:45.1525682Z npm warn EBADENGINE }
2025-10-08T10:08:45.1538487Z npm warn EBADENGINE Unsupported engine {
2025-10-08T10:08:45.1539234Z npm warn EBADENGINE   package: 'cssstyle@5.3.1',
2025-10-08T10:08:45.1539924Z npm warn EBADENGINE   required: { node: '>=20' },
2025-10-08T10:08:45.1540759Z npm warn EBADENGINE   current: { node: 'v18.20.8', npm: '10.8.2' }
2025-10-08T10:08:45.1541392Z npm warn EBADENGINE }
2025-10-08T10:08:45.1541931Z npm warn EBADENGINE Unsupported engine {
2025-10-08T10:08:45.1542603Z npm warn EBADENGINE   package: 'data-urls@6.0.0',
2025-10-08T10:08:45.1543254Z npm warn EBADENGINE   required: { node: '>=20' },
2025-10-08T10:08:45.1544174Z npm warn EBADENGINE   current: { node: 'v18.20.8', npm: '10.8.2' }
2025-10-08T10:08:45.1544825Z npm warn EBADENGINE }
2025-10-08T10:08:45.1553700Z npm warn EBADENGINE Unsupported engine {
2025-10-08T10:08:45.1555132Z npm warn EBADENGINE   package: '@react-native/dev-middleware@0.81.4',
2025-10-08T10:08:45.1556955Z npm warn EBADENGINE   required: { node: '>= 20.19.4' },
2025-10-08T10:08:45.1557763Z npm warn EBADENGINE   current: { node: 'v18.20.8', npm: '10.8.2' }
2025-10-08T10:08:45.1558366Z npm warn EBADENGINE }
2025-10-08T10:08:45.1575178Z npm warn EBADENGINE Unsupported engine {
2025-10-08T10:08:45.1575899Z npm warn EBADENGINE   package: 'jsdom@27.0.0',
2025-10-08T10:08:45.1576605Z npm warn EBADENGINE   required: { node: '>=20' },
2025-10-08T10:08:45.1577413Z npm warn EBADENGINE   current: { node: 'v18.20.8', npm: '10.8.2' }
2025-10-08T10:08:45.1578033Z npm warn EBADENGINE }
2025-10-08T10:08:45.1580851Z npm warn EBADENGINE Unsupported engine {
2025-10-08T10:08:45.1581547Z npm warn EBADENGINE   package: 'undici@7.14.0',
2025-10-08T10:08:45.1582271Z npm warn EBADENGINE   required: { node: '>=20.18.1' },
2025-10-08T10:08:45.1583087Z npm warn EBADENGINE   current: { node: 'v18.20.8', npm: '10.8.2' }
2025-10-08T10:08:45.1583854Z npm warn EBADENGINE }
2025-10-08T10:08:45.1601684Z npm warn EBADENGINE Unsupported engine {
2025-10-08T10:08:45.1602219Z npm warn EBADENGINE   package: 'tr46@6.0.0',
2025-10-08T10:08:45.1602639Z npm warn EBADENGINE   required: { node: '>=20' },
2025-10-08T10:08:45.1603105Z npm warn EBADENGINE   current: { node: 'v18.20.8', npm: '10.8.2' }
2025-10-08T10:08:45.1603446Z npm warn EBADENGINE }
2025-10-08T10:08:45.1605718Z npm warn EBADENGINE Unsupported engine {
2025-10-08T10:08:45.1606311Z npm warn EBADENGINE   package: 'webidl-conversions@8.0.0',
2025-10-08T10:08:45.1606982Z npm warn EBADENGINE   required: { node: '>=20' },
2025-10-08T10:08:45.1607440Z npm warn EBADENGINE   current: { node: 'v18.20.8', npm: '10.8.2' }
2025-10-08T10:08:45.1607769Z npm warn EBADENGINE }
2025-10-08T10:08:45.1608046Z npm warn EBADENGINE Unsupported engine {
2025-10-08T10:08:45.1608417Z npm warn EBADENGINE   package: 'whatwg-url@15.1.0',
2025-10-08T10:08:45.1608790Z npm warn EBADENGINE   required: { node: '>=20' },
2025-10-08T10:08:45.1609203Z npm warn EBADENGINE   current: { node: 'v18.20.8', npm: '10.8.2' }
2025-10-08T10:08:45.1609523Z npm warn EBADENGINE }
2025-10-08T10:08:49.4425303Z npm warn deprecated abab@2.0.6: Use your platform's native atob() and btoa() methods instead
2025-10-08T10:08:50.2552803Z npm warn deprecated glob@7.2.3: Glob versions prior to v9 are no longer supported
2025-10-08T10:08:50.2636761Z npm warn deprecated glob@7.2.3: Glob versions prior to v9 are no longer supported
2025-10-08T10:08:50.3470359Z npm warn deprecated domexception@4.0.0: Use your platform's native DOMException instead
2025-10-08T10:08:51.6885409Z npm warn deprecated reflect-metadata@0.2.1: This version has a critical bug in fallback handling. Please upgrade to reflect-metadata@0.2.2 or newer.
2025-10-08T10:08:51.7452522Z npm warn deprecated text-encoding@0.7.0: no longer maintained
2025-10-08T10:08:51.7488552Z npm warn deprecated @testing-library/jest-native@5.4.3: DEPRECATED: This package is no longer maintained.
2025-10-08T10:08:51.7490450Z npm warn deprecated Please use the built-in Jest matchers available in @testing-library/react-native v12.4+.
2025-10-08T10:08:51.7491248Z npm warn deprecated
2025-10-08T10:08:51.7492464Z npm warn deprecated See migration guide: https://callstack.github.io/react-native-testing-library/docs/migration/jest-matchers
2025-10-08T10:08:52.0317147Z npm warn deprecated node-domexception@1.0.0: Use your platform's native DOMException instead
2025-10-08T10:08:58.4012787Z npm warn deprecated @types/react-native@0.73.0: This is a stub types definition. react-native provides its own type definitions, so you do not need this installed.
2025-10-08T10:09:04.8511182Z npm warn deprecated eslint@8.57.1: This version is no longer supported. Please see https://eslint.org/version-support for other options.
2025-10-08T10:09:12.6115058Z 
2025-10-08T10:09:12.6115625Z added 1768 packages, and audited 1771 packages in 33s
2025-10-08T10:09:12.6115888Z 
2025-10-08T10:09:12.6116032Z 257 packages are looking for funding
2025-10-08T10:09:12.6116323Z   run `npm fund` for details
2025-10-08T10:09:12.6140427Z 
2025-10-08T10:09:12.6140694Z 2 low severity vulnerabilities
2025-10-08T10:09:12.6140931Z 
2025-10-08T10:09:12.6141112Z To address all issues, run:
2025-10-08T10:09:12.6141445Z   npm audit fix
2025-10-08T10:09:12.6141631Z 
2025-10-08T10:09:12.6141788Z Run `npm audit` for details.
2025-10-08T10:09:12.6578409Z ##[group]Run cd apps/mobile
2025-10-08T10:09:12.6578695Z [36;1mcd apps/mobile[0m
2025-10-08T10:09:12.6578898Z [36;1mnpm ci[0m
2025-10-08T10:09:12.6606927Z shell: /usr/bin/bash -e {0}
2025-10-08T10:09:12.6607171Z env:
2025-10-08T10:09:12.6607347Z   CI: true
2025-10-08T10:09:12.6607516Z   NODE_ENV: test
2025-10-08T10:09:12.6607708Z   LIGHTNING_E2E_MODE: true
2025-10-08T10:09:12.6607919Z ##[endgroup]
2025-10-08T10:09:13.6257065Z npm warn EBADENGINE Unsupported engine {
2025-10-08T10:09:13.6258269Z npm warn EBADENGINE   package: 'lru-cache@11.2.2',
2025-10-08T10:09:13.6258678Z npm warn EBADENGINE   required: { node: '20 || >=22' },
2025-10-08T10:09:13.6259198Z npm warn EBADENGINE   current: { node: 'v18.20.8', npm: '10.8.2' }
2025-10-08T10:09:13.6259538Z npm warn EBADENGINE }
2025-10-08T10:09:13.6261592Z npm warn EBADENGINE Unsupported engine {
2025-10-08T10:09:13.6262206Z npm warn EBADENGINE   package: 'lru-cache@11.2.2',
2025-10-08T10:09:13.6263213Z npm warn EBADENGINE   required: { node: '20 || >=22' },
2025-10-08T10:09:13.6263908Z npm warn EBADENGINE   current: { node: 'v18.20.8', npm: '10.8.2' }
2025-10-08T10:09:13.6264319Z npm warn EBADENGINE }
2025-10-08T10:09:13.6293239Z npm warn EBADENGINE Unsupported engine {
2025-10-08T10:09:13.6294024Z npm warn EBADENGINE   package: 'metro@0.83.1',
2025-10-08T10:09:13.6294669Z npm warn EBADENGINE   required: { node: '>=20.19.4' },
2025-10-08T10:09:13.6295698Z npm warn EBADENGINE   current: { node: 'v18.20.8', npm: '10.8.2' }
2025-10-08T10:09:13.6296119Z npm warn EBADENGINE }
2025-10-08T10:09:13.6297065Z npm warn EBADENGINE Unsupported engine {
2025-10-08T10:09:13.6297787Z npm warn EBADENGINE   package: 'metro-babel-transformer@0.83.1',
2025-10-08T10:09:13.6298527Z npm warn EBADENGINE   required: { node: '>=20.19.4' },
2025-10-08T10:09:13.6299204Z npm warn EBADENGINE   current: { node: 'v18.20.8', npm: '10.8.2' }
2025-10-08T10:09:13.6299527Z npm warn EBADENGINE }
2025-10-08T10:09:13.6299941Z npm warn EBADENGINE Unsupported engine {
2025-10-08T10:09:13.6300382Z npm warn EBADENGINE   package: 'metro-cache@0.83.1',
2025-10-08T10:09:13.6300747Z npm warn EBADENGINE   required: { node: '>=20.19.4' },
2025-10-08T10:09:13.6301146Z npm warn EBADENGINE   current: { node: 'v18.20.8', npm: '10.8.2' }
2025-10-08T10:09:13.6301485Z npm warn EBADENGINE }
2025-10-08T10:09:13.6302594Z npm warn EBADENGINE Unsupported engine {
2025-10-08T10:09:13.6303240Z npm warn EBADENGINE   package: 'metro-cache-key@0.83.1',
2025-10-08T10:09:13.6304339Z npm warn EBADENGINE   required: { node: '>=20.19.4' },
2025-10-08T10:09:13.6304893Z npm warn EBADENGINE   current: { node: 'v18.20.8', npm: '10.8.2' }
2025-10-08T10:09:13.6305217Z npm warn EBADENGINE }
2025-10-08T10:09:13.6305498Z npm warn EBADENGINE Unsupported engine {
2025-10-08T10:09:13.6305843Z npm warn EBADENGINE   package: 'metro-config@0.83.1',
2025-10-08T10:09:13.6306207Z npm warn EBADENGINE   required: { node: '>=20.19.4' },
2025-10-08T10:09:13.6306614Z npm warn EBADENGINE   current: { node: 'v18.20.8', npm: '10.8.2' }
2025-10-08T10:09:13.6306928Z npm warn EBADENGINE }
2025-10-08T10:09:13.6308892Z npm warn EBADENGINE Unsupported engine {
2025-10-08T10:09:13.6309322Z npm warn EBADENGINE   package: 'metro-core@0.83.1',
2025-10-08T10:09:13.6309684Z npm warn EBADENGINE   required: { node: '>=20.19.4' },
2025-10-08T10:09:13.6310084Z npm warn EBADENGINE   current: { node: 'v18.20.8', npm: '10.8.2' }
2025-10-08T10:09:13.6310472Z npm warn EBADENGINE }
2025-10-08T10:09:13.6310997Z npm warn EBADENGINE Unsupported engine {
2025-10-08T10:09:13.6311366Z npm warn EBADENGINE   package: 'metro-file-map@0.83.1',
2025-10-08T10:09:13.6311737Z npm warn EBADENGINE   required: { node: '>=20.19.4' },
2025-10-08T10:09:13.6312139Z npm warn EBADENGINE   current: { node: 'v18.20.8', npm: '10.8.2' }
2025-10-08T10:09:13.6312468Z npm warn EBADENGINE }
2025-10-08T10:09:13.6312911Z npm warn EBADENGINE Unsupported engine {
2025-10-08T10:09:13.6313292Z npm warn EBADENGINE   package: 'metro-minify-terser@0.83.1',
2025-10-08T10:09:13.6314027Z npm warn EBADENGINE   required: { node: '>=20.19.4' },
2025-10-08T10:09:13.6314726Z npm warn EBADENGINE   current: { node: 'v18.20.8', npm: '10.8.2' }
2025-10-08T10:09:13.6315275Z npm warn EBADENGINE }
2025-10-08T10:09:13.6315726Z npm warn EBADENGINE Unsupported engine {
2025-10-08T10:09:13.6316341Z npm warn EBADENGINE   package: 'metro-resolver@0.83.1',
2025-10-08T10:09:13.6317014Z npm warn EBADENGINE   required: { node: '>=20.19.4' },
2025-10-08T10:09:13.6317734Z npm warn EBADENGINE   current: { node: 'v18.20.8', npm: '10.8.2' }
2025-10-08T10:09:13.6318176Z npm warn EBADENGINE }
2025-10-08T10:09:13.6318472Z npm warn EBADENGINE Unsupported engine {
2025-10-08T10:09:13.6319081Z npm warn EBADENGINE   package: 'metro-runtime@0.83.1',
2025-10-08T10:09:13.6319743Z npm warn EBADENGINE   required: { node: '>=20.19.4' },
2025-10-08T10:09:13.6320450Z npm warn EBADENGINE   current: { node: 'v18.20.8', npm: '10.8.2' }
2025-10-08T10:09:13.6321006Z npm warn EBADENGINE }
2025-10-08T10:09:13.6321459Z npm warn EBADENGINE Unsupported engine {
2025-10-08T10:09:13.6322085Z npm warn EBADENGINE   package: 'metro-source-map@0.83.1',
2025-10-08T10:09:13.6322748Z npm warn EBADENGINE   required: { node: '>=20.19.4' },
2025-10-08T10:09:13.6323470Z npm warn EBADENGINE   current: { node: 'v18.20.8', npm: '10.8.2' }
2025-10-08T10:09:13.6324133Z npm warn EBADENGINE }
2025-10-08T10:09:13.6324584Z npm warn EBADENGINE Unsupported engine {
2025-10-08T10:09:13.6325234Z npm warn EBADENGINE   package: 'metro-symbolicate@0.83.1',
2025-10-08T10:09:13.6325920Z npm warn EBADENGINE   required: { node: '>=20.19.4' },
2025-10-08T10:09:13.6326552Z npm warn EBADENGINE   current: { node: 'v18.20.8', npm: '10.8.2' }
2025-10-08T10:09:13.6326866Z npm warn EBADENGINE }
2025-10-08T10:09:13.6327135Z npm warn EBADENGINE Unsupported engine {
2025-10-08T10:09:13.6327517Z npm warn EBADENGINE   package: 'metro-transform-plugins@0.83.1',
2025-10-08T10:09:13.6327914Z npm warn EBADENGINE   required: { node: '>=20.19.4' },
2025-10-08T10:09:13.6328315Z npm warn EBADENGINE   current: { node: 'v18.20.8', npm: '10.8.2' }
2025-10-08T10:09:13.6328848Z npm warn EBADENGINE }
2025-10-08T10:09:13.6329286Z npm warn EBADENGINE Unsupported engine {
2025-10-08T10:09:13.6329965Z npm warn EBADENGINE   package: 'metro-transform-worker@0.83.1',
2025-10-08T10:09:13.6330647Z npm warn EBADENGINE   required: { node: '>=20.19.4' },
2025-10-08T10:09:13.6331043Z npm warn EBADENGINE   current: { node: 'v18.20.8', npm: '10.8.2' }
2025-10-08T10:09:13.6331353Z npm warn EBADENGINE }
2025-10-08T10:09:13.6331742Z npm warn EBADENGINE Unsupported engine {
2025-10-08T10:09:13.6332062Z npm warn EBADENGINE   package: 'ob1@0.83.1',
2025-10-08T10:09:13.6332406Z npm warn EBADENGINE   required: { node: '>=20.19.4' },
2025-10-08T10:09:13.6332810Z npm warn EBADENGINE   current: { node: 'v18.20.8', npm: '10.8.2' }
2025-10-08T10:09:13.6333115Z npm warn EBADENGINE }
2025-10-08T10:09:13.6333378Z npm warn EBADENGINE Unsupported engine {
2025-10-08T10:09:13.6334017Z npm warn EBADENGINE   package: '@expo/server@0.7.5',
2025-10-08T10:09:13.6334385Z npm warn EBADENGINE   required: { node: '>=20.16.0' },
2025-10-08T10:09:13.6334775Z npm warn EBADENGINE   current: { node: 'v18.20.8', npm: '10.8.2' }
2025-10-08T10:09:13.6335086Z npm warn EBADENGINE }
2025-10-08T10:09:13.6342631Z npm warn EBADENGINE Unsupported engine {
2025-10-08T10:09:13.6343228Z npm warn EBADENGINE   package: '@react-native/babel-plugin-codegen@0.81.4',
2025-10-08T10:09:13.6343859Z npm warn EBADENGINE   required: { node: '>= 20.19.4' },
2025-10-08T10:09:13.6344347Z npm warn EBADENGINE   current: { node: 'v18.20.8', npm: '10.8.2' }
2025-10-08T10:09:13.6344875Z npm warn EBADENGINE }
2025-10-08T10:09:13.6345320Z npm warn EBADENGINE Unsupported engine {
2025-10-08T10:09:13.6345903Z npm warn EBADENGINE   package: '@react-native/babel-preset@0.81.4',
2025-10-08T10:09:13.6346606Z npm warn EBADENGINE   required: { node: '>= 20.19.4' },
2025-10-08T10:09:13.6347147Z npm warn EBADENGINE   current: { node: 'v18.20.8', npm: '10.8.2' }
2025-10-08T10:09:13.6347717Z npm warn EBADENGINE }
2025-10-08T10:09:13.6348151Z npm warn EBADENGINE Unsupported engine {
2025-10-08T10:09:13.6348537Z npm warn EBADENGINE   package: '@react-native/codegen@0.81.4',
2025-10-08T10:09:13.6348926Z npm warn EBADENGINE   required: { node: '>= 20.19.4' },
2025-10-08T10:09:13.6349329Z npm warn EBADENGINE   current: { node: 'v18.20.8', npm: '10.8.2' }
2025-10-08T10:09:13.6349643Z npm warn EBADENGINE }
2025-10-08T10:09:13.6349903Z npm warn EBADENGINE Unsupported engine {
2025-10-08T10:09:13.6350312Z npm warn EBADENGINE   package: '@react-native/debugger-frontend@0.81.4',
2025-10-08T10:09:13.6350738Z npm warn EBADENGINE   required: { node: '>= 20.19.4' },
2025-10-08T10:09:13.6351138Z npm warn EBADENGINE   current: { node: 'v18.20.8', npm: '10.8.2' }
2025-10-08T10:09:13.6351450Z npm warn EBADENGINE }
2025-10-08T10:09:13.6364978Z npm warn EBADENGINE Unsupported engine {
2025-10-08T10:09:13.6365671Z npm warn EBADENGINE   package: 'cssstyle@5.3.1',
2025-10-08T10:09:13.6366318Z npm warn EBADENGINE   required: { node: '>=20' },
2025-10-08T10:09:13.6367120Z npm warn EBADENGINE   current: { node: 'v18.20.8', npm: '10.8.2' }
2025-10-08T10:09:13.6367729Z npm warn EBADENGINE }
2025-10-08T10:09:13.6368224Z npm warn EBADENGINE Unsupported engine {
2025-10-08T10:09:13.6368870Z npm warn EBADENGINE   package: 'data-urls@6.0.0',
2025-10-08T10:09:13.6369499Z npm warn EBADENGINE   required: { node: '>=20' },
2025-10-08T10:09:13.6370262Z npm warn EBADENGINE   current: { node: 'v18.20.8', npm: '10.8.2' }
2025-10-08T10:09:13.6370865Z npm warn EBADENGINE }
2025-10-08T10:09:13.6379322Z npm warn EBADENGINE Unsupported engine {
2025-10-08T10:09:13.6380218Z npm warn EBADENGINE   package: '@react-native/dev-middleware@0.81.4',
2025-10-08T10:09:13.6381115Z npm warn EBADENGINE   required: { node: '>= 20.19.4' },
2025-10-08T10:09:13.6382021Z npm warn EBADENGINE   current: { node: 'v18.20.8', npm: '10.8.2' }
2025-10-08T10:09:13.6382676Z npm warn EBADENGINE }
2025-10-08T10:09:13.6397943Z npm warn EBADENGINE Unsupported engine {
2025-10-08T10:09:13.6398622Z npm warn EBADENGINE   package: 'jsdom@27.0.0',
2025-10-08T10:09:13.6399264Z npm warn EBADENGINE   required: { node: '>=20' },
2025-10-08T10:09:13.6399994Z npm warn EBADENGINE   current: { node: 'v18.20.8', npm: '10.8.2' }
2025-10-08T10:09:13.6400657Z npm warn EBADENGINE }
2025-10-08T10:09:13.6403197Z npm warn EBADENGINE Unsupported engine {
2025-10-08T10:09:13.6403929Z npm warn EBADENGINE   package: 'undici@7.14.0',
2025-10-08T10:09:13.6404596Z npm warn EBADENGINE   required: { node: '>=20.18.1' },
2025-10-08T10:09:13.6405595Z npm warn EBADENGINE   current: { node: 'v18.20.8', npm: '10.8.2' }
2025-10-08T10:09:13.6406209Z npm warn EBADENGINE }
2025-10-08T10:09:13.6424228Z npm warn EBADENGINE Unsupported engine {
2025-10-08T10:09:13.6424820Z npm warn EBADENGINE   package: 'tr46@6.0.0',
2025-10-08T10:09:13.6425177Z npm warn EBADENGINE   required: { node: '>=20' },
2025-10-08T10:09:13.6425591Z npm warn EBADENGINE   current: { node: 'v18.20.8', npm: '10.8.2' }
2025-10-08T10:09:13.6425919Z npm warn EBADENGINE }
2025-10-08T10:09:13.6428265Z npm warn EBADENGINE Unsupported engine {
2025-10-08T10:09:13.6428828Z npm warn EBADENGINE   package: 'webidl-conversions@8.0.0',
2025-10-08T10:09:13.6429408Z npm warn EBADENGINE   required: { node: '>=20' },
2025-10-08T10:09:13.6429980Z npm warn EBADENGINE   current: { node: 'v18.20.8', npm: '10.8.2' }
2025-10-08T10:09:13.6430297Z npm warn EBADENGINE }
2025-10-08T10:09:13.6430567Z npm warn EBADENGINE Unsupported engine {
2025-10-08T10:09:13.6430901Z npm warn EBADENGINE   package: 'whatwg-url@15.1.0',
2025-10-08T10:09:13.6431253Z npm warn EBADENGINE   required: { node: '>=20' },
2025-10-08T10:09:13.6431640Z npm warn EBADENGINE   current: { node: 'v18.20.8', npm: '10.8.2' }
2025-10-08T10:09:13.6431947Z npm warn EBADENGINE }
2025-10-08T10:09:18.8047551Z npm warn deprecated abab@2.0.6: Use your platform's native atob() and btoa() methods instead
2025-10-08T10:09:19.7249253Z npm warn deprecated glob@7.2.3: Glob versions prior to v9 are no longer supported
2025-10-08T10:09:19.7995288Z npm warn deprecated glob@7.2.3: Glob versions prior to v9 are no longer supported
2025-10-08T10:09:22.9196620Z npm warn deprecated domexception@4.0.0: Use your platform's native DOMException instead
2025-10-08T10:09:26.6159211Z npm warn deprecated @types/react-native@0.73.0: This is a stub types definition. react-native provides its own type definitions, so you do not need this installed.
2025-10-08T10:09:26.6616929Z npm warn deprecated text-encoding@0.7.0: no longer maintained
2025-10-08T10:09:26.6825427Z npm warn deprecated @testing-library/jest-native@5.4.3: DEPRECATED: This package is no longer maintained.
2025-10-08T10:09:26.6826511Z npm warn deprecated Please use the built-in Jest matchers available in @testing-library/react-native v12.4+.
2025-10-08T10:09:26.6827298Z npm warn deprecated
2025-10-08T10:09:26.6828226Z npm warn deprecated See migration guide: https://callstack.github.io/react-native-testing-library/docs/migration/jest-matchers
2025-10-08T10:09:30.2027963Z npm warn deprecated eslint@8.57.1: This version is no longer supported. Please see https://eslint.org/version-support for other options.
2025-10-08T10:09:35.0632314Z 
2025-10-08T10:09:35.0632889Z added 1626 packages, and audited 1628 packages in 22s
2025-10-08T10:09:35.0633148Z 
2025-10-08T10:09:35.0633290Z 236 packages are looking for funding
2025-10-08T10:09:35.0633702Z   run `npm fund` for details
2025-10-08T10:09:35.0647237Z 
2025-10-08T10:09:35.0647480Z found 0 vulnerabilities
2025-10-08T10:09:35.1395899Z ##[group]Run cd apps/edge
2025-10-08T10:09:35.1396345Z [36;1mcd apps/edge[0m
2025-10-08T10:09:35.1396698Z [36;1mnpm ci[0m
2025-10-08T10:09:35.1418203Z shell: /usr/bin/bash -e {0}
2025-10-08T10:09:35.1418437Z env:
2025-10-08T10:09:35.1418621Z   CI: true
2025-10-08T10:09:35.1418794Z   NODE_ENV: test
2025-10-08T10:09:35.1418993Z   LIGHTNING_E2E_MODE: true
2025-10-08T10:09:35.1419208Z ##[endgroup]
2025-10-08T10:09:36.0710565Z npm warn EBADENGINE Unsupported engine {
2025-10-08T10:09:36.0711093Z npm warn EBADENGINE   package: 'lru-cache@11.2.2',
2025-10-08T10:09:36.0711484Z npm warn EBADENGINE   required: { node: '20 || >=22' },
2025-10-08T10:09:36.0711917Z npm warn EBADENGINE   current: { node: 'v18.20.8', npm: '10.8.2' }
2025-10-08T10:09:36.0712245Z npm warn EBADENGINE }
2025-10-08T10:09:36.0715132Z npm warn EBADENGINE Unsupported engine {
2025-10-08T10:09:36.0715722Z npm warn EBADENGINE   package: 'lru-cache@11.2.2',
2025-10-08T10:09:36.0716194Z npm warn EBADENGINE   required: { node: '20 || >=22' },
2025-10-08T10:09:36.0717696Z npm warn EBADENGINE   current: { node: 'v18.20.8', npm: '10.8.2' }
2025-10-08T10:09:36.0718022Z npm warn EBADENGINE }
2025-10-08T10:09:36.0734566Z npm warn EBADENGINE Unsupported engine {
2025-10-08T10:09:36.0735147Z npm warn EBADENGINE   package: 'metro@0.83.1',
2025-10-08T10:09:36.0735565Z npm warn EBADENGINE   required: { node: '>=20.19.4' },
2025-10-08T10:09:36.0736043Z npm warn EBADENGINE   current: { node: 'v18.20.8', npm: '10.8.2' }
2025-10-08T10:09:36.0736426Z npm warn EBADENGINE }
2025-10-08T10:09:36.0737649Z npm warn EBADENGINE Unsupported engine {
2025-10-08T10:09:36.0738316Z npm warn EBADENGINE   package: 'metro-babel-transformer@0.83.1',
2025-10-08T10:09:36.0738803Z npm warn EBADENGINE   required: { node: '>=20.19.4' },
2025-10-08T10:09:36.0739282Z npm warn EBADENGINE   current: { node: 'v18.20.8', npm: '10.8.2' }
2025-10-08T10:09:36.0739683Z npm warn EBADENGINE }
2025-10-08T10:09:36.0740099Z npm warn EBADENGINE Unsupported engine {
2025-10-08T10:09:36.0740737Z npm warn EBADENGINE   package: 'metro-cache@0.83.1',
2025-10-08T10:09:36.0741178Z npm warn EBADENGINE   required: { node: '>=20.19.4' },
2025-10-08T10:09:36.0741654Z npm warn EBADENGINE   current: { node: 'v18.20.8', npm: '10.8.2' }
2025-10-08T10:09:36.0742028Z npm warn EBADENGINE }
2025-10-08T10:09:36.0742587Z npm warn EBADENGINE Unsupported engine {
2025-10-08T10:09:36.0743308Z npm warn EBADENGINE   package: 'metro-cache-key@0.83.1',
2025-10-08T10:09:36.0744011Z npm warn EBADENGINE   required: { node: '>=20.19.4' },
2025-10-08T10:09:36.0744767Z npm warn EBADENGINE   current: { node: 'v18.20.8', npm: '10.8.2' }
2025-10-08T10:09:36.0745220Z npm warn EBADENGINE }
2025-10-08T10:09:36.0745510Z npm warn EBADENGINE Unsupported engine {
2025-10-08T10:09:36.0745907Z npm warn EBADENGINE   package: 'metro-config@0.83.1',
2025-10-08T10:09:36.0746335Z npm warn EBADENGINE   required: { node: '>=20.19.4' },
2025-10-08T10:09:36.0746809Z npm warn EBADENGINE   current: { node: 'v18.20.8', npm: '10.8.2' }
2025-10-08T10:09:36.0747194Z npm warn EBADENGINE }
2025-10-08T10:09:36.0747926Z npm warn EBADENGINE Unsupported engine {
2025-10-08T10:09:36.0748531Z npm warn EBADENGINE   package: 'metro-core@0.83.1',
2025-10-08T10:09:36.0749178Z npm warn EBADENGINE   required: { node: '>=20.19.4' },
2025-10-08T10:09:36.0749886Z npm warn EBADENGINE   current: { node: 'v18.20.8', npm: '10.8.2' }
2025-10-08T10:09:36.0750432Z npm warn EBADENGINE }
2025-10-08T10:09:36.0750711Z npm warn EBADENGINE Unsupported engine {
2025-10-08T10:09:36.0751052Z npm warn EBADENGINE   package: 'metro-file-map@0.83.1',
2025-10-08T10:09:36.0751579Z npm warn EBADENGINE   required: { node: '>=20.19.4' },
2025-10-08T10:09:36.0752187Z npm warn EBADENGINE   current: { node: 'v18.20.8', npm: '10.8.2' }
2025-10-08T10:09:36.0752643Z npm warn EBADENGINE }
2025-10-08T10:09:36.0753059Z npm warn EBADENGINE Unsupported engine {
2025-10-08T10:09:36.0753442Z npm warn EBADENGINE   package: 'metro-minify-terser@0.83.1',
2025-10-08T10:09:36.0754709Z npm warn EBADENGINE   required: { node: '>=20.19.4' },
2025-10-08T10:09:36.0755288Z npm warn EBADENGINE   current: { node: 'v18.20.8', npm: '10.8.2' }
2025-10-08T10:09:36.0755723Z npm warn EBADENGINE }
2025-10-08T10:09:36.0756084Z npm warn EBADENGINE Unsupported engine {
2025-10-08T10:09:36.0756606Z npm warn EBADENGINE   package: 'metro-resolver@0.83.1',
2025-10-08T10:09:36.0757154Z npm warn EBADENGINE   required: { node: '>=20.19.4' },
2025-10-08T10:09:36.0757730Z npm warn EBADENGINE   current: { node: 'v18.20.8', npm: '10.8.2' }
2025-10-08T10:09:36.0758113Z npm warn EBADENGINE }
2025-10-08T10:09:36.0758390Z npm warn EBADENGINE Unsupported engine {
2025-10-08T10:09:36.0758955Z npm warn EBADENGINE   package: 'metro-runtime@0.83.1',
2025-10-08T10:09:36.0759332Z npm warn EBADENGINE   required: { node: '>=20.19.4' },
2025-10-08T10:09:36.0759815Z npm warn EBADENGINE   current: { node: 'v18.20.8', npm: '10.8.2' }
2025-10-08T10:09:36.0760128Z npm warn EBADENGINE }
2025-10-08T10:09:36.0760388Z npm warn EBADENGINE Unsupported engine {
2025-10-08T10:09:36.0760923Z npm warn EBADENGINE   package: 'metro-source-map@0.83.1',
2025-10-08T10:09:36.0761845Z npm warn EBADENGINE   required: { node: '>=20.19.4' },
2025-10-08T10:09:36.0762243Z npm warn EBADENGINE   current: { node: 'v18.20.8', npm: '10.8.2' }
2025-10-08T10:09:36.0762562Z npm warn EBADENGINE }
2025-10-08T10:09:36.0762829Z npm warn EBADENGINE Unsupported engine {
2025-10-08T10:09:36.0763195Z npm warn EBADENGINE   package: 'metro-symbolicate@0.83.1',
2025-10-08T10:09:36.0763706Z npm warn EBADENGINE   required: { node: '>=20.19.4' },
2025-10-08T10:09:36.0764122Z npm warn EBADENGINE   current: { node: 'v18.20.8', npm: '10.8.2' }
2025-10-08T10:09:36.0764513Z npm warn EBADENGINE }
2025-10-08T10:09:36.0764930Z npm warn EBADENGINE Unsupported engine {
2025-10-08T10:09:36.0765393Z npm warn EBADENGINE   package: 'metro-transform-plugins@0.83.1',
2025-10-08T10:09:36.0765786Z npm warn EBADENGINE   required: { node: '>=20.19.4' },
2025-10-08T10:09:36.0766192Z npm warn EBADENGINE   current: { node: 'v18.20.8', npm: '10.8.2' }
2025-10-08T10:09:36.0766506Z npm warn EBADENGINE }
2025-10-08T10:09:36.0766766Z npm warn EBADENGINE Unsupported engine {
2025-10-08T10:09:36.0767137Z npm warn EBADENGINE   package: 'metro-transform-worker@0.83.1',
2025-10-08T10:09:36.0767529Z npm warn EBADENGINE   required: { node: '>=20.19.4' },
2025-10-08T10:09:36.0767925Z npm warn EBADENGINE   current: { node: 'v18.20.8', npm: '10.8.2' }
2025-10-08T10:09:36.0768239Z npm warn EBADENGINE }
2025-10-08T10:09:36.0768484Z npm warn EBADENGINE Unsupported engine {
2025-10-08T10:09:36.0768798Z npm warn EBADENGINE   package: 'ob1@0.83.1',
2025-10-08T10:09:36.0769137Z npm warn EBADENGINE   required: { node: '>=20.19.4' },
2025-10-08T10:09:36.0769527Z npm warn EBADENGINE   current: { node: 'v18.20.8', npm: '10.8.2' }
2025-10-08T10:09:36.0769826Z npm warn EBADENGINE }
2025-10-08T10:09:36.0770077Z npm warn EBADENGINE Unsupported engine {
2025-10-08T10:09:36.0770413Z npm warn EBADENGINE   package: '@expo/server@0.7.5',
2025-10-08T10:09:36.0770771Z npm warn EBADENGINE   required: { node: '>=20.16.0' },
2025-10-08T10:09:36.0771166Z npm warn EBADENGINE   current: { node: 'v18.20.8', npm: '10.8.2' }
2025-10-08T10:09:36.0771467Z npm warn EBADENGINE }
2025-10-08T10:09:36.0789877Z npm warn EBADENGINE Unsupported engine {
2025-10-08T10:09:36.0790386Z npm warn EBADENGINE   package: '@react-native/babel-plugin-codegen@0.81.4',
2025-10-08T10:09:36.0790870Z npm warn EBADENGINE   required: { node: '>= 20.19.4' },
2025-10-08T10:09:36.0791279Z npm warn EBADENGINE   current: { node: 'v18.20.8', npm: '10.8.2' }
2025-10-08T10:09:36.0791798Z npm warn EBADENGINE }
2025-10-08T10:09:36.0792239Z npm warn EBADENGINE Unsupported engine {
2025-10-08T10:09:36.0792894Z npm warn EBADENGINE   package: '@react-native/babel-preset@0.81.4',
2025-10-08T10:09:36.0793799Z npm warn EBADENGINE   required: { node: '>= 20.19.4' },
2025-10-08T10:09:36.0794518Z npm warn EBADENGINE   current: { node: 'v18.20.8', npm: '10.8.2' }
2025-10-08T10:09:36.0795085Z npm warn EBADENGINE }
2025-10-08T10:09:36.0795762Z npm warn EBADENGINE Unsupported engine {
2025-10-08T10:09:36.0796453Z npm warn EBADENGINE   package: '@react-native/codegen@0.81.4',
2025-10-08T10:09:36.0796845Z npm warn EBADENGINE   required: { node: '>= 20.19.4' },
2025-10-08T10:09:36.0797250Z npm warn EBADENGINE   current: { node: 'v18.20.8', npm: '10.8.2' }
2025-10-08T10:09:36.0797561Z npm warn EBADENGINE }
2025-10-08T10:09:36.0797823Z npm warn EBADENGINE Unsupported engine {
2025-10-08T10:09:36.0798230Z npm warn EBADENGINE   package: '@react-native/debugger-frontend@0.81.4',
2025-10-08T10:09:36.0798642Z npm warn EBADENGINE   required: { node: '>= 20.19.4' },
2025-10-08T10:09:36.0799040Z npm warn EBADENGINE   current: { node: 'v18.20.8', npm: '10.8.2' }
2025-10-08T10:09:36.0799417Z npm warn EBADENGINE }
2025-10-08T10:09:36.0811991Z npm warn EBADENGINE Unsupported engine {
2025-10-08T10:09:36.0812707Z npm warn EBADENGINE   package: 'cssstyle@5.3.1',
2025-10-08T10:09:36.0813355Z npm warn EBADENGINE   required: { node: '>=20' },
2025-10-08T10:09:36.0814288Z npm warn EBADENGINE   current: { node: 'v18.20.8', npm: '10.8.2' }
2025-10-08T10:09:36.0815118Z npm warn EBADENGINE }
2025-10-08T10:09:36.0815631Z npm warn EBADENGINE Unsupported engine {
2025-10-08T10:09:36.0816267Z npm warn EBADENGINE   package: 'data-urls@6.0.0',
2025-10-08T10:09:36.0816889Z npm warn EBADENGINE   required: { node: '>=20' },
2025-10-08T10:09:36.0817654Z npm warn EBADENGINE   current: { node: 'v18.20.8', npm: '10.8.2' }
2025-10-08T10:09:36.0818241Z npm warn EBADENGINE }
2025-10-08T10:09:36.0829560Z npm warn EBADENGINE Unsupported engine {
2025-10-08T10:09:36.0830448Z npm warn EBADENGINE   package: '@react-native/dev-middleware@0.81.4',
2025-10-08T10:09:36.0831257Z npm warn EBADENGINE   required: { node: '>= 20.19.4' },
2025-10-08T10:09:36.0832010Z npm warn EBADENGINE   current: { node: 'v18.20.8', npm: '10.8.2' }
2025-10-08T10:09:36.0832622Z npm warn EBADENGINE }
2025-10-08T10:09:36.0848484Z npm warn EBADENGINE Unsupported engine {
2025-10-08T10:09:36.0849312Z npm warn EBADENGINE   package: 'jsdom@27.0.0',
2025-10-08T10:09:36.0850026Z npm warn EBADENGINE   required: { node: '>=20' },
2025-10-08T10:09:36.0850902Z npm warn EBADENGINE   current: { node: 'v18.20.8', npm: '10.8.2' }
2025-10-08T10:09:36.0851599Z npm warn EBADENGINE }
2025-10-08T10:09:36.0854163Z npm warn EBADENGINE Unsupported engine {
2025-10-08T10:09:36.0854854Z npm warn EBADENGINE   package: 'undici@7.14.0',
2025-10-08T10:09:36.0855614Z npm warn EBADENGINE   required: { node: '>=20.18.1' },
2025-10-08T10:09:36.0856517Z npm warn EBADENGINE   current: { node: 'v18.20.8', npm: '10.8.2' }
2025-10-08T10:09:36.0857198Z npm warn EBADENGINE }
2025-10-08T10:09:36.0875045Z npm warn EBADENGINE Unsupported engine {
2025-10-08T10:09:36.0875674Z npm warn EBADENGINE   package: 'tr46@6.0.0',
2025-10-08T10:09:36.0876304Z npm warn EBADENGINE   required: { node: '>=20' },
2025-10-08T10:09:36.0877020Z npm warn EBADENGINE   current: { node: 'v18.20.8', npm: '10.8.2' }
2025-10-08T10:09:36.0877405Z npm warn EBADENGINE }
2025-10-08T10:09:36.0878595Z npm warn EBADENGINE Unsupported engine {
2025-10-08T10:09:36.0879181Z npm warn EBADENGINE   package: 'webidl-conversions@8.0.0',
2025-10-08T10:09:36.0879679Z npm warn EBADENGINE   required: { node: '>=20' },
2025-10-08T10:09:36.0880392Z npm warn EBADENGINE   current: { node: 'v18.20.8', npm: '10.8.2' }
2025-10-08T10:09:36.0880948Z npm warn EBADENGINE }
2025-10-08T10:09:36.0881402Z npm warn EBADENGINE Unsupported engine {
2025-10-08T10:09:36.0881837Z npm warn EBADENGINE   package: 'whatwg-url@15.1.0',
2025-10-08T10:09:36.0882185Z npm warn EBADENGINE   required: { node: '>=20' },
2025-10-08T10:09:36.0882582Z npm warn EBADENGINE   current: { node: 'v18.20.8', npm: '10.8.2' }
2025-10-08T10:09:36.0882887Z npm warn EBADENGINE }
2025-10-08T10:09:38.5060534Z npm warn deprecated node-domexception@1.0.0: Use your platform's native DOMException instead
2025-10-08T10:09:39.4658160Z 
2025-10-08T10:09:39.4658817Z added 101 packages, and audited 103 packages in 4s
2025-10-08T10:09:39.4659233Z 
2025-10-08T10:09:39.4659740Z 17 packages are looking for funding
2025-10-08T10:09:39.4660209Z   run `npm fund` for details
2025-10-08T10:09:39.4668047Z 
2025-10-08T10:09:39.4668234Z found 0 vulnerabilities
2025-10-08T10:09:39.4960872Z ##[group]Run npx playwright install firefox --with-deps
2025-10-08T10:09:39.4961280Z [36;1mnpx playwright install firefox --with-deps[0m
2025-10-08T10:09:39.4961595Z [36;1mnpx playwright install-deps firefox[0m
2025-10-08T10:09:39.4980302Z shell: /usr/bin/bash -e {0}
2025-10-08T10:09:39.4980525Z env:
2025-10-08T10:09:39.4980705Z   CI: true
2025-10-08T10:09:39.4980883Z   NODE_ENV: test
2025-10-08T10:09:39.4981071Z   LIGHTNING_E2E_MODE: true
2025-10-08T10:09:39.4981286Z ##[endgroup]
2025-10-08T10:09:40.6393524Z npm warn exec The following package was not found and will be installed: playwright@1.56.0
2025-10-08T10:09:42.1359959Z ╔═══════════════════════════════════════════════════════════════════════════════╗
2025-10-08T10:09:42.1360701Z ║ WARNING: It looks like you are running 'npx playwright install' without first ║
2025-10-08T10:09:42.1361613Z ║ installing your project's dependencies.                                       ║
2025-10-08T10:09:42.1362179Z ║                                                                               ║
2025-10-08T10:09:42.1362696Z ║ To avoid unexpected behavior, please install your dependencies first, and     ║
2025-10-08T10:09:42.1363270Z ║ then run Playwright's install command:                                        ║
2025-10-08T10:09:42.1363910Z ║                                                                               ║
2025-10-08T10:09:42.1364354Z ║     npm install                                                               ║
2025-10-08T10:09:42.1364843Z ║     npx playwright install                                                    ║
2025-10-08T10:09:42.1365327Z ║                                                                               ║
2025-10-08T10:09:42.1366164Z ║ If your project does not yet depend on Playwright, first install the          ║
2025-10-08T10:09:42.1367233Z ║ applicable npm package (most commonly @playwright/test), and                  ║
2025-10-08T10:09:42.1368039Z ║ then run Playwright's install command to download the browsers:               ║
2025-10-08T10:09:42.1368521Z ║                                                                               ║
2025-10-08T10:09:42.1368978Z ║     npm install @playwright/test                                              ║
2025-10-08T10:09:42.1369496Z ║     npx playwright install                                                    ║
2025-10-08T10:09:42.1369949Z ║                                                                               ║
2025-10-08T10:09:42.1370410Z ╚═══════════════════════════════════════════════════════════════════════════════╝
2025-10-08T10:09:42.1370742Z Installing dependencies...
2025-10-08T10:09:42.1479461Z Switching to root user to install dependencies...
2025-10-08T10:09:42.2842237Z Get:1 file:/etc/apt/apt-mirrors.txt Mirrorlist [144 B]
2025-10-08T10:09:42.3230662Z Hit:6 https://packages.microsoft.com/repos/azure-cli noble InRelease
2025-10-08T10:09:42.3232151Z Hit:2 http://azure.archive.ubuntu.com/ubuntu noble InRelease
2025-10-08T10:09:42.3233434Z Get:7 https://packages.microsoft.com/ubuntu/24.04/prod noble InRelease [3600 B]
2025-10-08T10:09:42.3255812Z Get:3 http://azure.archive.ubuntu.com/ubuntu noble-updates InRelease [126 kB]
2025-10-08T10:09:42.3287645Z Get:4 http://azure.archive.ubuntu.com/ubuntu noble-backports InRelease [126 kB]
2025-10-08T10:09:42.3306118Z Get:5 http://azure.archive.ubuntu.com/ubuntu noble-security InRelease [126 kB]
2025-10-08T10:09:42.5409909Z Get:8 https://packages.microsoft.com/ubuntu/24.04/prod noble/main armhf Packages [10.5 kB]
2025-10-08T10:09:42.5589885Z Get:9 https://packages.microsoft.com/ubuntu/24.04/prod noble/main amd64 Packages [60.3 kB]
2025-10-08T10:09:42.5624490Z Get:10 https://packages.microsoft.com/ubuntu/24.04/prod noble/main arm64 Packages [43.1 kB]
2025-10-08T10:09:42.5753962Z Get:11 http://azure.archive.ubuntu.com/ubuntu noble-updates/main amd64 Packages [1490 kB]
2025-10-08T10:09:42.5836832Z Get:12 http://azure.archive.ubuntu.com/ubuntu noble-updates/main Translation-en [287 kB]
2025-10-08T10:09:42.5851707Z Get:13 http://azure.archive.ubuntu.com/ubuntu noble-updates/main amd64 Components [175 kB]
2025-10-08T10:09:42.5868923Z Get:14 http://azure.archive.ubuntu.com/ubuntu noble-updates/main amd64 c-n-f Metadata [15.3 kB]
2025-10-08T10:09:42.5877500Z Get:15 http://azure.archive.ubuntu.com/ubuntu noble-updates/universe amd64 Packages [1487 kB]
2025-10-08T10:09:42.5955092Z Get:16 http://azure.archive.ubuntu.com/ubuntu noble-updates/universe Translation-en [300 kB]
2025-10-08T10:09:42.6015393Z Get:17 http://azure.archive.ubuntu.com/ubuntu noble-updates/universe amd64 Components [378 kB]
2025-10-08T10:09:42.6076477Z Get:18 http://azure.archive.ubuntu.com/ubuntu noble-updates/universe amd64 c-n-f Metadata [31.1 kB]
2025-10-08T10:09:42.6115253Z Get:19 http://azure.archive.ubuntu.com/ubuntu noble-updates/restricted amd64 Packages [2068 kB]
2025-10-08T10:09:42.6253247Z Get:20 http://azure.archive.ubuntu.com/ubuntu noble-updates/restricted Translation-en [467 kB]
2025-10-08T10:09:42.6702205Z Get:21 http://azure.archive.ubuntu.com/ubuntu noble-updates/restricted amd64 Components [212 B]
2025-10-08T10:09:42.6710550Z Get:22 http://azure.archive.ubuntu.com/ubuntu noble-updates/multiverse Translation-en [6116 B]
2025-10-08T10:09:42.6717626Z Get:23 http://azure.archive.ubuntu.com/ubuntu noble-updates/multiverse amd64 Components [940 B]
2025-10-08T10:09:42.6726596Z Get:24 http://azure.archive.ubuntu.com/ubuntu noble-backports/main amd64 Components [7156 B]
2025-10-08T10:09:42.6735375Z Get:25 http://azure.archive.ubuntu.com/ubuntu noble-backports/universe amd64 Components [11.0 kB]
2025-10-08T10:09:42.6741974Z Get:26 http://azure.archive.ubuntu.com/ubuntu noble-backports/restricted amd64 Components [216 B]
2025-10-08T10:09:42.6749904Z Get:27 http://azure.archive.ubuntu.com/ubuntu noble-backports/multiverse amd64 Components [212 B]
2025-10-08T10:09:42.6755674Z Get:28 http://azure.archive.ubuntu.com/ubuntu noble-security/main amd64 Packages [1213 kB]
2025-10-08T10:09:42.6810963Z Get:29 http://azure.archive.ubuntu.com/ubuntu noble-security/main Translation-en [202 kB]
2025-10-08T10:09:42.6827536Z Get:30 http://azure.archive.ubuntu.com/ubuntu noble-security/main amd64 Components [21.5 kB]
2025-10-08T10:09:42.6835686Z Get:31 http://azure.archive.ubuntu.com/ubuntu noble-security/main amd64 c-n-f Metadata [8748 B]
2025-10-08T10:09:42.6842608Z Get:32 http://azure.archive.ubuntu.com/ubuntu noble-security/universe amd64 Packages [882 kB]
2025-10-08T10:09:42.6887153Z Get:33 http://azure.archive.ubuntu.com/ubuntu noble-security/universe Translation-en [196 kB]
2025-10-08T10:09:42.6903476Z Get:34 http://azure.archive.ubuntu.com/ubuntu noble-security/universe amd64 Components [52.3 kB]
2025-10-08T10:09:42.7340216Z Get:35 http://azure.archive.ubuntu.com/ubuntu noble-security/universe amd64 c-n-f Metadata [18.1 kB]
2025-10-08T10:09:42.7349608Z Get:36 http://azure.archive.ubuntu.com/ubuntu noble-security/restricted amd64 Packages [1967 kB]
2025-10-08T10:09:42.7439886Z Get:37 http://azure.archive.ubuntu.com/ubuntu noble-security/restricted Translation-en [448 kB]
2025-10-08T10:09:42.7471375Z Get:38 http://azure.archive.ubuntu.com/ubuntu noble-security/restricted amd64 Components [212 B]
2025-10-08T10:09:42.7479673Z Get:39 http://azure.archive.ubuntu.com/ubuntu noble-security/multiverse Translation-en [5844 B]
2025-10-08T10:09:42.7505279Z Get:40 http://azure.archive.ubuntu.com/ubuntu noble-security/multiverse amd64 Components [212 B]
2025-10-08T10:09:50.9850964Z Fetched 12.2 MB in 2s (7903 kB/s)
2025-10-08T10:09:51.7407200Z Reading package lists...
2025-10-08T10:09:51.7677482Z Reading package lists...
2025-10-08T10:09:51.9394216Z Building dependency tree...
2025-10-08T10:09:51.9400975Z Reading state information...
2025-10-08T10:09:52.1031147Z libasound2t64 is already the newest version (1.2.11-1ubuntu0.1).
2025-10-08T10:09:52.1032208Z libasound2t64 set to manually installed.
2025-10-08T10:09:52.1032879Z libatk1.0-0t64 is already the newest version (2.52.0-1build1).
2025-10-08T10:09:52.1033817Z libatk1.0-0t64 set to manually installed.
2025-10-08T10:09:52.1035052Z libcairo-gobject2 is already the newest version (1.18.0-3build1).
2025-10-08T10:09:52.1035795Z libcairo-gobject2 set to manually installed.
2025-10-08T10:09:52.1036449Z libcairo2 is already the newest version (1.18.0-3build1).
2025-10-08T10:09:52.1036990Z libcairo2 set to manually installed.
2025-10-08T10:09:52.1037554Z libdbus-1-3 is already the newest version (1.14.10-4ubuntu4.1).
2025-10-08T10:09:52.1038109Z libdbus-1-3 set to manually installed.
2025-10-08T10:09:52.1038719Z libfontconfig1 is already the newest version (2.15.0-1.1ubuntu2).
2025-10-08T10:09:52.1039307Z libfontconfig1 set to manually installed.
2025-10-08T10:09:52.1039874Z libfreetype6 is already the newest version (2.13.2+dfsg-1build3).
2025-10-08T10:09:52.1040354Z libfreetype6 set to manually installed.
2025-10-08T10:09:52.1040784Z libgdk-pixbuf-2.0-0 is already the newest version (2.42.10+dfsg-3ubuntu3.2).
2025-10-08T10:09:52.1041398Z libgdk-pixbuf-2.0-0 set to manually installed.
2025-10-08T10:09:52.1041805Z libglib2.0-0t64 is already the newest version (2.80.0-6ubuntu3.4).
2025-10-08T10:09:52.1042187Z libglib2.0-0t64 set to manually installed.
2025-10-08T10:09:52.1042574Z libgtk-3-0t64 is already the newest version (3.24.41-4ubuntu1.3).
2025-10-08T10:09:52.1043035Z libgtk-3-0t64 set to manually installed.
2025-10-08T10:09:52.1043438Z libpango-1.0-0 is already the newest version (1.52.1+ds-1build1).
2025-10-08T10:09:52.1043960Z libpango-1.0-0 set to manually installed.
2025-10-08T10:09:52.1044361Z libpangocairo-1.0-0 is already the newest version (1.52.1+ds-1build1).
2025-10-08T10:09:52.1044849Z libpangocairo-1.0-0 set to manually installed.
2025-10-08T10:09:52.1045228Z libx11-6 is already the newest version (2:1.8.7-1build1).
2025-10-08T10:09:52.1045549Z libx11-6 set to manually installed.
2025-10-08T10:09:52.1045905Z libx11-xcb1 is already the newest version (2:1.8.7-1build1).
2025-10-08T10:09:52.1046248Z libx11-xcb1 set to manually installed.
2025-10-08T10:09:52.1046602Z libxcb-shm0 is already the newest version (1.15-1ubuntu2).
2025-10-08T10:09:52.1046927Z libxcb-shm0 set to manually installed.
2025-10-08T10:09:52.1047259Z libxcb1 is already the newest version (1.15-1ubuntu2).
2025-10-08T10:09:52.1047576Z libxcb1 set to manually installed.
2025-10-08T10:09:52.1047940Z libxcomposite1 is already the newest version (1:0.4.5-1build3).
2025-10-08T10:09:52.1048301Z libxcomposite1 set to manually installed.
2025-10-08T10:09:52.1048662Z libxcursor1 is already the newest version (1:1.2.1-1build1).
2025-10-08T10:09:52.1048999Z libxcursor1 set to manually installed.
2025-10-08T10:09:52.1049356Z libxdamage1 is already the newest version (1:1.1.6-1build1).
2025-10-08T10:09:52.1049691Z libxdamage1 set to manually installed.
2025-10-08T10:09:52.1050026Z libxext6 is already the newest version (2:1.3.4-1build2).
2025-10-08T10:09:52.1050351Z libxext6 set to manually installed.
2025-10-08T10:09:52.1050706Z libxfixes3 is already the newest version (1:6.0.0-2build1).
2025-10-08T10:09:52.1051049Z libxfixes3 set to manually installed.
2025-10-08T10:09:52.1051384Z libxi6 is already the newest version (2:1.8.1-1build1).
2025-10-08T10:09:52.1051700Z libxi6 set to manually installed.
2025-10-08T10:09:52.1052044Z libxrandr2 is already the newest version (2:1.5.2-2build1).
2025-10-08T10:09:52.1052388Z libxrandr2 set to manually installed.
2025-10-08T10:09:52.1052753Z libxrender1 is already the newest version (1:0.9.10-1.1build1).
2025-10-08T10:09:52.1053106Z libxrender1 set to manually installed.
2025-10-08T10:09:52.1053460Z xvfb is already the newest version (2:21.1.12-1ubuntu1.4).
2025-10-08T10:09:52.1054059Z fonts-noto-color-emoji is already the newest version (2.047-0ubuntu0.24.04.1).
2025-10-08T10:09:52.1054537Z fonts-liberation is already the newest version (1:2.1.5-3).
2025-10-08T10:09:52.1054891Z fonts-liberation set to manually installed.
2025-10-08T10:09:52.1055251Z The following additional packages will be installed:
2025-10-08T10:09:52.1055572Z   xfonts-encodings xfonts-utils
2025-10-08T10:09:52.1055836Z Recommended packages:
2025-10-08T10:09:52.1056215Z   fonts-ipafont-mincho fonts-tlwg-loma
2025-10-08T10:09:52.1514098Z The following NEW packages will be installed:
2025-10-08T10:09:52.1514819Z   fonts-freefont-ttf fonts-ipafont-gothic fonts-tlwg-loma-otf fonts-unifont
2025-10-08T10:09:52.1525055Z   fonts-wqy-zenhei xfonts-cyrillic xfonts-encodings xfonts-scalable
2025-10-08T10:09:52.1525694Z   xfonts-utils
2025-10-08T10:09:52.1688497Z 0 upgraded, 9 newly installed, 0 to remove and 21 not upgraded.
2025-10-08T10:09:52.1689104Z Need to get 21.1 MB of archives.
2025-10-08T10:09:52.1689760Z After this operation, 79.5 MB of additional disk space will be used.
2025-10-08T10:09:52.1690478Z Get:1 file:/etc/apt/apt-mirrors.txt Mirrorlist [144 B]
2025-10-08T10:09:52.2420355Z Get:2 http://azure.archive.ubuntu.com/ubuntu noble/universe amd64 fonts-ipafont-gothic all 00303-21ubuntu1 [3513 kB]
2025-10-08T10:09:52.4539109Z Get:3 http://azure.archive.ubuntu.com/ubuntu noble/main amd64 fonts-freefont-ttf all 20211204+svn4273-2 [5641 kB]
2025-10-08T10:09:52.7235341Z Get:4 http://azure.archive.ubuntu.com/ubuntu noble/universe amd64 fonts-tlwg-loma-otf all 1:0.7.3-1 [107 kB]
2025-10-08T10:09:52.7787473Z Get:5 http://azure.archive.ubuntu.com/ubuntu noble/universe amd64 fonts-unifont all 1:15.1.01-1build1 [2993 kB]
2025-10-08T10:09:52.9931432Z Get:6 http://azure.archive.ubuntu.com/ubuntu noble/universe amd64 fonts-wqy-zenhei all 0.9.45-8 [7472 kB]
2025-10-08T10:09:53.3018878Z Get:7 http://azure.archive.ubuntu.com/ubuntu noble/main amd64 xfonts-encodings all 1:1.0.5-0ubuntu2 [578 kB]
2025-10-08T10:09:53.4062698Z Get:8 http://azure.archive.ubuntu.com/ubuntu noble/main amd64 xfonts-utils amd64 1:7.7+6build3 [94.4 kB]
2025-10-08T10:09:53.4594398Z Get:9 http://azure.archive.ubuntu.com/ubuntu noble/universe amd64 xfonts-cyrillic all 1:1.0.5+nmu1 [384 kB]
2025-10-08T10:09:53.5166289Z Get:10 http://azure.archive.ubuntu.com/ubuntu noble/main amd64 xfonts-scalable all 1:1.0.3-1.3 [304 kB]
2025-10-08T10:09:53.7811397Z Fetched 21.1 MB in 1s (15.5 MB/s)
2025-10-08T10:09:53.8483474Z Selecting previously unselected package fonts-ipafont-gothic.
2025-10-08T10:09:53.8712229Z (Reading database ... 
2025-10-08T10:09:53.8712602Z (Reading database ... 5%
2025-10-08T10:09:53.8712842Z (Reading database ... 10%
2025-10-08T10:09:53.8713086Z (Reading database ... 15%
2025-10-08T10:09:53.8713319Z (Reading database ... 20%
2025-10-08T10:09:53.8713753Z (Reading database ... 25%
2025-10-08T10:09:53.8714101Z (Reading database ... 30%
2025-10-08T10:09:53.8714447Z (Reading database ... 35%
2025-10-08T10:09:53.8714812Z (Reading database ... 40%
2025-10-08T10:09:53.8715157Z (Reading database ... 45%
2025-10-08T10:09:53.8715468Z (Reading database ... 50%
2025-10-08T10:09:53.9984297Z (Reading database ... 55%
2025-10-08T10:09:54.7098644Z (Reading database ... 60%
2025-10-08T10:09:55.3904158Z (Reading database ... 65%
2025-10-08T10:09:56.0408103Z (Reading database ... 70%
2025-10-08T10:09:56.7116743Z (Reading database ... 75%
2025-10-08T10:09:57.4118646Z (Reading database ... 80%
2025-10-08T10:09:58.2453707Z (Reading database ... 85%
2025-10-08T10:09:59.0568248Z (Reading database ... 90%
2025-10-08T10:09:59.9029076Z (Reading database ... 95%
2025-10-08T10:09:59.9029380Z (Reading database ... 100%
2025-10-08T10:09:59.9029771Z (Reading database ... 214596 files and directories currently installed.)
2025-10-08T10:09:59.9075116Z Preparing to unpack .../0-fonts-ipafont-gothic_00303-21ubuntu1_all.deb ...
2025-10-08T10:09:59.9169396Z Unpacking fonts-ipafont-gothic (00303-21ubuntu1) ...
2025-10-08T10:10:00.1524116Z Selecting previously unselected package fonts-freefont-ttf.
2025-10-08T10:10:00.1640958Z Preparing to unpack .../1-fonts-freefont-ttf_20211204+svn4273-2_all.deb ...
2025-10-08T10:10:00.1647816Z Unpacking fonts-freefont-ttf (20211204+svn4273-2) ...
2025-10-08T10:10:00.2468898Z Selecting previously unselected package fonts-tlwg-loma-otf.
2025-10-08T10:10:00.2587202Z Preparing to unpack .../2-fonts-tlwg-loma-otf_1%3a0.7.3-1_all.deb ...
2025-10-08T10:10:00.2595655Z Unpacking fonts-tlwg-loma-otf (1:0.7.3-1) ...
2025-10-08T10:10:00.2778319Z Selecting previously unselected package fonts-unifont.
2025-10-08T10:10:00.2893479Z Preparing to unpack .../3-fonts-unifont_1%3a15.1.01-1build1_all.deb ...
2025-10-08T10:10:00.2899864Z Unpacking fonts-unifont (1:15.1.01-1build1) ...
2025-10-08T10:10:00.3894281Z Selecting previously unselected package fonts-wqy-zenhei.
2025-10-08T10:10:00.4008366Z Preparing to unpack .../4-fonts-wqy-zenhei_0.9.45-8_all.deb ...
2025-10-08T10:10:00.4237218Z Unpacking fonts-wqy-zenhei (0.9.45-8) ...
2025-10-08T10:10:00.8939380Z Selecting previously unselected package xfonts-encodings.
2025-10-08T10:10:00.9055085Z Preparing to unpack .../5-xfonts-encodings_1%3a1.0.5-0ubuntu2_all.deb ...
2025-10-08T10:10:00.9061902Z Unpacking xfonts-encodings (1:1.0.5-0ubuntu2) ...
2025-10-08T10:10:00.9289714Z Selecting previously unselected package xfonts-utils.
2025-10-08T10:10:00.9404704Z Preparing to unpack .../6-xfonts-utils_1%3a7.7+6build3_amd64.deb ...
2025-10-08T10:10:00.9411092Z Unpacking xfonts-utils (1:7.7+6build3) ...
2025-10-08T10:10:01.0834037Z Selecting previously unselected package xfonts-cyrillic.
2025-10-08T10:10:01.0950959Z Preparing to unpack .../7-xfonts-cyrillic_1%3a1.0.5+nmu1_all.deb ...
2025-10-08T10:10:01.0958527Z Unpacking xfonts-cyrillic (1:1.0.5+nmu1) ...
2025-10-08T10:10:01.1201255Z Selecting previously unselected package xfonts-scalable.
2025-10-08T10:10:01.1320505Z Preparing to unpack .../8-xfonts-scalable_1%3a1.0.3-1.3_all.deb ...
2025-10-08T10:10:01.1327703Z Unpacking xfonts-scalable (1:1.0.3-1.3) ...
2025-10-08T10:10:01.1697103Z Setting up fonts-wqy-zenhei (0.9.45-8) ...
2025-10-08T10:10:01.1798619Z Setting up fonts-freefont-ttf (20211204+svn4273-2) ...
2025-10-08T10:10:01.1814406Z Setting up fonts-tlwg-loma-otf (1:0.7.3-1) ...
2025-10-08T10:10:01.1831506Z Setting up xfonts-encodings (1:1.0.5-0ubuntu2) ...
2025-10-08T10:10:01.1846258Z Setting up fonts-ipafont-gothic (00303-21ubuntu1) ...
2025-10-08T10:10:01.1900617Z update-alternatives: using /usr/share/fonts/opentype/ipafont-gothic/ipag.ttf to provide /usr/share/fonts/truetype/fonts-japanese-gothic.ttf (fonts-japanese-gothic.ttf) in auto mode
2025-10-08T10:10:01.1914684Z Setting up fonts-unifont (1:15.1.01-1build1) ...
2025-10-08T10:10:01.1950074Z Setting up xfonts-utils (1:7.7+6build3) ...
2025-10-08T10:10:01.1984902Z Setting up xfonts-cyrillic (1:1.0.5+nmu1) ...
2025-10-08T10:10:01.2516502Z Setting up xfonts-scalable (1:1.0.3-1.3) ...
2025-10-08T10:10:01.2772317Z Processing triggers for man-db (2.12.0-4build2) ...
2025-10-08T10:11:49.1266735Z Processing triggers for fontconfig (2.15.0-1.1ubuntu2) ...
2025-10-08T10:11:51.1656639Z 
2025-10-08T10:11:51.1657880Z Running kernel seems to be up-to-date.
2025-10-08T10:11:51.1658917Z 
2025-10-08T10:11:51.1659123Z Restarting services...
2025-10-08T10:11:51.1718677Z 
2025-10-08T10:11:51.1719364Z Service restarts being deferred:
2025-10-08T10:11:51.1721488Z  systemctl restart hosted-compute-agent.service
2025-10-08T10:11:51.1721864Z 
2025-10-08T10:11:51.1722175Z No containers need to be restarted.
2025-10-08T10:11:51.1722485Z 
2025-10-08T10:11:51.1722704Z No user sessions are running outdated binaries.
2025-10-08T10:11:51.1722902Z 
2025-10-08T10:11:51.1723154Z No VM guests are running outdated hypervisor (qemu) binaries on this host.
2025-10-08T10:11:52.0377560Z Downloading Firefox 142.0.1 (playwright build v1495) from https://cdn.playwright.dev/dbazure/download/playwright/builds/firefox/1495/firefox-ubuntu-24.04.zip
2025-10-08T10:11:52.2671318Z |                                                                                |   0% of 96.7 MiB
2025-10-08T10:11:52.4262596Z |■■■■■■■■                                                                        |  10% of 96.7 MiB
2025-10-08T10:11:52.4830012Z |■■■■■■■■■■■■■■■■                                                                |  20% of 96.7 MiB
2025-10-08T10:11:52.5339968Z |■■■■■■■■■■■■■■■■■■■■■■■■                                                        |  30% of 96.7 MiB
2025-10-08T10:11:52.5920787Z |■■■■■■■■■■■■■■■■■■■■■■■■■■■■■■■■                                                |  40% of 96.7 MiB
2025-10-08T10:11:52.6542420Z |■■■■■■■■■■■■■■■■■■■■■■■■■■■■■■■■■■■■■■■■                                        |  50% of 96.7 MiB
2025-10-08T10:11:52.7079986Z |■■■■■■■■■■■■■■■■■■■■■■■■■■■■■■■■■■■■■■■■■■■■■■■■                                |  60% of 96.7 MiB
2025-10-08T10:11:52.7685917Z |■■■■■■■■■■■■■■■■■■■■■■■■■■■■■■■■■■■■■■■■■■■■■■■■■■■■■■■■                        |  70% of 96.7 MiB
2025-10-08T10:11:52.8288055Z |■■■■■■■■■■■■■■■■■■■■■■■■■■■■■■■■■■■■■■■■■■■■■■■■■■■■■■■■■■■■■■■■                |  80% of 96.7 MiB
2025-10-08T10:11:52.8818821Z |■■■■■■■■■■■■■■■■■■■■■■■■■■■■■■■■■■■■■■■■■■■■■■■■■■■■■■■■■■■■■■■■■■■■■■■■        |  90% of 96.7 MiB
2025-10-08T10:11:52.9765363Z |■■■■■■■■■■■■■■■■■■■■■■■■■■■■■■■■■■■■■■■■■■■■■■■■■■■■■■■■■■■■■■■■■■■■■■■■■■■■■■■■| 100% of 96.7 MiB
2025-10-08T10:11:54.8870671Z Firefox 142.0.1 (playwright build v1495) downloaded to /home/runner/.cache/ms-playwright/firefox-1495
2025-10-08T10:11:56.4338878Z Installing dependencies...
2025-10-08T10:11:56.4455418Z Switching to root user to install dependencies...
2025-10-08T10:11:56.4951401Z Get:1 file:/etc/apt/apt-mirrors.txt Mirrorlist [144 B]
2025-10-08T10:11:56.5245237Z Hit:2 http://azure.archive.ubuntu.com/ubuntu noble InRelease
2025-10-08T10:11:56.5258590Z Hit:3 http://azure.archive.ubuntu.com/ubuntu noble-updates InRelease
2025-10-08T10:11:56.5265795Z Hit:4 http://azure.archive.ubuntu.com/ubuntu noble-backports InRelease
2025-10-08T10:11:56.5272029Z Hit:5 http://azure.archive.ubuntu.com/ubuntu noble-security InRelease
2025-10-08T10:11:56.5300401Z Hit:6 https://packages.microsoft.com/repos/azure-cli noble InRelease
2025-10-08T10:11:56.5341234Z Hit:7 https://packages.microsoft.com/ubuntu/24.04/prod noble InRelease
2025-10-08T10:11:57.7095751Z Reading package lists...
2025-10-08T10:11:57.7360835Z Reading package lists...
2025-10-08T10:11:57.9129110Z Building dependency tree...
2025-10-08T10:11:57.9136205Z Reading state information...
2025-10-08T10:11:58.1055228Z libasound2t64 is already the newest version (1.2.11-1ubuntu0.1).
2025-10-08T10:11:58.1056118Z libatk1.0-0t64 is already the newest version (2.52.0-1build1).
2025-10-08T10:11:58.1056849Z libcairo-gobject2 is already the newest version (1.18.0-3build1).
2025-10-08T10:11:58.1057620Z libcairo2 is already the newest version (1.18.0-3build1).
2025-10-08T10:11:58.1058430Z libdbus-1-3 is already the newest version (1.14.10-4ubuntu4.1).
2025-10-08T10:11:58.1059258Z libfontconfig1 is already the newest version (2.15.0-1.1ubuntu2).
2025-10-08T10:11:58.1059975Z libfreetype6 is already the newest version (2.13.2+dfsg-1build3).
2025-10-08T10:11:58.1060604Z libgdk-pixbuf-2.0-0 is already the newest version (2.42.10+dfsg-3ubuntu3.2).
2025-10-08T10:11:58.1061075Z libglib2.0-0t64 is already the newest version (2.80.0-6ubuntu3.4).
2025-10-08T10:11:58.1061699Z libgtk-3-0t64 is already the newest version (3.24.41-4ubuntu1.3).
2025-10-08T10:11:58.1062396Z libpango-1.0-0 is already the newest version (1.52.1+ds-1build1).
2025-10-08T10:11:58.1063429Z libpangocairo-1.0-0 is already the newest version (1.52.1+ds-1build1).
2025-10-08T10:11:58.1064298Z libx11-6 is already the newest version (2:1.8.7-1build1).
2025-10-08T10:11:58.1064967Z libx11-xcb1 is already the newest version (2:1.8.7-1build1).
2025-10-08T10:11:58.1065616Z libxcb-shm0 is already the newest version (1.15-1ubuntu2).
2025-10-08T10:11:58.1066248Z libxcb1 is already the newest version (1.15-1ubuntu2).
2025-10-08T10:11:58.1066874Z libxcomposite1 is already the newest version (1:0.4.5-1build3).
2025-10-08T10:11:58.1067597Z libxcursor1 is already the newest version (1:1.2.1-1build1).
2025-10-08T10:11:58.1068325Z libxdamage1 is already the newest version (1:1.1.6-1build1).
2025-10-08T10:11:58.1068995Z libxext6 is already the newest version (2:1.3.4-1build2).
2025-10-08T10:11:58.1069700Z libxfixes3 is already the newest version (1:6.0.0-2build1).
2025-10-08T10:11:58.1070354Z libxi6 is already the newest version (2:1.8.1-1build1).
2025-10-08T10:11:58.1071092Z libxrandr2 is already the newest version (2:1.5.2-2build1).
2025-10-08T10:11:58.1071520Z libxrender1 is already the newest version (1:0.9.10-1.1build1).
2025-10-08T10:11:58.1071931Z xvfb is already the newest version (2:21.1.12-1ubuntu1.4).
2025-10-08T10:11:58.1072400Z fonts-noto-color-emoji is already the newest version (2.047-0ubuntu0.24.04.1).
2025-10-08T10:11:58.1072883Z fonts-unifont is already the newest version (1:15.1.01-1build1).
2025-10-08T10:11:58.1073316Z xfonts-cyrillic is already the newest version (1:1.0.5+nmu1).
2025-10-08T10:11:58.1073909Z xfonts-scalable is already the newest version (1:1.0.3-1.3).
2025-10-08T10:11:58.1074327Z fonts-liberation is already the newest version (1:2.1.5-3).
2025-10-08T10:11:58.1074779Z fonts-ipafont-gothic is already the newest version (00303-21ubuntu1).
2025-10-08T10:11:58.1075217Z fonts-wqy-zenhei is already the newest version (0.9.45-8).
2025-10-08T10:11:58.1075645Z fonts-tlwg-loma-otf is already the newest version (1:0.7.3-1).
2025-10-08T10:11:58.1076109Z fonts-freefont-ttf is already the newest version (20211204+svn4273-2).
2025-10-08T10:11:58.1076562Z 0 upgraded, 0 newly installed, 0 to remove and 21 not upgraded.
2025-10-08T10:11:58.1266555Z ##[group]Run # Check Lightning configuration files exist
2025-10-08T10:11:58.1266970Z [36;1m# Check Lightning configuration files exist[0m
2025-10-08T10:11:58.1267303Z [36;1mtest -f apps/mobile/src/config/lightning.ts[0m
2025-10-08T10:11:58.1267621Z [36;1mtest -f apps/mobile/src/lib/lightning.ts[0m
2025-10-08T10:11:58.1267909Z [36;1mtest -f apps/mobile/src/lib/bitcoin.ts[0m
2025-10-08T10:11:58.1268164Z [36;1m[0m
2025-10-08T10:11:58.1268364Z [36;1m# Validate Lightning test utilities[0m
2025-10-08T10:11:58.1268615Z [36;1mnode -e "[0m
2025-10-08T10:11:58.1269015Z [36;1m  const { validateLightningAddress, generateQRData } = require('./tests/utils/lightning-test-utils');[0m
2025-10-08T10:11:58.1269518Z [36;1m  console.log('Lightning utilities loaded successfully');[0m
2025-10-08T10:11:58.1269827Z [36;1m  [0m
2025-10-08T10:11:58.1270013Z [36;1m  // Test address validation[0m
2025-10-08T10:11:58.1270327Z [36;1m  const validAddress = 'johndtwaldron@strike.me';[0m
2025-10-08T10:11:58.1270714Z [36;1m  if (!validateLightningAddress(validAddress)) {[0m
2025-10-08T10:11:58.1271056Z [36;1m    throw new Error('Lightning address validation failed');[0m
2025-10-08T10:11:58.1271342Z [36;1m  }[0m
2025-10-08T10:11:58.1271516Z [36;1m  [0m
2025-10-08T10:11:58.1271690Z [36;1m  // Test QR generation[0m
2025-10-08T10:11:58.1271965Z [36;1m  const qrData = generateQRData(validAddress);[0m
2025-10-08T10:11:58.1272261Z [36;1m  if (!qrData.includes(validAddress)) {[0m
2025-10-08T10:11:58.1272555Z [36;1m    throw new Error('QR data generation failed');[0m
2025-10-08T10:11:58.1272808Z [36;1m  }[0m
2025-10-08T10:11:58.1272981Z [36;1m  [0m
2025-10-08T10:11:58.1273233Z [36;1m  console.log('✅ Lightning configuration validated');[0m
2025-10-08T10:11:58.1273515Z [36;1m"[0m
2025-10-08T10:11:58.1292465Z shell: /usr/bin/bash -e {0}
2025-10-08T10:11:58.1292700Z env:
2025-10-08T10:11:58.1292973Z   CI: true
2025-10-08T10:11:58.1293149Z   NODE_ENV: test
2025-10-08T10:11:58.1293357Z   LIGHTNING_E2E_MODE: true
2025-10-08T10:11:58.1293688Z ##[endgroup]
2025-10-08T10:11:58.1340790Z ##[error]Process completed with exit code 1.
2025-10-08T10:11:58.1408722Z ##[group]Run actions/upload-artifact@v4
2025-10-08T10:11:58.1408982Z with:
2025-10-08T10:11:58.1409180Z   name: lightning-e2e-results-firefox
2025-10-08T10:11:58.1409559Z   path: tests/e2e-web/reports/lightning/
tests/e2e-web/test-results/lightning/

2025-10-08T10:11:58.1409925Z   retention-days: 7
2025-10-08T10:11:58.1410127Z   if-no-files-found: warn
2025-10-08T10:11:58.1410350Z   compression-level: 6
2025-10-08T10:11:58.1410548Z   overwrite: false
2025-10-08T10:11:58.1410743Z   include-hidden-files: false
2025-10-08T10:11:58.1410955Z env:
2025-10-08T10:11:58.1411115Z   CI: true
2025-10-08T10:11:58.1411398Z   NODE_ENV: test
2025-10-08T10:11:58.1411599Z   LIGHTNING_E2E_MODE: true
2025-10-08T10:11:58.1411808Z ##[endgroup]
2025-10-08T10:11:58.3421927Z Multiple search paths detected. Calculating the least common ancestor of all paths
2025-10-08T10:11:58.3426339Z The least common ancestor is /home/runner/work/ChatLaLiLuLeLo/ChatLaLiLuLeLo/tests/e2e-web. This will be the root directory of the artifact
2025-10-08T10:11:58.3444329Z ##[warning]No files were found with the provided path: tests/e2e-web/reports/lightning/
tests/e2e-web/test-results/lightning/. No artifacts will be uploaded.
2025-10-08T10:11:58.3527621Z ##[group]Run actions/upload-artifact@v4
2025-10-08T10:11:58.3527880Z with:
2025-10-08T10:11:58.3528099Z   name: lightning-playwright-report-firefox
2025-10-08T10:11:58.3528378Z   path: tests/e2e-web/reports/lightning/
2025-10-08T10:11:58.3528636Z   retention-days: 7
2025-10-08T10:11:58.3528845Z   if-no-files-found: warn
2025-10-08T10:11:58.3529058Z   compression-level: 6
2025-10-08T10:11:58.3529267Z   overwrite: false
2025-10-08T10:11:58.3529489Z   include-hidden-files: false
2025-10-08T10:11:58.3529698Z env:
2025-10-08T10:11:58.3529860Z   CI: true
2025-10-08T10:11:58.3530029Z   NODE_ENV: test
2025-10-08T10:11:58.3530215Z   LIGHTNING_E2E_MODE: true
2025-10-08T10:11:58.3530425Z ##[endgroup]
2025-10-08T10:11:58.5527650Z ##[warning]No files were found with the provided path: tests/e2e-web/reports/lightning/. No artifacts will be uploaded.
2025-10-08T10:11:58.5645157Z ##[group]Run actions/upload-artifact@v4
2025-10-08T10:11:58.5645442Z with:
2025-10-08T10:11:58.5645660Z   name: lightning-screenshots-firefox
2025-10-08T10:11:58.5645942Z   path: tests/e2e-web/test-results/lightning/
2025-10-08T10:11:58.5646216Z   retention-days: 3
2025-10-08T10:11:58.5646440Z   if-no-files-found: warn
2025-10-08T10:11:58.5646655Z   compression-level: 6
2025-10-08T10:11:58.5646863Z   overwrite: false
2025-10-08T10:11:58.5647070Z   include-hidden-files: false
2025-10-08T10:11:58.5647280Z env:
2025-10-08T10:11:58.5647445Z   CI: true
2025-10-08T10:11:58.5647632Z   NODE_ENV: test
2025-10-08T10:11:58.5647824Z   LIGHTNING_E2E_MODE: true
2025-10-08T10:11:58.5648036Z ##[endgroup]
2025-10-08T10:11:58.7646078Z ##[warning]No files were found with the provided path: tests/e2e-web/test-results/lightning/. No artifacts will be uploaded.
2025-10-08T10:11:58.7761029Z ##[group]Run actions/upload-artifact@v4
2025-10-08T10:11:58.7761303Z with:
2025-10-08T10:11:58.7761495Z   name: lightning-videos-firefox
2025-10-08T10:11:58.7761767Z   path: tests/e2e-web/test-results/lightning/
2025-10-08T10:11:58.7762041Z   retention-days: 3
2025-10-08T10:11:58.7762251Z   if-no-files-found: warn
2025-10-08T10:11:58.7762465Z   compression-level: 6
2025-10-08T10:11:58.7762674Z   overwrite: false
2025-10-08T10:11:58.7762882Z   include-hidden-files: false
2025-10-08T10:11:58.7763093Z env:
2025-10-08T10:11:58.7763262Z   CI: true
2025-10-08T10:11:58.7763437Z   NODE_ENV: test
2025-10-08T10:11:58.7763819Z   LIGHTNING_E2E_MODE: true
2025-10-08T10:11:58.7764152Z ##[endgroup]
2025-10-08T10:11:58.9767655Z ##[warning]No files were found with the provided path: tests/e2e-web/test-results/lightning/. No artifacts will be uploaded.
2025-10-08T10:11:58.9870958Z ##[group]Run # Kill development servers
2025-10-08T10:11:58.9871477Z [36;1m# Kill development servers[0m
2025-10-08T10:11:58.9871903Z [36;1mif [ -n "$MOBILE_PID" ]; then[0m
2025-10-08T10:11:58.9872328Z [36;1m  kill $MOBILE_PID || true[0m
2025-10-08T10:11:58.9872735Z [36;1mfi[0m
2025-10-08T10:11:58.9873043Z [36;1m[0m
2025-10-08T10:11:58.9873352Z [36;1m# Kill any remaining Node processes[0m
2025-10-08T10:11:58.9874007Z [36;1mpkill -f "expo start" || true[0m
2025-10-08T10:11:58.9874438Z [36;1mpkill -f "webpack" || true[0m
2025-10-08T10:11:58.9903414Z shell: /usr/bin/bash -e {0}
2025-10-08T10:11:58.9903968Z env:
2025-10-08T10:11:58.9904237Z   CI: true
2025-10-08T10:11:58.9904536Z   NODE_ENV: test
2025-10-08T10:11:58.9904834Z   LIGHTNING_E2E_MODE: true
2025-10-08T10:11:58.9905163Z ##[endgroup]
2025-10-08T10:11:59.0467413Z Post job cleanup.
2025-10-08T10:11:59.1348914Z [command]/usr/bin/git version
2025-10-08T10:11:59.1382436Z git version 2.51.0
2025-10-08T10:11:59.1421116Z Temporarily overriding HOME='/home/runner/work/_temp/5e403c60-f89e-4b9b-8177-6559fca59ab1' before making global git config changes
2025-10-08T10:11:59.1422325Z Adding repository directory to the temporary git global config as a safe directory
2025-10-08T10:11:59.1434711Z [command]/usr/bin/git config --global --add safe.directory /home/runner/work/ChatLaLiLuLeLo/ChatLaLiLuLeLo
2025-10-08T10:11:59.1467157Z [command]/usr/bin/git config --local --name-only --get-regexp core\.sshCommand
2025-10-08T10:11:59.1495511Z [command]/usr/bin/git submodule foreach --recursive sh -c "git config --local --name-only --get-regexp 'core\.sshCommand' && git config --local --unset-all 'core.sshCommand' || :"
2025-10-08T10:11:59.1674859Z [command]/usr/bin/git config --local --name-only --get-regexp http\.https\:\/\/github\.com\/\.extraheader
2025-10-08T10:11:59.1692450Z http.https://github.com/.extraheader
2025-10-08T10:11:59.1703780Z [command]/usr/bin/git config --local --unset-all http.https://github.com/.extraheader
2025-10-08T10:11:59.1729575Z [command]/usr/bin/git submodule foreach --recursive sh -c "git config --local --name-only --get-regexp 'http\.https\:\/\/github\.com\/\.extraheader' && git config --local --unset-all 'http.https://github.com/.extraheader' || :"
2025-10-08T10:11:59.1986451Z Cleaning up orphan processes
