2025-10-08T10:08:30.3776707Z Current runner version: '2.328.0'
2025-10-08T10:08:30.3801277Z ##[group]Runner Image Provisioner
2025-10-08T10:08:30.3802386Z Hosted Compute Agent
2025-10-08T10:08:30.3802914Z Version: 20250912.392
2025-10-08T10:08:30.3803503Z Commit: d921fda672a98b64f4f82364647e2f10b2267d0b
2025-10-08T10:08:30.3804314Z Build Date: 2025-09-12T15:23:14Z
2025-10-08T10:08:30.3804920Z ##[endgroup]
2025-10-08T10:08:30.3805409Z ##[group]Operating System
2025-10-08T10:08:30.3806069Z Ubuntu
2025-10-08T10:08:30.3806517Z 24.04.3
2025-10-08T10:08:30.3806984Z LTS
2025-10-08T10:08:30.3807437Z ##[endgroup]
2025-10-08T10:08:30.3807977Z ##[group]Runner Image
2025-10-08T10:08:30.3808525Z Image: ubuntu-24.04
2025-10-08T10:08:30.3809038Z Version: 20250929.60.1
2025-10-08T10:08:30.3810073Z Included Software: https://github.com/actions/runner-images/blob/ubuntu24/20250929.60/images/ubuntu/Ubuntu2404-Readme.md
2025-10-08T10:08:30.3811957Z Image Release: https://github.com/actions/runner-images/releases/tag/ubuntu24%2F20250929.60
2025-10-08T10:08:30.3813151Z ##[endgroup]
2025-10-08T10:08:30.3814218Z ##[group]GITHUB_TOKEN Permissions
2025-10-08T10:08:30.3816100Z Contents: read
2025-10-08T10:08:30.3816661Z Metadata: read
2025-10-08T10:08:30.3817120Z Packages: read
2025-10-08T10:08:30.3817761Z ##[endgroup]
2025-10-08T10:08:30.3820255Z Secret source: Actions
2025-10-08T10:08:30.3820949Z Prepare workflow directory
2025-10-08T10:08:30.4220134Z Prepare all required actions
2025-10-08T10:08:30.4257849Z Getting action download info
2025-10-08T10:08:30.8608083Z Download action repository 'actions/checkout@v4' (SHA:08eba0b27e820071cde6df949e0beb9ba4906955)
2025-10-08T10:08:31.0665320Z Download action repository 'actions/setup-node@v4' (SHA:49933ea5288caeca8642d1e84afbd3f7d6820020)
2025-10-08T10:08:31.2063865Z Download action repository 'actions/upload-artifact@v4' (SHA:ea165f8d65b6e75b540449e92b4886f43607fa02)
2025-10-08T10:08:31.4645247Z Complete job name: Lightning E2E Tests (chromium)
2025-10-08T10:08:31.5381657Z ##[group]Run actions/checkout@v4
2025-10-08T10:08:31.5382648Z with:
2025-10-08T10:08:31.5383075Z   fetch-depth: 0
2025-10-08T10:08:31.5383534Z   repository: johndtwaldron/ChatLaLiLuLeLo
2025-10-08T10:08:31.5384273Z   token: ***
2025-10-08T10:08:31.5384669Z   ssh-strict: true
2025-10-08T10:08:31.5385090Z   ssh-user: git
2025-10-08T10:08:31.5385516Z   persist-credentials: true
2025-10-08T10:08:31.5386015Z   clean: true
2025-10-08T10:08:31.5386446Z   sparse-checkout-cone-mode: true
2025-10-08T10:08:31.5386961Z   fetch-tags: false
2025-10-08T10:08:31.5387409Z   show-progress: true
2025-10-08T10:08:31.5387832Z   lfs: false
2025-10-08T10:08:31.5388221Z   submodules: false
2025-10-08T10:08:31.5388643Z   set-safe-directory: true
2025-10-08T10:08:31.5389321Z env:
2025-10-08T10:08:31.5389699Z   CI: true
2025-10-08T10:08:31.5390073Z   NODE_ENV: test
2025-10-08T10:08:31.5390482Z   LIGHTNING_E2E_MODE: true
2025-10-08T10:08:31.5390945Z ##[endgroup]
2025-10-08T10:08:31.6512932Z Syncing repository: johndtwaldron/ChatLaLiLuLeLo
2025-10-08T10:08:31.6514808Z ##[group]Getting Git version info
2025-10-08T10:08:31.6515639Z Working directory is '/home/runner/work/ChatLaLiLuLeLo/ChatLaLiLuLeLo'
2025-10-08T10:08:31.6516716Z [command]/usr/bin/git version
2025-10-08T10:08:31.7878077Z git version 2.51.0
2025-10-08T10:08:31.7906763Z ##[endgroup]
2025-10-08T10:08:31.7920710Z Temporarily overriding HOME='/home/runner/work/_temp/f041fb48-5de4-4085-9dc1-bfd5ed7b7778' before making global git config changes
2025-10-08T10:08:31.7922490Z Adding repository directory to the temporary git global config as a safe directory
2025-10-08T10:08:31.7927057Z [command]/usr/bin/git config --global --add safe.directory /home/runner/work/ChatLaLiLuLeLo/ChatLaLiLuLeLo
2025-10-08T10:08:31.8011622Z Deleting the contents of '/home/runner/work/ChatLaLiLuLeLo/ChatLaLiLuLeLo'
2025-10-08T10:08:31.8015911Z ##[group]Initializing the repository
2025-10-08T10:08:31.8020819Z [command]/usr/bin/git init /home/runner/work/ChatLaLiLuLeLo/ChatLaLiLuLeLo
2025-10-08T10:08:31.9099190Z hint: Using 'master' as the name for the initial branch. This default branch name
2025-10-08T10:08:31.9100836Z hint: is subject to change. To configure the initial branch name to use in all
2025-10-08T10:08:31.9102140Z hint: of your new repositories, which will suppress this warning, call:
2025-10-08T10:08:31.9102911Z hint:
2025-10-08T10:08:31.9103439Z hint: 	git config --global init.defaultBranch <name>
2025-10-08T10:08:31.9104067Z hint:
2025-10-08T10:08:31.9104650Z hint: Names commonly chosen instead of 'master' are 'main', 'trunk' and
2025-10-08T10:08:31.9105649Z hint: 'development'. The just-created branch can be renamed via this command:
2025-10-08T10:08:31.9106428Z hint:
2025-10-08T10:08:31.9106842Z hint: 	git branch -m <name>
2025-10-08T10:08:31.9107317Z hint:
2025-10-08T10:08:31.9107930Z hint: Disable this message with "git config set advice.defaultBranchName false"
2025-10-08T10:08:31.9144280Z Initialized empty Git repository in /home/runner/work/ChatLaLiLuLeLo/ChatLaLiLuLeLo/.git/
2025-10-08T10:08:31.9158469Z [command]/usr/bin/git remote add origin https://github.com/johndtwaldron/ChatLaLiLuLeLo
2025-10-08T10:08:31.9291729Z ##[endgroup]
2025-10-08T10:08:31.9293078Z ##[group]Disabling automatic garbage collection
2025-10-08T10:08:31.9297086Z [command]/usr/bin/git config --local gc.auto 0
2025-10-08T10:08:31.9328485Z ##[endgroup]
2025-10-08T10:08:31.9329939Z ##[group]Setting up auth
2025-10-08T10:08:31.9336628Z [command]/usr/bin/git config --local --name-only --get-regexp core\.sshCommand
2025-10-08T10:08:31.9368337Z [command]/usr/bin/git submodule foreach --recursive sh -c "git config --local --name-only --get-regexp 'core\.sshCommand' && git config --local --unset-all 'core.sshCommand' || :"
2025-10-08T10:08:32.0955569Z [command]/usr/bin/git config --local --name-only --get-regexp http\.https\:\/\/github\.com\/\.extraheader
2025-10-08T10:08:32.0987250Z [command]/usr/bin/git submodule foreach --recursive sh -c "git config --local --name-only --get-regexp 'http\.https\:\/\/github\.com\/\.extraheader' && git config --local --unset-all 'http.https://github.com/.extraheader' || :"
2025-10-08T10:08:32.1214546Z [command]/usr/bin/git config --local http.https://github.com/.extraheader AUTHORIZATION: basic ***
2025-10-08T10:08:32.1258068Z ##[endgroup]
2025-10-08T10:08:32.1259342Z ##[group]Fetching the repository
2025-10-08T10:08:32.1268465Z [command]/usr/bin/git -c protocol.version=2 fetch --prune --no-recurse-submodules origin +refs/heads/*:refs/remotes/origin/* +refs/tags/*:refs/tags/* +1d94163995615c4f268f81fabfa1a5d80b0ff664:refs/remotes/pull/8/merge
2025-10-08T10:08:33.6896004Z From https://github.com/johndtwaldron/ChatLaLiLuLeLo
2025-10-08T10:08:33.6898873Z  * [new branch]      archive/develop-v4-complete              -> origin/archive/develop-v4-complete
2025-10-08T10:08:33.6900038Z  * [new branch]      develop-v4                               -> origin/develop-v4
2025-10-08T10:08:33.6900920Z  * [new branch]      develop-v5                               -> origin/develop-v5
2025-10-08T10:08:33.6902003Z  * [new branch]      main                                     -> origin/main
2025-10-08T10:08:33.6903243Z  * [new branch]      update_worker_name_to_chatlalilulelo-backend-prod -> origin/update_worker_name_to_chatlalilulelo-backend-prod
2025-10-08T10:08:33.6904505Z  * [new tag]         archive-develop-v2                       -> archive-develop-v2
2025-10-08T10:08:33.6905419Z  * [new tag]         archive-develop-v3                       -> archive-develop-v3
2025-10-08T10:08:33.6906361Z  * [new tag]         archive-v4-security-hardening            -> archive-v4-security-hardening
2025-10-08T10:08:33.6907406Z  * [new tag]         archive-worker-name-update               -> archive-worker-name-update
2025-10-08T10:08:33.6908305Z  * [new tag]         v2-archive                               -> v2-archive
2025-10-08T10:08:33.6909128Z  * [new tag]         v3-archive                               -> v3-archive
2025-10-08T10:08:33.6910123Z  * [new tag]         v4-005-security-hardening-complete       -> v4-005-security-hardening-complete
2025-10-08T10:08:33.6911706Z  * [new ref]         1d94163995615c4f268f81fabfa1a5d80b0ff664 -> pull/8/merge
2025-10-08T10:08:33.7005442Z ##[endgroup]
2025-10-08T10:08:33.7006209Z ##[group]Determining the checkout info
2025-10-08T10:08:33.7007060Z ##[endgroup]
2025-10-08T10:08:33.7012407Z [command]/usr/bin/git sparse-checkout disable
2025-10-08T10:08:33.7096968Z [command]/usr/bin/git config --local --unset-all extensions.worktreeConfig
2025-10-08T10:08:33.7123292Z ##[group]Checking out the ref
2025-10-08T10:08:33.7126814Z [command]/usr/bin/git checkout --progress --force refs/remotes/pull/8/merge
2025-10-08T10:08:33.8464471Z Note: switching to 'refs/remotes/pull/8/merge'.
2025-10-08T10:08:33.8465058Z 
2025-10-08T10:08:33.8465399Z You are in 'detached HEAD' state. You can look around, make experimental
2025-10-08T10:08:33.8466103Z changes and commit them, and you can discard any commits you make in this
2025-10-08T10:08:33.8466873Z state without impacting any branches by switching back to a branch.
2025-10-08T10:08:33.8467261Z 
2025-10-08T10:08:33.8467541Z If you want to create a new branch to retain commits you create, you may
2025-10-08T10:08:33.8468166Z do so (now or later) by using -c with the switch command. Example:
2025-10-08T10:08:33.8468614Z 
2025-10-08T10:08:33.8468819Z   git switch -c <new-branch-name>
2025-10-08T10:08:33.8469094Z 
2025-10-08T10:08:33.8469248Z Or undo this operation with:
2025-10-08T10:08:33.8469524Z 
2025-10-08T10:08:33.8469655Z   git switch -
2025-10-08T10:08:33.8469975Z 
2025-10-08T10:08:33.8470269Z Turn off this advice by setting config variable advice.detachedHead to false
2025-10-08T10:08:33.8470702Z 
2025-10-08T10:08:33.8471153Z HEAD is now at 1d94163 Merge 1e9417c5e150b978db3e3ef587abeb1a748e662b into 3992585095f45e110b32ccaf2c209977450b621d
2025-10-08T10:08:33.8483215Z ##[endgroup]
2025-10-08T10:08:33.8523497Z [command]/usr/bin/git log -1 --format=%H
2025-10-08T10:08:33.8546762Z 1d94163995615c4f268f81fabfa1a5d80b0ff664
2025-10-08T10:08:33.8834279Z ##[group]Run actions/setup-node@v4
2025-10-08T10:08:33.8834628Z with:
2025-10-08T10:08:33.8834857Z   node-version: 18
2025-10-08T10:08:33.8835085Z   cache: npm
2025-10-08T10:08:33.8835313Z   always-auth: false
2025-10-08T10:08:33.8835558Z   check-latest: false
2025-10-08T10:08:33.8835960Z   token: ***
2025-10-08T10:08:33.8836180Z env:
2025-10-08T10:08:33.8836375Z   CI: true
2025-10-08T10:08:33.8836584Z   NODE_ENV: test
2025-10-08T10:08:33.8836822Z   LIGHTNING_E2E_MODE: true
2025-10-08T10:08:33.8837073Z ##[endgroup]
2025-10-08T10:08:34.0959104Z Found in cache @ /opt/hostedtoolcache/node/18.20.8/x64
2025-10-08T10:08:34.0966200Z ##[group]Environment details
2025-10-08T10:08:36.5079335Z node: v18.20.8
2025-10-08T10:08:36.5079706Z npm: 10.8.2
2025-10-08T10:08:36.5079969Z yarn: 1.22.22
2025-10-08T10:08:36.5083461Z ##[endgroup]
2025-10-08T10:08:36.5105127Z [command]/opt/hostedtoolcache/node/18.20.8/x64/bin/npm config get cache
2025-10-08T10:08:36.8466324Z /home/runner/.npm
2025-10-08T10:08:37.1536524Z Cache hit for: node-cache-Linux-x64-npm-6963bc115c156296c491b8cc41fc7b59a2b53e7dd0474a0e4747974df1cf147a
2025-10-08T10:08:38.4280317Z Received 16777216 of 191438520 (8.8%), 16.0 MBs/sec
2025-10-08T10:08:39.4365051Z Received 134217728 of 191438520 (70.1%), 63.7 MBs/sec
2025-10-08T10:08:39.8356611Z Received 191438520 of 191438520 (100.0%), 75.8 MBs/sec
2025-10-08T10:08:39.8357940Z Cache Size: ~183 MB (191438520 B)
2025-10-08T10:08:39.8393028Z [command]/usr/bin/tar -xf /home/runner/work/_temp/ae88cd80-ac9d-4198-9475-6bce3daeb74a/cache.tzst -P -C /home/runner/work/ChatLaLiLuLeLo/ChatLaLiLuLeLo --use-compress-program unzstd
2025-10-08T10:08:40.5940667Z Cache restored successfully
2025-10-08T10:08:40.6314126Z Cache restored from key: node-cache-Linux-x64-npm-6963bc115c156296c491b8cc41fc7b59a2b53e7dd0474a0e4747974df1cf147a
2025-10-08T10:08:40.6494366Z ##[group]Run npm ci
2025-10-08T10:08:40.6494653Z [36;1mnpm ci[0m
2025-10-08T10:08:40.6612615Z shell: /usr/bin/bash -e {0}
2025-10-08T10:08:40.6612878Z env:
2025-10-08T10:08:40.6613057Z   CI: true
2025-10-08T10:08:40.6613231Z   NODE_ENV: test
2025-10-08T10:08:40.6613642Z   LIGHTNING_E2E_MODE: true
2025-10-08T10:08:40.6613864Z ##[endgroup]
2025-10-08T10:08:45.0433598Z npm warn EBADENGINE Unsupported engine {
2025-10-08T10:08:45.0434379Z npm warn EBADENGINE   package: 'lru-cache@11.2.2',
2025-10-08T10:08:45.0435096Z npm warn EBADENGINE   required: { node: '20 || >=22' },
2025-10-08T10:08:45.0435669Z npm warn EBADENGINE   current: { node: 'v18.20.8', npm: '10.8.2' }
2025-10-08T10:08:45.0436066Z npm warn EBADENGINE }
2025-10-08T10:08:45.0436405Z npm warn EBADENGINE Unsupported engine {
2025-10-08T10:08:45.0436824Z npm warn EBADENGINE   package: 'lru-cache@11.2.2',
2025-10-08T10:08:45.0437291Z npm warn EBADENGINE   required: { node: '20 || >=22' },
2025-10-08T10:08:45.0437870Z npm warn EBADENGINE   current: { node: 'v18.20.8', npm: '10.8.2' }
2025-10-08T10:08:45.0438262Z npm warn EBADENGINE }
2025-10-08T10:08:45.0451214Z npm warn EBADENGINE Unsupported engine {
2025-10-08T10:08:45.0452021Z npm warn EBADENGINE   package: 'metro@0.83.1',
2025-10-08T10:08:45.0452500Z npm warn EBADENGINE   required: { node: '>=20.19.4' },
2025-10-08T10:08:45.0452957Z npm warn EBADENGINE   current: { node: 'v18.20.8', npm: '10.8.2' }
2025-10-08T10:08:45.0453315Z npm warn EBADENGINE }
2025-10-08T10:08:45.0454750Z npm warn EBADENGINE Unsupported engine {
2025-10-08T10:08:45.0455485Z npm warn EBADENGINE   package: 'metro-babel-transformer@0.83.1',
2025-10-08T10:08:45.0456033Z npm warn EBADENGINE   required: { node: '>=20.19.4' },
2025-10-08T10:08:45.0456479Z npm warn EBADENGINE   current: { node: 'v18.20.8', npm: '10.8.2' }
2025-10-08T10:08:45.0456822Z npm warn EBADENGINE }
2025-10-08T10:08:45.0457581Z npm warn EBADENGINE Unsupported engine {
2025-10-08T10:08:45.0458226Z npm warn EBADENGINE   package: 'metro-cache@0.83.1',
2025-10-08T10:08:45.0458690Z npm warn EBADENGINE   required: { node: '>=20.19.4' },
2025-10-08T10:08:45.0459118Z npm warn EBADENGINE   current: { node: 'v18.20.8', npm: '10.8.2' }
2025-10-08T10:08:45.0459463Z npm warn EBADENGINE }
2025-10-08T10:08:45.0460259Z npm warn EBADENGINE Unsupported engine {
2025-10-08T10:08:45.0460987Z npm warn EBADENGINE   package: 'metro-cache-key@0.83.1',
2025-10-08T10:08:45.0461415Z npm warn EBADENGINE   required: { node: '>=20.19.4' },
2025-10-08T10:08:45.0462361Z npm warn EBADENGINE   current: { node: 'v18.20.8', npm: '10.8.2' }
2025-10-08T10:08:45.0462919Z npm warn EBADENGINE }
2025-10-08T10:08:45.0463215Z npm warn EBADENGINE Unsupported engine {
2025-10-08T10:08:45.0463595Z npm warn EBADENGINE   package: 'metro-config@0.83.1',
2025-10-08T10:08:45.0463995Z npm warn EBADENGINE   required: { node: '>=20.19.4' },
2025-10-08T10:08:45.0464434Z npm warn EBADENGINE   current: { node: 'v18.20.8', npm: '10.8.2' }
2025-10-08T10:08:45.0464774Z npm warn EBADENGINE }
2025-10-08T10:08:45.0465662Z npm warn EBADENGINE Unsupported engine {
2025-10-08T10:08:45.0466279Z npm warn EBADENGINE   package: 'metro-core@0.83.1',
2025-10-08T10:08:45.0466808Z npm warn EBADENGINE   required: { node: '>=20.19.4' },
2025-10-08T10:08:45.0467383Z npm warn EBADENGINE   current: { node: 'v18.20.8', npm: '10.8.2' }
2025-10-08T10:08:45.0468000Z npm warn EBADENGINE }
2025-10-08T10:08:45.0468474Z npm warn EBADENGINE Unsupported engine {
2025-10-08T10:08:45.0468858Z npm warn EBADENGINE   package: 'metro-file-map@0.83.1',
2025-10-08T10:08:45.0469258Z npm warn EBADENGINE   required: { node: '>=20.19.4' },
2025-10-08T10:08:45.0469694Z npm warn EBADENGINE   current: { node: 'v18.20.8', npm: '10.8.2' }
2025-10-08T10:08:45.0470124Z npm warn EBADENGINE }
2025-10-08T10:08:45.0470601Z npm warn EBADENGINE Unsupported engine {
2025-10-08T10:08:45.0471253Z npm warn EBADENGINE   package: 'metro-minify-terser@0.83.1',
2025-10-08T10:08:45.0472043Z npm warn EBADENGINE   required: { node: '>=20.19.4' },
2025-10-08T10:08:45.0473179Z npm warn EBADENGINE   current: { node: 'v18.20.8', npm: '10.8.2' }
2025-10-08T10:08:45.0473569Z npm warn EBADENGINE }
2025-10-08T10:08:45.0473853Z npm warn EBADENGINE Unsupported engine {
2025-10-08T10:08:45.0474494Z npm warn EBADENGINE   package: 'metro-resolver@0.83.1',
2025-10-08T10:08:45.0475366Z npm warn EBADENGINE   required: { node: '>=20.19.4' },
2025-10-08T10:08:45.0476014Z npm warn EBADENGINE   current: { node: 'v18.20.8', npm: '10.8.2' }
2025-10-08T10:08:45.0476581Z npm warn EBADENGINE }
2025-10-08T10:08:45.0476886Z npm warn EBADENGINE Unsupported engine {
2025-10-08T10:08:45.0477352Z npm warn EBADENGINE   package: 'metro-runtime@0.83.1',
2025-10-08T10:08:45.0478038Z npm warn EBADENGINE   required: { node: '>=20.19.4' },
2025-10-08T10:08:45.0478636Z npm warn EBADENGINE   current: { node: 'v18.20.8', npm: '10.8.2' }
2025-10-08T10:08:45.0479245Z npm warn EBADENGINE }
2025-10-08T10:08:45.0479718Z npm warn EBADENGINE Unsupported engine {
2025-10-08T10:08:45.0480251Z npm warn EBADENGINE   package: 'metro-source-map@0.83.1',
2025-10-08T10:08:45.0480974Z npm warn EBADENGINE   required: { node: '>=20.19.4' },
2025-10-08T10:08:45.0481664Z npm warn EBADENGINE   current: { node: 'v18.20.8', npm: '10.8.2' }
2025-10-08T10:08:45.0482265Z npm warn EBADENGINE }
2025-10-08T10:08:45.0482764Z npm warn EBADENGINE Unsupported engine {
2025-10-08T10:08:45.0483167Z npm warn EBADENGINE   package: 'metro-symbolicate@0.83.1',
2025-10-08T10:08:45.0483602Z npm warn EBADENGINE   required: { node: '>=20.19.4' },
2025-10-08T10:08:45.0484039Z npm warn EBADENGINE   current: { node: 'v18.20.8', npm: '10.8.2' }
2025-10-08T10:08:45.0484370Z npm warn EBADENGINE }
2025-10-08T10:08:45.0484685Z npm warn EBADENGINE Unsupported engine {
2025-10-08T10:08:45.0485425Z npm warn EBADENGINE   package: 'metro-transform-plugins@0.83.1',
2025-10-08T10:08:45.0486073Z npm warn EBADENGINE   required: { node: '>=20.19.4' },
2025-10-08T10:08:45.0486501Z npm warn EBADENGINE   current: { node: 'v18.20.8', npm: '10.8.2' }
2025-10-08T10:08:45.0486851Z npm warn EBADENGINE }
2025-10-08T10:08:45.0487138Z npm warn EBADENGINE Unsupported engine {
2025-10-08T10:08:45.0487546Z npm warn EBADENGINE   package: 'metro-transform-worker@0.83.1',
2025-10-08T10:08:45.0487966Z npm warn EBADENGINE   required: { node: '>=20.19.4' },
2025-10-08T10:08:45.0488435Z npm warn EBADENGINE   current: { node: 'v18.20.8', npm: '10.8.2' }
2025-10-08T10:08:45.0488766Z npm warn EBADENGINE }
2025-10-08T10:08:45.0489041Z npm warn EBADENGINE Unsupported engine {
2025-10-08T10:08:45.0489375Z npm warn EBADENGINE   package: 'ob1@0.83.1',
2025-10-08T10:08:45.0489742Z npm warn EBADENGINE   required: { node: '>=20.19.4' },
2025-10-08T10:08:45.0490180Z npm warn EBADENGINE   current: { node: 'v18.20.8', npm: '10.8.2' }
2025-10-08T10:08:45.0490517Z npm warn EBADENGINE }
2025-10-08T10:08:45.0490803Z npm warn EBADENGINE Unsupported engine {
2025-10-08T10:08:45.0491164Z npm warn EBADENGINE   package: '@expo/server@0.7.5',
2025-10-08T10:08:45.0491775Z npm warn EBADENGINE   required: { node: '>=20.16.0' },
2025-10-08T10:08:45.0492241Z npm warn EBADENGINE   current: { node: 'v18.20.8', npm: '10.8.2' }
2025-10-08T10:08:45.0492588Z npm warn EBADENGINE }
2025-10-08T10:08:45.0498280Z npm warn EBADENGINE Unsupported engine {
2025-10-08T10:08:45.0499063Z npm warn EBADENGINE   package: '@react-native/babel-plugin-codegen@0.81.4',
2025-10-08T10:08:45.0499577Z npm warn EBADENGINE   required: { node: '>= 20.19.4' },
2025-10-08T10:08:45.0500040Z npm warn EBADENGINE   current: { node: 'v18.20.8', npm: '10.8.2' }
2025-10-08T10:08:45.0500593Z npm warn EBADENGINE }
2025-10-08T10:08:45.0501069Z npm warn EBADENGINE Unsupported engine {
2025-10-08T10:08:45.0501942Z npm warn EBADENGINE   package: '@react-native/babel-preset@0.81.4',
2025-10-08T10:08:45.0502737Z npm warn EBADENGINE   required: { node: '>= 20.19.4' },
2025-10-08T10:08:45.0503314Z npm warn EBADENGINE   current: { node: 'v18.20.8', npm: '10.8.2' }
2025-10-08T10:08:45.0503795Z npm warn EBADENGINE }
2025-10-08T10:08:45.0504284Z npm warn EBADENGINE Unsupported engine {
2025-10-08T10:08:45.0505038Z npm warn EBADENGINE   package: '@react-native/codegen@0.81.4',
2025-10-08T10:08:45.0505493Z npm warn EBADENGINE   required: { node: '>= 20.19.4' },
2025-10-08T10:08:45.0505942Z npm warn EBADENGINE   current: { node: 'v18.20.8', npm: '10.8.2' }
2025-10-08T10:08:45.0506375Z npm warn EBADENGINE }
2025-10-08T10:08:45.0506658Z npm warn EBADENGINE Unsupported engine {
2025-10-08T10:08:45.0507109Z npm warn EBADENGINE   package: '@react-native/debugger-frontend@0.81.4',
2025-10-08T10:08:45.0507572Z npm warn EBADENGINE   required: { node: '>= 20.19.4' },
2025-10-08T10:08:45.0508012Z npm warn EBADENGINE   current: { node: 'v18.20.8', npm: '10.8.2' }
2025-10-08T10:08:45.0508348Z npm warn EBADENGINE }
2025-10-08T10:08:45.0522141Z npm warn EBADENGINE Unsupported engine {
2025-10-08T10:08:45.0522853Z npm warn EBADENGINE   package: 'cssstyle@5.3.1',
2025-10-08T10:08:45.0523553Z npm warn EBADENGINE   required: { node: '>=20' },
2025-10-08T10:08:45.0524406Z npm warn EBADENGINE   current: { node: 'v18.20.8', npm: '10.8.2' }
2025-10-08T10:08:45.0525023Z npm warn EBADENGINE }
2025-10-08T10:08:45.0525531Z npm warn EBADENGINE Unsupported engine {
2025-10-08T10:08:45.0526175Z npm warn EBADENGINE   package: 'data-urls@6.0.0',
2025-10-08T10:08:45.0526834Z npm warn EBADENGINE   required: { node: '>=20' },
2025-10-08T10:08:45.0527617Z npm warn EBADENGINE   current: { node: 'v18.20.8', npm: '10.8.2' }
2025-10-08T10:08:45.0528214Z npm warn EBADENGINE }
2025-10-08T10:08:45.0537991Z npm warn EBADENGINE Unsupported engine {
2025-10-08T10:08:45.0538863Z npm warn EBADENGINE   package: '@react-native/dev-middleware@0.81.4',
2025-10-08T10:08:45.0539728Z npm warn EBADENGINE   required: { node: '>= 20.19.4' },
2025-10-08T10:08:45.0540551Z npm warn EBADENGINE   current: { node: 'v18.20.8', npm: '10.8.2' }
2025-10-08T10:08:45.0541156Z npm warn EBADENGINE }
2025-10-08T10:08:45.0558259Z npm warn EBADENGINE Unsupported engine {
2025-10-08T10:08:45.0558958Z npm warn EBADENGINE   package: 'jsdom@27.0.0',
2025-10-08T10:08:45.0559664Z npm warn EBADENGINE   required: { node: '>=20' },
2025-10-08T10:08:45.0560481Z npm warn EBADENGINE   current: { node: 'v18.20.8', npm: '10.8.2' }
2025-10-08T10:08:45.0561095Z npm warn EBADENGINE }
2025-10-08T10:08:45.0564692Z npm warn EBADENGINE Unsupported engine {
2025-10-08T10:08:45.0565362Z npm warn EBADENGINE   package: 'undici@7.14.0',
2025-10-08T10:08:45.0566064Z npm warn EBADENGINE   required: { node: '>=20.18.1' },
2025-10-08T10:08:45.0566874Z npm warn EBADENGINE   current: { node: 'v18.20.8', npm: '10.8.2' }
2025-10-08T10:08:45.0567509Z npm warn EBADENGINE }
2025-10-08T10:08:45.0587339Z npm warn EBADENGINE Unsupported engine {
2025-10-08T10:08:45.0587977Z npm warn EBADENGINE   package: 'tr46@6.0.0',
2025-10-08T10:08:45.0588408Z npm warn EBADENGINE   required: { node: '>=20' },
2025-10-08T10:08:45.0588873Z npm warn EBADENGINE   current: { node: 'v18.20.8', npm: '10.8.2' }
2025-10-08T10:08:45.0589224Z npm warn EBADENGINE }
2025-10-08T10:08:45.0599531Z npm warn EBADENGINE Unsupported engine {
2025-10-08T10:08:45.0600244Z npm warn EBADENGINE   package: 'webidl-conversions@8.0.0',
2025-10-08T10:08:45.0600851Z npm warn EBADENGINE   required: { node: '>=20' },
2025-10-08T10:08:45.0601764Z npm warn EBADENGINE   current: { node: 'v18.20.8', npm: '10.8.2' }
2025-10-08T10:08:45.0602162Z npm warn EBADENGINE }
2025-10-08T10:08:45.0602476Z npm warn EBADENGINE Unsupported engine {
2025-10-08T10:08:45.0602854Z npm warn EBADENGINE   package: 'whatwg-url@15.1.0',
2025-10-08T10:08:45.0603247Z npm warn EBADENGINE   required: { node: '>=20' },
2025-10-08T10:08:45.0603696Z npm warn EBADENGINE   current: { node: 'v18.20.8', npm: '10.8.2' }
2025-10-08T10:08:45.0604048Z npm warn EBADENGINE }
2025-10-08T10:08:49.7765815Z npm warn deprecated abab@2.0.6: Use your platform's native atob() and btoa() methods instead
2025-10-08T10:08:50.6337897Z npm warn deprecated glob@7.2.3: Glob versions prior to v9 are no longer supported
2025-10-08T10:08:50.6613170Z npm warn deprecated glob@7.2.3: Glob versions prior to v9 are no longer supported
2025-10-08T10:08:50.7677038Z npm warn deprecated domexception@4.0.0: Use your platform's native DOMException instead
2025-10-08T10:08:52.2792145Z npm warn deprecated text-encoding@0.7.0: no longer maintained
2025-10-08T10:08:52.2837909Z npm warn deprecated @testing-library/jest-native@5.4.3: DEPRECATED: This package is no longer maintained.
2025-10-08T10:08:52.2839751Z npm warn deprecated Please use the built-in Jest matchers available in @testing-library/react-native v12.4+.
2025-10-08T10:08:52.2840648Z npm warn deprecated
2025-10-08T10:08:52.2841998Z npm warn deprecated See migration guide: https://callstack.github.io/react-native-testing-library/docs/migration/jest-matchers
2025-10-08T10:08:52.6755592Z npm warn deprecated node-domexception@1.0.0: Use your platform's native DOMException instead
2025-10-08T10:08:53.0249636Z npm warn deprecated reflect-metadata@0.2.1: This version has a critical bug in fallback handling. Please upgrade to reflect-metadata@0.2.2 or newer.
2025-10-08T10:08:59.5868972Z npm warn deprecated @types/react-native@0.73.0: This is a stub types definition. react-native provides its own type definitions, so you do not need this installed.
2025-10-08T10:09:07.1070223Z npm warn deprecated eslint@8.57.1: This version is no longer supported. Please see https://eslint.org/version-support for other options.
2025-10-08T10:09:15.5927395Z 
2025-10-08T10:09:15.5928453Z added 1768 packages, and audited 1771 packages in 35s
2025-10-08T10:09:15.5928916Z 
2025-10-08T10:09:15.5929210Z 257 packages are looking for funding
2025-10-08T10:09:15.5929722Z   run `npm fund` for details
2025-10-08T10:09:15.5978628Z 
2025-10-08T10:09:15.5979227Z 2 low severity vulnerabilities
2025-10-08T10:09:15.5979543Z 
2025-10-08T10:09:15.5979761Z To address all issues, run:
2025-10-08T10:09:15.5980200Z   npm audit fix
2025-10-08T10:09:15.5980413Z 
2025-10-08T10:09:15.5980625Z Run `npm audit` for details.
2025-10-08T10:09:15.6763107Z ##[group]Run cd apps/mobile
2025-10-08T10:09:15.6763445Z [36;1mcd apps/mobile[0m
2025-10-08T10:09:15.6763665Z [36;1mnpm ci[0m
2025-10-08T10:09:15.6795837Z shell: /usr/bin/bash -e {0}
2025-10-08T10:09:15.6796079Z env:
2025-10-08T10:09:15.6796255Z   CI: true
2025-10-08T10:09:15.6796428Z   NODE_ENV: test
2025-10-08T10:09:15.6796623Z   LIGHTNING_E2E_MODE: true
2025-10-08T10:09:15.6796855Z ##[endgroup]
2025-10-08T10:09:16.6491337Z npm warn EBADENGINE Unsupported engine {
2025-10-08T10:09:16.6492392Z npm warn EBADENGINE   package: 'lru-cache@11.2.2',
2025-10-08T10:09:16.6493214Z npm warn EBADENGINE   required: { node: '20 || >=22' },
2025-10-08T10:09:16.6494088Z npm warn EBADENGINE   current: { node: 'v18.20.8', npm: '10.8.2' }
2025-10-08T10:09:16.6494765Z npm warn EBADENGINE }
2025-10-08T10:09:16.6496921Z npm warn EBADENGINE Unsupported engine {
2025-10-08T10:09:16.6497631Z npm warn EBADENGINE   package: 'lru-cache@11.2.2',
2025-10-08T10:09:16.6498545Z npm warn EBADENGINE   required: { node: '20 || >=22' },
2025-10-08T10:09:16.6499404Z npm warn EBADENGINE   current: { node: 'v18.20.8', npm: '10.8.2' }
2025-10-08T10:09:16.6500179Z npm warn EBADENGINE }
2025-10-08T10:09:16.6520544Z npm warn EBADENGINE Unsupported engine {
2025-10-08T10:09:16.6521269Z npm warn EBADENGINE   package: 'metro@0.83.1',
2025-10-08T10:09:16.6522219Z npm warn EBADENGINE   required: { node: '>=20.19.4' },
2025-10-08T10:09:16.6523127Z npm warn EBADENGINE   current: { node: 'v18.20.8', npm: '10.8.2' }
2025-10-08T10:09:16.6523799Z npm warn EBADENGINE }
2025-10-08T10:09:16.6524366Z npm warn EBADENGINE Unsupported engine {
2025-10-08T10:09:16.6525173Z npm warn EBADENGINE   package: 'metro-babel-transformer@0.83.1',
2025-10-08T10:09:16.6526006Z npm warn EBADENGINE   required: { node: '>=20.19.4' },
2025-10-08T10:09:16.6526888Z npm warn EBADENGINE   current: { node: 'v18.20.8', npm: '10.8.2' }
2025-10-08T10:09:16.6527554Z npm warn EBADENGINE }
2025-10-08T10:09:16.6528105Z npm warn EBADENGINE Unsupported engine {
2025-10-08T10:09:16.6528825Z npm warn EBADENGINE   package: 'metro-cache@0.83.1',
2025-10-08T10:09:16.6529581Z npm warn EBADENGINE   required: { node: '>=20.19.4' },
2025-10-08T10:09:16.6530420Z npm warn EBADENGINE   current: { node: 'v18.20.8', npm: '10.8.2' }
2025-10-08T10:09:16.6531078Z npm warn EBADENGINE }
2025-10-08T10:09:16.6531828Z npm warn EBADENGINE Unsupported engine {
2025-10-08T10:09:16.6532950Z npm warn EBADENGINE   package: 'metro-cache-key@0.83.1',
2025-10-08T10:09:16.6533738Z npm warn EBADENGINE   required: { node: '>=20.19.4' },
2025-10-08T10:09:16.6534523Z npm warn EBADENGINE   current: { node: 'v18.20.8', npm: '10.8.2' }
2025-10-08T10:09:16.6535138Z npm warn EBADENGINE }
2025-10-08T10:09:16.6535642Z npm warn EBADENGINE Unsupported engine {
2025-10-08T10:09:16.6536327Z npm warn EBADENGINE   package: 'metro-config@0.83.1',
2025-10-08T10:09:16.6537106Z npm warn EBADENGINE   required: { node: '>=20.19.4' },
2025-10-08T10:09:16.6537963Z npm warn EBADENGINE   current: { node: 'v18.20.8', npm: '10.8.2' }
2025-10-08T10:09:16.6538631Z npm warn EBADENGINE }
2025-10-08T10:09:16.6539156Z npm warn EBADENGINE Unsupported engine {
2025-10-08T10:09:16.6539859Z npm warn EBADENGINE   package: 'metro-core@0.83.1',
2025-10-08T10:09:16.6540607Z npm warn EBADENGINE   required: { node: '>=20.19.4' },
2025-10-08T10:09:16.6541703Z npm warn EBADENGINE   current: { node: 'v18.20.8', npm: '10.8.2' }
2025-10-08T10:09:16.6542398Z npm warn EBADENGINE }
2025-10-08T10:09:16.6542954Z npm warn EBADENGINE Unsupported engine {
2025-10-08T10:09:16.6543692Z npm warn EBADENGINE   package: 'metro-file-map@0.83.1',
2025-10-08T10:09:16.6544467Z npm warn EBADENGINE   required: { node: '>=20.19.4' },
2025-10-08T10:09:16.6545450Z npm warn EBADENGINE   current: { node: 'v18.20.8', npm: '10.8.2' }
2025-10-08T10:09:16.6546115Z npm warn EBADENGINE }
2025-10-08T10:09:16.6546635Z npm warn EBADENGINE Unsupported engine {
2025-10-08T10:09:16.6547400Z npm warn EBADENGINE   package: 'metro-minify-terser@0.83.1',
2025-10-08T10:09:16.6548554Z npm warn EBADENGINE   required: { node: '>=20.19.4' },
2025-10-08T10:09:16.6549490Z npm warn EBADENGINE   current: { node: 'v18.20.8', npm: '10.8.2' }
2025-10-08T10:09:16.6550177Z npm warn EBADENGINE }
2025-10-08T10:09:16.6550750Z npm warn EBADENGINE Unsupported engine {
2025-10-08T10:09:16.6551663Z npm warn EBADENGINE   package: 'metro-resolver@0.83.1',
2025-10-08T10:09:16.6552454Z npm warn EBADENGINE   required: { node: '>=20.19.4' },
2025-10-08T10:09:16.6553317Z npm warn EBADENGINE   current: { node: 'v18.20.8', npm: '10.8.2' }
2025-10-08T10:09:16.6553974Z npm warn EBADENGINE }
2025-10-08T10:09:16.6554513Z npm warn EBADENGINE Unsupported engine {
2025-10-08T10:09:16.6555235Z npm warn EBADENGINE   package: 'metro-runtime@0.83.1',
2025-10-08T10:09:16.6555974Z npm warn EBADENGINE   required: { node: '>=20.19.4' },
2025-10-08T10:09:16.6556754Z npm warn EBADENGINE   current: { node: 'v18.20.8', npm: '10.8.2' }
2025-10-08T10:09:16.6557371Z npm warn EBADENGINE }
2025-10-08T10:09:16.6557923Z npm warn EBADENGINE Unsupported engine {
2025-10-08T10:09:16.6558664Z npm warn EBADENGINE   package: 'metro-source-map@0.83.1',
2025-10-08T10:09:16.6559465Z npm warn EBADENGINE   required: { node: '>=20.19.4' },
2025-10-08T10:09:16.6560307Z npm warn EBADENGINE   current: { node: 'v18.20.8', npm: '10.8.2' }
2025-10-08T10:09:16.6560927Z npm warn EBADENGINE }
2025-10-08T10:09:16.6561635Z npm warn EBADENGINE Unsupported engine {
2025-10-08T10:09:16.6562404Z npm warn EBADENGINE   package: 'metro-symbolicate@0.83.1',
2025-10-08T10:09:16.6563185Z npm warn EBADENGINE   required: { node: '>=20.19.4' },
2025-10-08T10:09:16.6564000Z npm warn EBADENGINE   current: { node: 'v18.20.8', npm: '10.8.2' }
2025-10-08T10:09:16.6564640Z npm warn EBADENGINE }
2025-10-08T10:09:16.6565183Z npm warn EBADENGINE Unsupported engine {
2025-10-08T10:09:16.6565962Z npm warn EBADENGINE   package: 'metro-transform-plugins@0.83.1',
2025-10-08T10:09:16.6566774Z npm warn EBADENGINE   required: { node: '>=20.19.4' },
2025-10-08T10:09:16.6567578Z npm warn EBADENGINE   current: { node: 'v18.20.8', npm: '10.8.2' }
2025-10-08T10:09:16.6568194Z npm warn EBADENGINE }
2025-10-08T10:09:16.6568699Z npm warn EBADENGINE Unsupported engine {
2025-10-08T10:09:16.6569446Z npm warn EBADENGINE   package: 'metro-transform-worker@0.83.1',
2025-10-08T10:09:16.6570245Z npm warn EBADENGINE   required: { node: '>=20.19.4' },
2025-10-08T10:09:16.6571047Z npm warn EBADENGINE   current: { node: 'v18.20.8', npm: '10.8.2' }
2025-10-08T10:09:16.6572135Z npm warn EBADENGINE }
2025-10-08T10:09:16.6572648Z npm warn EBADENGINE Unsupported engine {
2025-10-08T10:09:16.6573471Z npm warn EBADENGINE   package: 'ob1@0.83.1',
2025-10-08T10:09:16.6574170Z npm warn EBADENGINE   required: { node: '>=20.19.4' },
2025-10-08T10:09:16.6574987Z npm warn EBADENGINE   current: { node: 'v18.20.8', npm: '10.8.2' }
2025-10-08T10:09:16.6575615Z npm warn EBADENGINE }
2025-10-08T10:09:16.6576140Z npm warn EBADENGINE Unsupported engine {
2025-10-08T10:09:16.6576824Z npm warn EBADENGINE   package: '@expo/server@0.7.5',
2025-10-08T10:09:16.6577566Z npm warn EBADENGINE   required: { node: '>=20.16.0' },
2025-10-08T10:09:16.6578378Z npm warn EBADENGINE   current: { node: 'v18.20.8', npm: '10.8.2' }
2025-10-08T10:09:16.6579035Z npm warn EBADENGINE }
2025-10-08T10:09:16.6581004Z npm warn EBADENGINE Unsupported engine {
2025-10-08T10:09:16.6582217Z npm warn EBADENGINE   package: '@react-native/babel-plugin-codegen@0.81.4',
2025-10-08T10:09:16.6583168Z npm warn EBADENGINE   required: { node: '>= 20.19.4' },
2025-10-08T10:09:16.6584044Z npm warn EBADENGINE   current: { node: 'v18.20.8', npm: '10.8.2' }
2025-10-08T10:09:16.6584697Z npm warn EBADENGINE }
2025-10-08T10:09:16.6585247Z npm warn EBADENGINE Unsupported engine {
2025-10-08T10:09:16.6586073Z npm warn EBADENGINE   package: '@react-native/babel-preset@0.81.4',
2025-10-08T10:09:16.6586922Z npm warn EBADENGINE   required: { node: '>= 20.19.4' },
2025-10-08T10:09:16.6587734Z npm warn EBADENGINE   current: { node: 'v18.20.8', npm: '10.8.2' }
2025-10-08T10:09:16.6588421Z npm warn EBADENGINE }
2025-10-08T10:09:16.6589216Z npm warn EBADENGINE Unsupported engine {
2025-10-08T10:09:16.6590013Z npm warn EBADENGINE   package: '@react-native/codegen@0.81.4',
2025-10-08T10:09:16.6590801Z npm warn EBADENGINE   required: { node: '>= 20.19.4' },
2025-10-08T10:09:16.6591793Z npm warn EBADENGINE   current: { node: 'v18.20.8', npm: '10.8.2' }
2025-10-08T10:09:16.6592436Z npm warn EBADENGINE }
2025-10-08T10:09:16.6592960Z npm warn EBADENGINE Unsupported engine {
2025-10-08T10:09:16.6593782Z npm warn EBADENGINE   package: '@react-native/debugger-frontend@0.81.4',
2025-10-08T10:09:16.6594653Z npm warn EBADENGINE   required: { node: '>= 20.19.4' },
2025-10-08T10:09:16.6595462Z npm warn EBADENGINE   current: { node: 'v18.20.8', npm: '10.8.2' }
2025-10-08T10:09:16.6596085Z npm warn EBADENGINE }
2025-10-08T10:09:16.6609936Z npm warn EBADENGINE Unsupported engine {
2025-10-08T10:09:16.6610654Z npm warn EBADENGINE   package: 'cssstyle@5.3.1',
2025-10-08T10:09:16.6611359Z npm warn EBADENGINE   required: { node: '>=20' },
2025-10-08T10:09:16.6612477Z npm warn EBADENGINE   current: { node: 'v18.20.8', npm: '10.8.2' }
2025-10-08T10:09:16.6613149Z npm warn EBADENGINE }
2025-10-08T10:09:16.6613688Z npm warn EBADENGINE Unsupported engine {
2025-10-08T10:09:16.6614361Z npm warn EBADENGINE   package: 'data-urls@6.0.0',
2025-10-08T10:09:16.6615074Z npm warn EBADENGINE   required: { node: '>=20' },
2025-10-08T10:09:16.6615908Z npm warn EBADENGINE   current: { node: 'v18.20.8', npm: '10.8.2' }
2025-10-08T10:09:16.6616544Z npm warn EBADENGINE }
2025-10-08T10:09:16.6627960Z npm warn EBADENGINE Unsupported engine {
2025-10-08T10:09:16.6630887Z npm warn EBADENGINE   package: '@react-native/dev-middleware@0.81.4',
2025-10-08T10:09:16.6631927Z npm warn EBADENGINE   required: { node: '>= 20.19.4' },
2025-10-08T10:09:16.6632764Z npm warn EBADENGINE   current: { node: 'v18.20.8', npm: '10.8.2' }
2025-10-08T10:09:16.6633420Z npm warn EBADENGINE }
2025-10-08T10:09:16.6650762Z npm warn EBADENGINE Unsupported engine {
2025-10-08T10:09:16.6651738Z npm warn EBADENGINE   package: 'jsdom@27.0.0',
2025-10-08T10:09:16.6652463Z npm warn EBADENGINE   required: { node: '>=20' },
2025-10-08T10:09:16.6653260Z npm warn EBADENGINE   current: { node: 'v18.20.8', npm: '10.8.2' }
2025-10-08T10:09:16.6653934Z npm warn EBADENGINE }
2025-10-08T10:09:16.6659369Z npm warn EBADENGINE Unsupported engine {
2025-10-08T10:09:16.6661135Z npm warn EBADENGINE   package: 'undici@7.14.0',
2025-10-08T10:09:16.6662379Z npm warn EBADENGINE   required: { node: '>=20.18.1' },
2025-10-08T10:09:16.6663231Z npm warn EBADENGINE   current: { node: 'v18.20.8', npm: '10.8.2' }
2025-10-08T10:09:16.6663891Z npm warn EBADENGINE }
2025-10-08T10:09:16.6682743Z npm warn EBADENGINE Unsupported engine {
2025-10-08T10:09:16.6683422Z npm warn EBADENGINE   package: 'tr46@6.0.0',
2025-10-08T10:09:16.6684106Z npm warn EBADENGINE   required: { node: '>=20' },
2025-10-08T10:09:16.6684933Z npm warn EBADENGINE   current: { node: 'v18.20.8', npm: '10.8.2' }
2025-10-08T10:09:16.6685572Z npm warn EBADENGINE }
2025-10-08T10:09:16.6689083Z npm warn EBADENGINE Unsupported engine {
2025-10-08T10:09:16.6689877Z npm warn EBADENGINE   package: 'webidl-conversions@8.0.0',
2025-10-08T10:09:16.6690640Z npm warn EBADENGINE   required: { node: '>=20' },
2025-10-08T10:09:16.6691667Z npm warn EBADENGINE   current: { node: 'v18.20.8', npm: '10.8.2' }
2025-10-08T10:09:16.6692326Z npm warn EBADENGINE }
2025-10-08T10:09:16.6692867Z npm warn EBADENGINE Unsupported engine {
2025-10-08T10:09:16.6693543Z npm warn EBADENGINE   package: 'whatwg-url@15.1.0',
2025-10-08T10:09:16.6694249Z npm warn EBADENGINE   required: { node: '>=20' },
2025-10-08T10:09:16.6695027Z npm warn EBADENGINE   current: { node: 'v18.20.8', npm: '10.8.2' }
2025-10-08T10:09:16.6695623Z npm warn EBADENGINE }
2025-10-08T10:09:22.5822485Z npm warn deprecated abab@2.0.6: Use your platform's native atob() and btoa() methods instead
2025-10-08T10:09:23.6243353Z npm warn deprecated glob@7.2.3: Glob versions prior to v9 are no longer supported
2025-10-08T10:09:23.6639465Z npm warn deprecated glob@7.2.3: Glob versions prior to v9 are no longer supported
2025-10-08T10:09:26.6811626Z npm warn deprecated domexception@4.0.0: Use your platform's native DOMException instead
2025-10-08T10:09:30.9886698Z npm warn deprecated @types/react-native@0.73.0: This is a stub types definition. react-native provides its own type definitions, so you do not need this installed.
2025-10-08T10:09:31.0511039Z npm warn deprecated text-encoding@0.7.0: no longer maintained
2025-10-08T10:09:31.0769501Z npm warn deprecated @testing-library/jest-native@5.4.3: DEPRECATED: This package is no longer maintained.
2025-10-08T10:09:31.0771012Z npm warn deprecated Please use the built-in Jest matchers available in @testing-library/react-native v12.4+.
2025-10-08T10:09:31.0772135Z npm warn deprecated
2025-10-08T10:09:31.0773384Z npm warn deprecated See migration guide: https://callstack.github.io/react-native-testing-library/docs/migration/jest-matchers
2025-10-08T10:09:35.4762340Z npm warn deprecated eslint@8.57.1: This version is no longer supported. Please see https://eslint.org/version-support for other options.
2025-10-08T10:09:40.8631235Z 
2025-10-08T10:09:40.8632159Z added 1626 packages, and audited 1628 packages in 25s
2025-10-08T10:09:40.8632625Z 
2025-10-08T10:09:40.8632867Z 236 packages are looking for funding
2025-10-08T10:09:40.8633353Z   run `npm fund` for details
2025-10-08T10:09:40.8648249Z 
2025-10-08T10:09:40.8648669Z found 0 vulnerabilities
2025-10-08T10:09:40.9646756Z ##[group]Run cd apps/edge
2025-10-08T10:09:40.9647054Z [36;1mcd apps/edge[0m
2025-10-08T10:09:40.9647262Z [36;1mnpm ci[0m
2025-10-08T10:09:40.9679269Z shell: /usr/bin/bash -e {0}
2025-10-08T10:09:40.9679508Z env:
2025-10-08T10:09:40.9679680Z   CI: true
2025-10-08T10:09:40.9679850Z   NODE_ENV: test
2025-10-08T10:09:40.9680052Z   LIGHTNING_E2E_MODE: true
2025-10-08T10:09:40.9680272Z ##[endgroup]
2025-10-08T10:09:41.9537095Z npm warn EBADENGINE Unsupported engine {
2025-10-08T10:09:41.9537910Z npm warn EBADENGINE   package: 'lru-cache@11.2.2',
2025-10-08T10:09:41.9538698Z npm warn EBADENGINE   required: { node: '20 || >=22' },
2025-10-08T10:09:41.9539560Z npm warn EBADENGINE   current: { node: 'v18.20.8', npm: '10.8.2' }
2025-10-08T10:09:41.9540230Z npm warn EBADENGINE }
2025-10-08T10:09:41.9543310Z npm warn EBADENGINE Unsupported engine {
2025-10-08T10:09:41.9544044Z npm warn EBADENGINE   package: 'lru-cache@11.2.2',
2025-10-08T10:09:41.9545322Z npm warn EBADENGINE   required: { node: '20 || >=22' },
2025-10-08T10:09:41.9546165Z npm warn EBADENGINE   current: { node: 'v18.20.8', npm: '10.8.2' }
2025-10-08T10:09:41.9546807Z npm warn EBADENGINE }
2025-10-08T10:09:41.9566372Z npm warn EBADENGINE Unsupported engine {
2025-10-08T10:09:41.9567124Z npm warn EBADENGINE   package: 'metro@0.83.1',
2025-10-08T10:09:41.9567856Z npm warn EBADENGINE   required: { node: '>=20.19.4' },
2025-10-08T10:09:41.9568678Z npm warn EBADENGINE   current: { node: 'v18.20.8', npm: '10.8.2' }
2025-10-08T10:09:41.9569301Z npm warn EBADENGINE }
2025-10-08T10:09:41.9570146Z npm warn EBADENGINE Unsupported engine {
2025-10-08T10:09:41.9570967Z npm warn EBADENGINE   package: 'metro-babel-transformer@0.83.1',
2025-10-08T10:09:41.9572005Z npm warn EBADENGINE   required: { node: '>=20.19.4' },
2025-10-08T10:09:41.9572845Z npm warn EBADENGINE   current: { node: 'v18.20.8', npm: '10.8.2' }
2025-10-08T10:09:41.9573508Z npm warn EBADENGINE }
2025-10-08T10:09:41.9574050Z npm warn EBADENGINE Unsupported engine {
2025-10-08T10:09:41.9574776Z npm warn EBADENGINE   package: 'metro-cache@0.83.1',
2025-10-08T10:09:41.9575505Z npm warn EBADENGINE   required: { node: '>=20.19.4' },
2025-10-08T10:09:41.9576359Z npm warn EBADENGINE   current: { node: 'v18.20.8', npm: '10.8.2' }
2025-10-08T10:09:41.9577029Z npm warn EBADENGINE }
2025-10-08T10:09:41.9577573Z npm warn EBADENGINE Unsupported engine {
2025-10-08T10:09:41.9578309Z npm warn EBADENGINE   package: 'metro-cache-key@0.83.1',
2025-10-08T10:09:41.9579077Z npm warn EBADENGINE   required: { node: '>=20.19.4' },
2025-10-08T10:09:41.9579912Z npm warn EBADENGINE   current: { node: 'v18.20.8', npm: '10.8.2' }
2025-10-08T10:09:41.9580521Z npm warn EBADENGINE }
2025-10-08T10:09:41.9581017Z npm warn EBADENGINE Unsupported engine {
2025-10-08T10:09:41.9581893Z npm warn EBADENGINE   package: 'metro-config@0.83.1',
2025-10-08T10:09:41.9582598Z npm warn EBADENGINE   required: { node: '>=20.19.4' },
2025-10-08T10:09:41.9583436Z npm warn EBADENGINE   current: { node: 'v18.20.8', npm: '10.8.2' }
2025-10-08T10:09:41.9584116Z npm warn EBADENGINE }
2025-10-08T10:09:41.9584663Z npm warn EBADENGINE Unsupported engine {
2025-10-08T10:09:41.9585346Z npm warn EBADENGINE   package: 'metro-core@0.83.1',
2025-10-08T10:09:41.9586078Z npm warn EBADENGINE   required: { node: '>=20.19.4' },
2025-10-08T10:09:41.9586907Z npm warn EBADENGINE   current: { node: 'v18.20.8', npm: '10.8.2' }
2025-10-08T10:09:41.9587564Z npm warn EBADENGINE }
2025-10-08T10:09:41.9588089Z npm warn EBADENGINE Unsupported engine {
2025-10-08T10:09:41.9588816Z npm warn EBADENGINE   package: 'metro-file-map@0.83.1',
2025-10-08T10:09:41.9589582Z npm warn EBADENGINE   required: { node: '>=20.19.4' },
2025-10-08T10:09:41.9590419Z npm warn EBADENGINE   current: { node: 'v18.20.8', npm: '10.8.2' }
2025-10-08T10:09:41.9591082Z npm warn EBADENGINE }
2025-10-08T10:09:41.9591813Z npm warn EBADENGINE Unsupported engine {
2025-10-08T10:09:41.9592561Z npm warn EBADENGINE   package: 'metro-minify-terser@0.83.1',
2025-10-08T10:09:41.9593965Z npm warn EBADENGINE   required: { node: '>=20.19.4' },
2025-10-08T10:09:41.9594886Z npm warn EBADENGINE   current: { node: 'v18.20.8', npm: '10.8.2' }
2025-10-08T10:09:41.9595584Z npm warn EBADENGINE }
2025-10-08T10:09:41.9596153Z npm warn EBADENGINE Unsupported engine {
2025-10-08T10:09:41.9596879Z npm warn EBADENGINE   package: 'metro-resolver@0.83.1',
2025-10-08T10:09:41.9597651Z npm warn EBADENGINE   required: { node: '>=20.19.4' },
2025-10-08T10:09:41.9598485Z npm warn EBADENGINE   current: { node: 'v18.20.8', npm: '10.8.2' }
2025-10-08T10:09:41.9599130Z npm warn EBADENGINE }
2025-10-08T10:09:41.9599669Z npm warn EBADENGINE Unsupported engine {
2025-10-08T10:09:41.9600395Z npm warn EBADENGINE   package: 'metro-runtime@0.83.1',
2025-10-08T10:09:41.9601174Z npm warn EBADENGINE   required: { node: '>=20.19.4' },
2025-10-08T10:09:41.9602209Z npm warn EBADENGINE   current: { node: 'v18.20.8', npm: '10.8.2' }
2025-10-08T10:09:41.9602838Z npm warn EBADENGINE }
2025-10-08T10:09:41.9603892Z npm warn EBADENGINE Unsupported engine {
2025-10-08T10:09:41.9604663Z npm warn EBADENGINE   package: 'metro-source-map@0.83.1',
2025-10-08T10:09:41.9605471Z npm warn EBADENGINE   required: { node: '>=20.19.4' },
2025-10-08T10:09:41.9606321Z npm warn EBADENGINE   current: { node: 'v18.20.8', npm: '10.8.2' }
2025-10-08T10:09:41.9606969Z npm warn EBADENGINE }
2025-10-08T10:09:41.9607506Z npm warn EBADENGINE Unsupported engine {
2025-10-08T10:09:41.9608246Z npm warn EBADENGINE   package: 'metro-symbolicate@0.83.1',
2025-10-08T10:09:41.9609025Z npm warn EBADENGINE   required: { node: '>=20.19.4' },
2025-10-08T10:09:41.9609867Z npm warn EBADENGINE   current: { node: 'v18.20.8', npm: '10.8.2' }
2025-10-08T10:09:41.9610506Z npm warn EBADENGINE }
2025-10-08T10:09:41.9611031Z npm warn EBADENGINE Unsupported engine {
2025-10-08T10:09:41.9612056Z npm warn EBADENGINE   package: 'metro-transform-plugins@0.83.1',
2025-10-08T10:09:41.9612884Z npm warn EBADENGINE   required: { node: '>=20.19.4' },
2025-10-08T10:09:41.9613720Z npm warn EBADENGINE   current: { node: 'v18.20.8', npm: '10.8.2' }
2025-10-08T10:09:41.9614350Z npm warn EBADENGINE }
2025-10-08T10:09:41.9614879Z npm warn EBADENGINE Unsupported engine {
2025-10-08T10:09:41.9615636Z npm warn EBADENGINE   package: 'metro-transform-worker@0.83.1',
2025-10-08T10:09:41.9616423Z npm warn EBADENGINE   required: { node: '>=20.19.4' },
2025-10-08T10:09:41.9617253Z npm warn EBADENGINE   current: { node: 'v18.20.8', npm: '10.8.2' }
2025-10-08T10:09:41.9617893Z npm warn EBADENGINE }
2025-10-08T10:09:41.9618390Z npm warn EBADENGINE Unsupported engine {
2025-10-08T10:09:41.9619020Z npm warn EBADENGINE   package: 'ob1@0.83.1',
2025-10-08T10:09:41.9619694Z npm warn EBADENGINE   required: { node: '>=20.19.4' },
2025-10-08T10:09:41.9620514Z npm warn EBADENGINE   current: { node: 'v18.20.8', npm: '10.8.2' }
2025-10-08T10:09:41.9621135Z npm warn EBADENGINE }
2025-10-08T10:09:41.9621849Z npm warn EBADENGINE Unsupported engine {
2025-10-08T10:09:41.9622549Z npm warn EBADENGINE   package: '@expo/server@0.7.5',
2025-10-08T10:09:41.9623310Z npm warn EBADENGINE   required: { node: '>=20.16.0' },
2025-10-08T10:09:41.9624118Z npm warn EBADENGINE   current: { node: 'v18.20.8', npm: '10.8.2' }
2025-10-08T10:09:41.9624738Z npm warn EBADENGINE }
2025-10-08T10:09:41.9627898Z npm warn EBADENGINE Unsupported engine {
2025-10-08T10:09:41.9628804Z npm warn EBADENGINE   package: '@react-native/babel-plugin-codegen@0.81.4',
2025-10-08T10:09:41.9629714Z npm warn EBADENGINE   required: { node: '>= 20.19.4' },
2025-10-08T10:09:41.9630612Z npm warn EBADENGINE   current: { node: 'v18.20.8', npm: '10.8.2' }
2025-10-08T10:09:41.9631242Z npm warn EBADENGINE }
2025-10-08T10:09:41.9631932Z npm warn EBADENGINE Unsupported engine {
2025-10-08T10:09:41.9632641Z npm warn EBADENGINE   package: '@react-native/babel-preset@0.81.4',
2025-10-08T10:09:41.9633385Z npm warn EBADENGINE   required: { node: '>= 20.19.4' },
2025-10-08T10:09:41.9634124Z npm warn EBADENGINE   current: { node: 'v18.20.8', npm: '10.8.2' }
2025-10-08T10:09:41.9634720Z npm warn EBADENGINE }
2025-10-08T10:09:41.9645180Z npm warn EBADENGINE Unsupported engine {
2025-10-08T10:09:41.9646058Z npm warn EBADENGINE   package: '@react-native/codegen@0.81.4',
2025-10-08T10:09:41.9646911Z npm warn EBADENGINE   required: { node: '>= 20.19.4' },
2025-10-08T10:09:41.9647727Z npm warn EBADENGINE   current: { node: 'v18.20.8', npm: '10.8.2' }
2025-10-08T10:09:41.9648353Z npm warn EBADENGINE }
2025-10-08T10:09:41.9648894Z npm warn EBADENGINE Unsupported engine {
2025-10-08T10:09:41.9649714Z npm warn EBADENGINE   package: '@react-native/debugger-frontend@0.81.4',
2025-10-08T10:09:41.9650567Z npm warn EBADENGINE   required: { node: '>= 20.19.4' },
2025-10-08T10:09:41.9651373Z npm warn EBADENGINE   current: { node: 'v18.20.8', npm: '10.8.2' }
2025-10-08T10:09:41.9652202Z npm warn EBADENGINE }
2025-10-08T10:09:41.9668515Z npm warn EBADENGINE Unsupported engine {
2025-10-08T10:09:41.9670354Z npm warn EBADENGINE   package: 'cssstyle@5.3.1',
2025-10-08T10:09:41.9671134Z npm warn EBADENGINE   required: { node: '>=20' },
2025-10-08T10:09:41.9672513Z npm warn EBADENGINE   current: { node: 'v18.20.8', npm: '10.8.2' }
2025-10-08T10:09:41.9673206Z npm warn EBADENGINE }
2025-10-08T10:09:41.9673742Z npm warn EBADENGINE Unsupported engine {
2025-10-08T10:09:41.9674408Z npm warn EBADENGINE   package: 'data-urls@6.0.0',
2025-10-08T10:09:41.9675110Z npm warn EBADENGINE   required: { node: '>=20' },
2025-10-08T10:09:41.9675917Z npm warn EBADENGINE   current: { node: 'v18.20.8', npm: '10.8.2' }
2025-10-08T10:09:41.9676556Z npm warn EBADENGINE }
2025-10-08T10:09:41.9687212Z npm warn EBADENGINE Unsupported engine {
2025-10-08T10:09:41.9688035Z npm warn EBADENGINE   package: '@react-native/dev-middleware@0.81.4',
2025-10-08T10:09:41.9688850Z npm warn EBADENGINE   required: { node: '>= 20.19.4' },
2025-10-08T10:09:41.9689637Z npm warn EBADENGINE   current: { node: 'v18.20.8', npm: '10.8.2' }
2025-10-08T10:09:41.9690233Z npm warn EBADENGINE }
2025-10-08T10:09:41.9707691Z npm warn EBADENGINE Unsupported engine {
2025-10-08T10:09:41.9709260Z npm warn EBADENGINE   package: 'jsdom@27.0.0',
2025-10-08T10:09:41.9709956Z npm warn EBADENGINE   required: { node: '>=20' },
2025-10-08T10:09:41.9710747Z npm warn EBADENGINE   current: { node: 'v18.20.8', npm: '10.8.2' }
2025-10-08T10:09:41.9711360Z npm warn EBADENGINE }
2025-10-08T10:09:41.9715510Z npm warn EBADENGINE Unsupported engine {
2025-10-08T10:09:41.9716342Z npm warn EBADENGINE   package: 'undici@7.14.0',
2025-10-08T10:09:41.9717224Z npm warn EBADENGINE   required: { node: '>=20.18.1' },
2025-10-08T10:09:41.9718155Z npm warn EBADENGINE   current: { node: 'v18.20.8', npm: '10.8.2' }
2025-10-08T10:09:41.9718815Z npm warn EBADENGINE }
2025-10-08T10:09:41.9739767Z npm warn EBADENGINE Unsupported engine {
2025-10-08T10:09:41.9740487Z npm warn EBADENGINE   package: 'tr46@6.0.0',
2025-10-08T10:09:41.9741170Z npm warn EBADENGINE   required: { node: '>=20' },
2025-10-08T10:09:41.9742223Z npm warn EBADENGINE   current: { node: 'v18.20.8', npm: '10.8.2' }
2025-10-08T10:09:41.9742879Z npm warn EBADENGINE }
2025-10-08T10:09:41.9746099Z npm warn EBADENGINE Unsupported engine {
2025-10-08T10:09:41.9746898Z npm warn EBADENGINE   package: 'webidl-conversions@8.0.0',
2025-10-08T10:09:41.9747682Z npm warn EBADENGINE   required: { node: '>=20' },
2025-10-08T10:09:41.9748564Z npm warn EBADENGINE   current: { node: 'v18.20.8', npm: '10.8.2' }
2025-10-08T10:09:41.9749233Z npm warn EBADENGINE }
2025-10-08T10:09:41.9749759Z npm warn EBADENGINE Unsupported engine {
2025-10-08T10:09:41.9750445Z npm warn EBADENGINE   package: 'whatwg-url@15.1.0',
2025-10-08T10:09:41.9751153Z npm warn EBADENGINE   required: { node: '>=20' },
2025-10-08T10:09:41.9752126Z npm warn EBADENGINE   current: { node: 'v18.20.8', npm: '10.8.2' }
2025-10-08T10:09:41.9752713Z npm warn EBADENGINE }
2025-10-08T10:09:44.6793895Z npm warn deprecated node-domexception@1.0.0: Use your platform's native DOMException instead
2025-10-08T10:09:45.8805204Z 
2025-10-08T10:09:45.8805893Z added 101 packages, and audited 103 packages in 5s
2025-10-08T10:09:45.8806482Z 
2025-10-08T10:09:45.8807076Z 17 packages are looking for funding
2025-10-08T10:09:45.8807599Z   run `npm fund` for details
2025-10-08T10:09:45.8816834Z 
2025-10-08T10:09:45.8817135Z found 0 vulnerabilities
2025-10-08T10:09:45.9223506Z ##[group]Run npx playwright install chromium --with-deps
2025-10-08T10:09:45.9223957Z [36;1mnpx playwright install chromium --with-deps[0m
2025-10-08T10:09:45.9224296Z [36;1mnpx playwright install-deps chromium[0m
2025-10-08T10:09:45.9256346Z shell: /usr/bin/bash -e {0}
2025-10-08T10:09:45.9256587Z env:
2025-10-08T10:09:45.9256760Z   CI: true
2025-10-08T10:09:45.9256936Z   NODE_ENV: test
2025-10-08T10:09:45.9257130Z   LIGHTNING_E2E_MODE: true
2025-10-08T10:09:45.9257351Z ##[endgroup]
2025-10-08T10:09:47.1948542Z npm warn exec The following package was not found and will be installed: playwright@1.56.0
2025-10-08T10:09:48.8495477Z ╔═══════════════════════════════════════════════════════════════════════════════╗
2025-10-08T10:09:48.8496769Z ║ WARNING: It looks like you are running 'npx playwright install' without first ║
2025-10-08T10:09:48.8498530Z ║ installing your project's dependencies.                                       ║
2025-10-08T10:09:48.8499660Z ║                                                                               ║
2025-10-08T10:09:48.8500740Z ║ To avoid unexpected behavior, please install your dependencies first, and     ║
2025-10-08T10:09:48.8502272Z ║ then run Playwright's install command:                                        ║
2025-10-08T10:09:48.8503312Z ║                                                                               ║
2025-10-08T10:09:48.8504234Z ║     npm install                                                               ║
2025-10-08T10:09:48.8505315Z ║     npx playwright install                                                    ║
2025-10-08T10:09:48.8506265Z ║                                                                               ║
2025-10-08T10:09:48.8507275Z ║ If your project does not yet depend on Playwright, first install the          ║
2025-10-08T10:09:48.8508474Z ║ applicable npm package (most commonly @playwright/test), and                  ║
2025-10-08T10:09:48.8509734Z ║ then run Playwright's install command to download the browsers:               ║
2025-10-08T10:09:48.8510793Z ║                                                                               ║
2025-10-08T10:09:48.8511966Z ║     npm install @playwright/test                                              ║
2025-10-08T10:09:48.8513026Z ║     npx playwright install                                                    ║
2025-10-08T10:09:48.8513902Z ║                                                                               ║
2025-10-08T10:09:48.8514834Z ╚═══════════════════════════════════════════════════════════════════════════════╝
2025-10-08T10:09:48.8515470Z Installing dependencies...
2025-10-08T10:09:48.8635203Z Switching to root user to install dependencies...
2025-10-08T10:09:49.0012012Z Get:1 file:/etc/apt/apt-mirrors.txt Mirrorlist [144 B]
2025-10-08T10:09:49.0513540Z Hit:2 http://azure.archive.ubuntu.com/ubuntu noble InRelease
2025-10-08T10:09:49.0515042Z Hit:6 https://packages.microsoft.com/repos/azure-cli noble InRelease
2025-10-08T10:09:49.0533348Z Get:3 http://azure.archive.ubuntu.com/ubuntu noble-updates InRelease [126 kB]
2025-10-08T10:09:49.0555457Z Get:7 https://packages.microsoft.com/ubuntu/24.04/prod noble InRelease [3600 B]
2025-10-08T10:09:49.0669480Z Get:4 http://azure.archive.ubuntu.com/ubuntu noble-backports InRelease [126 kB]
2025-10-08T10:09:49.0730188Z Get:5 http://azure.archive.ubuntu.com/ubuntu noble-security InRelease [126 kB]
2025-10-08T10:09:49.2809537Z Get:8 https://packages.microsoft.com/ubuntu/24.04/prod noble/main arm64 Packages [43.1 kB]
2025-10-08T10:09:49.3104137Z Get:9 https://packages.microsoft.com/ubuntu/24.04/prod noble/main amd64 Packages [60.3 kB]
2025-10-08T10:09:49.3168673Z Get:10 https://packages.microsoft.com/ubuntu/24.04/prod noble/main armhf Packages [10.5 kB]
2025-10-08T10:09:49.3257558Z Get:11 http://azure.archive.ubuntu.com/ubuntu noble-updates/main amd64 Packages [1490 kB]
2025-10-08T10:09:49.3335274Z Get:12 http://azure.archive.ubuntu.com/ubuntu noble-updates/main Translation-en [287 kB]
2025-10-08T10:09:49.3364017Z Get:13 http://azure.archive.ubuntu.com/ubuntu noble-updates/main amd64 Components [175 kB]
2025-10-08T10:09:49.3383836Z Get:14 http://azure.archive.ubuntu.com/ubuntu noble-updates/main amd64 c-n-f Metadata [15.3 kB]
2025-10-08T10:09:49.3395389Z Get:15 http://azure.archive.ubuntu.com/ubuntu noble-updates/universe amd64 Packages [1487 kB]
2025-10-08T10:09:49.3479779Z Get:16 http://azure.archive.ubuntu.com/ubuntu noble-updates/universe Translation-en [300 kB]
2025-10-08T10:09:49.3519621Z Get:17 http://azure.archive.ubuntu.com/ubuntu noble-updates/universe amd64 Components [378 kB]
2025-10-08T10:09:49.3557189Z Get:18 http://azure.archive.ubuntu.com/ubuntu noble-updates/universe amd64 c-n-f Metadata [31.1 kB]
2025-10-08T10:09:49.3568989Z Get:19 http://azure.archive.ubuntu.com/ubuntu noble-updates/restricted amd64 Packages [2068 kB]
2025-10-08T10:09:49.3674748Z Get:20 http://azure.archive.ubuntu.com/ubuntu noble-updates/restricted Translation-en [467 kB]
2025-10-08T10:09:49.4192957Z Get:21 http://azure.archive.ubuntu.com/ubuntu noble-updates/restricted amd64 Components [212 B]
2025-10-08T10:09:49.4203599Z Get:22 http://azure.archive.ubuntu.com/ubuntu noble-updates/multiverse Translation-en [6116 B]
2025-10-08T10:09:49.4214279Z Get:23 http://azure.archive.ubuntu.com/ubuntu noble-updates/multiverse amd64 Components [940 B]
2025-10-08T10:09:49.4225992Z Get:24 http://azure.archive.ubuntu.com/ubuntu noble-backports/main amd64 Components [7156 B]
2025-10-08T10:09:49.4238895Z Get:25 http://azure.archive.ubuntu.com/ubuntu noble-backports/universe amd64 Components [11.0 kB]
2025-10-08T10:09:49.4247197Z Get:26 http://azure.archive.ubuntu.com/ubuntu noble-backports/restricted amd64 Components [216 B]
2025-10-08T10:09:49.4287333Z Get:27 http://azure.archive.ubuntu.com/ubuntu noble-backports/multiverse amd64 Components [212 B]
2025-10-08T10:09:49.4302784Z Get:28 http://azure.archive.ubuntu.com/ubuntu noble-security/main amd64 Packages [1213 kB]
2025-10-08T10:09:49.4369688Z Get:29 http://azure.archive.ubuntu.com/ubuntu noble-security/main Translation-en [202 kB]
2025-10-08T10:09:49.4390568Z Get:30 http://azure.archive.ubuntu.com/ubuntu noble-security/main amd64 Components [21.5 kB]
2025-10-08T10:09:49.4403353Z Get:31 http://azure.archive.ubuntu.com/ubuntu noble-security/main amd64 c-n-f Metadata [8748 B]
2025-10-08T10:09:49.4414521Z Get:32 http://azure.archive.ubuntu.com/ubuntu noble-security/universe amd64 Packages [882 kB]
2025-10-08T10:09:49.4464695Z Get:33 http://azure.archive.ubuntu.com/ubuntu noble-security/universe Translation-en [196 kB]
2025-10-08T10:09:49.4484750Z Get:34 http://azure.archive.ubuntu.com/ubuntu noble-security/universe amd64 Components [52.3 kB]
2025-10-08T10:09:49.4935878Z Get:35 http://azure.archive.ubuntu.com/ubuntu noble-security/universe amd64 c-n-f Metadata [18.1 kB]
2025-10-08T10:09:49.4946154Z Get:36 http://azure.archive.ubuntu.com/ubuntu noble-security/restricted amd64 Packages [1967 kB]
2025-10-08T10:09:49.5065813Z Get:37 http://azure.archive.ubuntu.com/ubuntu noble-security/restricted Translation-en [448 kB]
2025-10-08T10:09:49.5100556Z Get:38 http://azure.archive.ubuntu.com/ubuntu noble-security/restricted amd64 Components [212 B]
2025-10-08T10:09:49.5113985Z Get:39 http://azure.archive.ubuntu.com/ubuntu noble-security/multiverse Translation-en [5844 B]
2025-10-08T10:09:49.5125007Z Get:40 http://azure.archive.ubuntu.com/ubuntu noble-security/multiverse amd64 Components [212 B]
2025-10-08T10:10:00.7320175Z Fetched 12.2 MB in 2s (7844 kB/s)
2025-10-08T10:10:01.4680956Z Reading package lists...
2025-10-08T10:10:01.4953261Z Reading package lists...
2025-10-08T10:10:01.7083263Z Building dependency tree...
2025-10-08T10:10:01.7091891Z Reading state information...
2025-10-08T10:10:01.9078430Z libasound2t64 is already the newest version (1.2.11-1ubuntu0.1).
2025-10-08T10:10:01.9079257Z libasound2t64 set to manually installed.
2025-10-08T10:10:01.9080002Z libatk-bridge2.0-0t64 is already the newest version (2.52.0-1build1).
2025-10-08T10:10:01.9080865Z libatk-bridge2.0-0t64 set to manually installed.
2025-10-08T10:10:01.9082459Z libatk1.0-0t64 is already the newest version (2.52.0-1build1).
2025-10-08T10:10:01.9083277Z libatk1.0-0t64 set to manually installed.
2025-10-08T10:10:01.9083984Z libatspi2.0-0t64 is already the newest version (2.52.0-1build1).
2025-10-08T10:10:01.9084659Z libatspi2.0-0t64 set to manually installed.
2025-10-08T10:10:01.9085306Z libcairo2 is already the newest version (1.18.0-3build1).
2025-10-08T10:10:01.9085879Z libcairo2 set to manually installed.
2025-10-08T10:10:01.9086519Z libcups2t64 is already the newest version (2.4.7-1.2ubuntu7.4).
2025-10-08T10:10:01.9086922Z libcups2t64 set to manually installed.
2025-10-08T10:10:01.9087330Z libdbus-1-3 is already the newest version (1.14.10-4ubuntu4.1).
2025-10-08T10:10:01.9087712Z libdbus-1-3 set to manually installed.
2025-10-08T10:10:01.9088310Z libdrm2 is already the newest version (2.4.122-1~ubuntu0.24.04.1).
2025-10-08T10:10:01.9088685Z libdrm2 set to manually installed.
2025-10-08T10:10:01.9089076Z libgbm1 is already the newest version (25.0.7-0ubuntu0.24.04.2).
2025-10-08T10:10:01.9089440Z libgbm1 set to manually installed.
2025-10-08T10:10:01.9089824Z libglib2.0-0t64 is already the newest version (2.80.0-6ubuntu3.4).
2025-10-08T10:10:01.9090215Z libglib2.0-0t64 set to manually installed.
2025-10-08T10:10:01.9090702Z libnspr4 is already the newest version (2:4.35-1.1build1).
2025-10-08T10:10:01.9091263Z libnspr4 set to manually installed.
2025-10-08T10:10:01.9091920Z libnss3 is already the newest version (2:3.98-1build1).
2025-10-08T10:10:01.9092258Z libnss3 set to manually installed.
2025-10-08T10:10:01.9092647Z libpango-1.0-0 is already the newest version (1.52.1+ds-1build1).
2025-10-08T10:10:01.9093033Z libpango-1.0-0 set to manually installed.
2025-10-08T10:10:01.9093411Z libx11-6 is already the newest version (2:1.8.7-1build1).
2025-10-08T10:10:01.9093757Z libx11-6 set to manually installed.
2025-10-08T10:10:01.9094224Z libxcb1 is already the newest version (1.15-1ubuntu2).
2025-10-08T10:10:01.9094643Z libxcb1 set to manually installed.
2025-10-08T10:10:01.9095038Z libxcomposite1 is already the newest version (1:0.4.5-1build3).
2025-10-08T10:10:01.9095421Z libxcomposite1 set to manually installed.
2025-10-08T10:10:01.9095811Z libxdamage1 is already the newest version (1:1.1.6-1build1).
2025-10-08T10:10:01.9096175Z libxdamage1 set to manually installed.
2025-10-08T10:10:01.9096541Z libxext6 is already the newest version (2:1.3.4-1build2).
2025-10-08T10:10:01.9096877Z libxext6 set to manually installed.
2025-10-08T10:10:01.9097246Z libxfixes3 is already the newest version (1:6.0.0-2build1).
2025-10-08T10:10:01.9097610Z libxfixes3 set to manually installed.
2025-10-08T10:10:01.9097995Z libxkbcommon0 is already the newest version (1.6.0-1build1).
2025-10-08T10:10:01.9098367Z libxkbcommon0 set to manually installed.
2025-10-08T10:10:01.9098754Z libxrandr2 is already the newest version (2:1.5.2-2build1).
2025-10-08T10:10:01.9099114Z libxrandr2 set to manually installed.
2025-10-08T10:10:01.9099491Z xvfb is already the newest version (2:21.1.12-1ubuntu1.4).
2025-10-08T10:10:01.9099993Z fonts-noto-color-emoji is already the newest version (2.047-0ubuntu0.24.04.1).
2025-10-08T10:10:01.9100513Z libfontconfig1 is already the newest version (2.15.0-1.1ubuntu2).
2025-10-08T10:10:01.9100905Z libfontconfig1 set to manually installed.
2025-10-08T10:10:01.9101312Z libfreetype6 is already the newest version (2.13.2+dfsg-1build3).
2025-10-08T10:10:01.9101865Z libfreetype6 set to manually installed.
2025-10-08T10:10:01.9102256Z fonts-liberation is already the newest version (1:2.1.5-3).
2025-10-08T10:10:01.9102642Z fonts-liberation set to manually installed.
2025-10-08T10:10:01.9103023Z The following additional packages will be installed:
2025-10-08T10:10:01.9103357Z   xfonts-encodings xfonts-utils
2025-10-08T10:10:01.9103618Z Recommended packages:
2025-10-08T10:10:01.9103871Z   fonts-ipafont-mincho fonts-tlwg-loma
2025-10-08T10:10:01.9636010Z The following NEW packages will be installed:
2025-10-08T10:10:01.9637570Z   fonts-freefont-ttf fonts-ipafont-gothic fonts-tlwg-loma-otf fonts-unifont
2025-10-08T10:10:01.9650866Z   fonts-wqy-zenhei xfonts-cyrillic xfonts-encodings xfonts-scalable
2025-10-08T10:10:01.9651635Z   xfonts-utils
2025-10-08T10:10:01.9848570Z 0 upgraded, 9 newly installed, 0 to remove and 21 not upgraded.
2025-10-08T10:10:01.9849421Z Need to get 21.1 MB of archives.
2025-10-08T10:10:01.9850317Z After this operation, 79.5 MB of additional disk space will be used.
2025-10-08T10:10:01.9851084Z Get:1 file:/etc/apt/apt-mirrors.txt Mirrorlist [144 B]
2025-10-08T10:10:02.0667920Z Get:2 http://azure.archive.ubuntu.com/ubuntu noble/universe amd64 fonts-ipafont-gothic all 00303-21ubuntu1 [3513 kB]
2025-10-08T10:10:02.3242794Z Get:3 http://azure.archive.ubuntu.com/ubuntu noble/main amd64 fonts-freefont-ttf all 20211204+svn4273-2 [5641 kB]
2025-10-08T10:10:02.6975873Z Get:4 http://azure.archive.ubuntu.com/ubuntu noble/universe amd64 fonts-tlwg-loma-otf all 1:0.7.3-1 [107 kB]
2025-10-08T10:10:02.7629496Z Get:5 http://azure.archive.ubuntu.com/ubuntu noble/universe amd64 fonts-unifont all 1:15.1.01-1build1 [2993 kB]
2025-10-08T10:10:03.0156504Z Get:6 http://azure.archive.ubuntu.com/ubuntu noble/universe amd64 fonts-wqy-zenhei all 0.9.45-8 [7472 kB]
2025-10-08T10:10:03.4140814Z Get:7 http://azure.archive.ubuntu.com/ubuntu noble/main amd64 xfonts-encodings all 1:1.0.5-0ubuntu2 [578 kB]
2025-10-08T10:10:03.5468995Z Get:8 http://azure.archive.ubuntu.com/ubuntu noble/main amd64 xfonts-utils amd64 1:7.7+6build3 [94.4 kB]
2025-10-08T10:10:03.6147511Z Get:9 http://azure.archive.ubuntu.com/ubuntu noble/universe amd64 xfonts-cyrillic all 1:1.0.5+nmu1 [384 kB]
2025-10-08T10:10:03.7481691Z Get:10 http://azure.archive.ubuntu.com/ubuntu noble/main amd64 xfonts-scalable all 1:1.0.3-1.3 [304 kB]
2025-10-08T10:10:04.0430349Z Fetched 21.1 MB in 2s (11.9 MB/s)
2025-10-08T10:10:04.1089014Z Selecting previously unselected package fonts-ipafont-gothic.
2025-10-08T10:10:04.2622631Z (Reading database ... 
2025-10-08T10:10:04.2623196Z (Reading database ... 5%
2025-10-08T10:10:04.2623534Z (Reading database ... 10%
2025-10-08T10:10:04.2623786Z (Reading database ... 15%
2025-10-08T10:10:04.2624023Z (Reading database ... 20%
2025-10-08T10:10:04.2624245Z (Reading database ... 25%
2025-10-08T10:10:04.2624477Z (Reading database ... 30%
2025-10-08T10:10:04.2624698Z (Reading database ... 35%
2025-10-08T10:10:04.2624936Z (Reading database ... 40%
2025-10-08T10:10:04.2625499Z (Reading database ... 45%
2025-10-08T10:10:04.2625892Z (Reading database ... 50%
2025-10-08T10:10:04.3751985Z (Reading database ... 55%
2025-10-08T10:10:05.0846760Z (Reading database ... 60%
2025-10-08T10:10:05.7315505Z (Reading database ... 65%
2025-10-08T10:10:06.3957593Z (Reading database ... 70%
2025-10-08T10:10:07.0169583Z (Reading database ... 75%
2025-10-08T10:10:07.6693884Z (Reading database ... 80%
2025-10-08T10:10:08.3986539Z (Reading database ... 85%
2025-10-08T10:10:09.1173233Z (Reading database ... 90%
2025-10-08T10:10:09.8780612Z (Reading database ... 95%
2025-10-08T10:10:09.8781259Z (Reading database ... 100%
2025-10-08T10:10:09.8782489Z (Reading database ... 214596 files and directories currently installed.)
2025-10-08T10:10:09.8827708Z Preparing to unpack .../0-fonts-ipafont-gothic_00303-21ubuntu1_all.deb ...
2025-10-08T10:10:09.8926339Z Unpacking fonts-ipafont-gothic (00303-21ubuntu1) ...
2025-10-08T10:10:10.1263559Z Selecting previously unselected package fonts-freefont-ttf.
2025-10-08T10:10:10.1398862Z Preparing to unpack .../1-fonts-freefont-ttf_20211204+svn4273-2_all.deb ...
2025-10-08T10:10:10.1407144Z Unpacking fonts-freefont-ttf (20211204+svn4273-2) ...
2025-10-08T10:10:10.2349645Z Selecting previously unselected package fonts-tlwg-loma-otf.
2025-10-08T10:10:10.2483746Z Preparing to unpack .../2-fonts-tlwg-loma-otf_1%3a0.7.3-1_all.deb ...
2025-10-08T10:10:10.2493633Z Unpacking fonts-tlwg-loma-otf (1:0.7.3-1) ...
2025-10-08T10:10:10.2765319Z Selecting previously unselected package fonts-unifont.
2025-10-08T10:10:10.2899744Z Preparing to unpack .../3-fonts-unifont_1%3a15.1.01-1build1_all.deb ...
2025-10-08T10:10:10.2915442Z Unpacking fonts-unifont (1:15.1.01-1build1) ...
2025-10-08T10:10:10.4120652Z Selecting previously unselected package fonts-wqy-zenhei.
2025-10-08T10:10:10.4255421Z Preparing to unpack .../4-fonts-wqy-zenhei_0.9.45-8_all.deb ...
2025-10-08T10:10:10.4431011Z Unpacking fonts-wqy-zenhei (0.9.45-8) ...
2025-10-08T10:10:10.9048232Z Selecting previously unselected package xfonts-encodings.
2025-10-08T10:10:10.9182790Z Preparing to unpack .../5-xfonts-encodings_1%3a1.0.5-0ubuntu2_all.deb ...
2025-10-08T10:10:10.9192390Z Unpacking xfonts-encodings (1:1.0.5-0ubuntu2) ...
2025-10-08T10:10:10.9500078Z Selecting previously unselected package xfonts-utils.
2025-10-08T10:10:10.9633834Z Preparing to unpack .../6-xfonts-utils_1%3a7.7+6build3_amd64.deb ...
2025-10-08T10:10:10.9645451Z Unpacking xfonts-utils (1:7.7+6build3) ...
2025-10-08T10:10:11.1237523Z Selecting previously unselected package xfonts-cyrillic.
2025-10-08T10:10:11.1371589Z Preparing to unpack .../7-xfonts-cyrillic_1%3a1.0.5+nmu1_all.deb ...
2025-10-08T10:10:11.1385584Z Unpacking xfonts-cyrillic (1:1.0.5+nmu1) ...
2025-10-08T10:10:11.1753968Z Selecting previously unselected package xfonts-scalable.
2025-10-08T10:10:11.1887985Z Preparing to unpack .../8-xfonts-scalable_1%3a1.0.3-1.3_all.deb ...
2025-10-08T10:10:11.1897681Z Unpacking xfonts-scalable (1:1.0.3-1.3) ...
2025-10-08T10:10:11.2327730Z Setting up fonts-wqy-zenhei (0.9.45-8) ...
2025-10-08T10:10:11.2509283Z Setting up fonts-freefont-ttf (20211204+svn4273-2) ...
2025-10-08T10:10:11.2548064Z Setting up fonts-tlwg-loma-otf (1:0.7.3-1) ...
2025-10-08T10:10:11.2573835Z Setting up xfonts-encodings (1:1.0.5-0ubuntu2) ...
2025-10-08T10:10:11.2600274Z Setting up fonts-ipafont-gothic (00303-21ubuntu1) ...
2025-10-08T10:10:11.2672334Z update-alternatives: using /usr/share/fonts/opentype/ipafont-gothic/ipag.ttf to provide /usr/share/fonts/truetype/fonts-japanese-gothic.ttf (fonts-japanese-gothic.ttf) in auto mode
2025-10-08T10:10:11.2691609Z Setting up fonts-unifont (1:15.1.01-1build1) ...
2025-10-08T10:10:11.2727916Z Setting up xfonts-utils (1:7.7+6build3) ...
2025-10-08T10:10:11.2776154Z Setting up xfonts-cyrillic (1:1.0.5+nmu1) ...
2025-10-08T10:10:11.3304406Z Setting up xfonts-scalable (1:1.0.3-1.3) ...
2025-10-08T10:10:11.3697879Z Processing triggers for man-db (2.12.0-4build2) ...
2025-10-08T10:11:44.1278968Z Processing triggers for fontconfig (2.15.0-1.1ubuntu2) ...
2025-10-08T10:11:45.7772191Z 
2025-10-08T10:11:45.7772864Z Running kernel seems to be up-to-date.
2025-10-08T10:11:45.7773201Z 
2025-10-08T10:11:45.7773428Z Restarting services...
2025-10-08T10:11:45.7841708Z 
2025-10-08T10:11:45.7842092Z Service restarts being deferred:
2025-10-08T10:11:45.7846202Z  systemctl restart hosted-compute-agent.service
2025-10-08T10:11:45.7846602Z 
2025-10-08T10:11:45.7847206Z No containers need to be restarted.
2025-10-08T10:11:45.7847536Z 
2025-10-08T10:11:45.7847833Z No user sessions are running outdated binaries.
2025-10-08T10:11:45.7848166Z 
2025-10-08T10:11:45.7848651Z No VM guests are running outdated hypervisor (qemu) binaries on this host.
2025-10-08T10:11:46.6075328Z Downloading Chromium 141.0.7390.37 (playwright build v1194) from https://cdn.playwright.dev/dbazure/download/playwright/builds/chromium/1194/chromium-linux.zip
2025-10-08T10:11:46.8728157Z |                                                                                |   0% of 173.9 MiB
2025-10-08T10:11:47.0673333Z |■■■■■■■■                                                                        |  10% of 173.9 MiB
2025-10-08T10:11:47.1917497Z |■■■■■■■■■■■■■■■■                                                                |  20% of 173.9 MiB
2025-10-08T10:11:47.2932372Z |■■■■■■■■■■■■■■■■■■■■■■■■                                                        |  30% of 173.9 MiB
2025-10-08T10:11:47.4576301Z |■■■■■■■■■■■■■■■■■■■■■■■■■■■■■■■■                                                |  40% of 173.9 MiB
2025-10-08T10:11:47.5751130Z |■■■■■■■■■■■■■■■■■■■■■■■■■■■■■■■■■■■■■■■■                                        |  50% of 173.9 MiB
2025-10-08T10:11:47.7027795Z |■■■■■■■■■■■■■■■■■■■■■■■■■■■■■■■■■■■■■■■■■■■■■■■■                                |  60% of 173.9 MiB
2025-10-08T10:11:47.8346250Z |■■■■■■■■■■■■■■■■■■■■■■■■■■■■■■■■■■■■■■■■■■■■■■■■■■■■■■■■                        |  70% of 173.9 MiB
2025-10-08T10:11:47.9618941Z |■■■■■■■■■■■■■■■■■■■■■■■■■■■■■■■■■■■■■■■■■■■■■■■■■■■■■■■■■■■■■■■■                |  80% of 173.9 MiB
2025-10-08T10:11:48.1002956Z |■■■■■■■■■■■■■■■■■■■■■■■■■■■■■■■■■■■■■■■■■■■■■■■■■■■■■■■■■■■■■■■■■■■■■■■■        |  90% of 173.9 MiB
2025-10-08T10:11:48.2242846Z |■■■■■■■■■■■■■■■■■■■■■■■■■■■■■■■■■■■■■■■■■■■■■■■■■■■■■■■■■■■■■■■■■■■■■■■■■■■■■■■■| 100% of 173.9 MiB
2025-10-08T10:11:52.1274738Z Chromium 141.0.7390.37 (playwright build v1194) downloaded to /home/runner/.cache/ms-playwright/chromium-1194
2025-10-08T10:11:52.1278447Z Downloading FFMPEG playwright build v1011 from https://cdn.playwright.dev/dbazure/download/playwright/builds/ffmpeg/1011/ffmpeg-linux.zip
2025-10-08T10:11:52.5344717Z |                                                                                |   0% of 2.3 MiB
2025-10-08T10:11:52.5584974Z |■■■■■■■■                                                                        |  10% of 2.3 MiB
2025-10-08T10:11:52.5671185Z |■■■■■■■■■■■■■■■■                                                                |  20% of 2.3 MiB
2025-10-08T10:11:52.5732455Z |■■■■■■■■■■■■■■■■■■■■■■■■                                                        |  30% of 2.3 MiB
2025-10-08T10:11:52.5772851Z |■■■■■■■■■■■■■■■■■■■■■■■■■■■■■■■■                                                |  40% of 2.3 MiB
2025-10-08T10:11:52.5801340Z |■■■■■■■■■■■■■■■■■■■■■■■■■■■■■■■■■■■■■■■■                                        |  50% of 2.3 MiB
2025-10-08T10:11:52.5826808Z |■■■■■■■■■■■■■■■■■■■■■■■■■■■■■■■■■■■■■■■■■■■■■■■■                                |  60% of 2.3 MiB
2025-10-08T10:11:52.5852218Z |■■■■■■■■■■■■■■■■■■■■■■■■■■■■■■■■■■■■■■■■■■■■■■■■■■■■■■■■                        |  70% of 2.3 MiB
2025-10-08T10:11:52.5879053Z |■■■■■■■■■■■■■■■■■■■■■■■■■■■■■■■■■■■■■■■■■■■■■■■■■■■■■■■■■■■■■■■■                |  80% of 2.3 MiB
2025-10-08T10:11:52.5906027Z |■■■■■■■■■■■■■■■■■■■■■■■■■■■■■■■■■■■■■■■■■■■■■■■■■■■■■■■■■■■■■■■■■■■■■■■■        |  90% of 2.3 MiB
2025-10-08T10:11:52.5927539Z |■■■■■■■■■■■■■■■■■■■■■■■■■■■■■■■■■■■■■■■■■■■■■■■■■■■■■■■■■■■■■■■■■■■■■■■■■■■■■■■■| 100% of 2.3 MiB
2025-10-08T10:11:52.6599175Z FFMPEG playwright build v1011 downloaded to /home/runner/.cache/ms-playwright/ffmpeg-1011
2025-10-08T10:11:52.6603369Z Downloading Chromium Headless Shell 141.0.7390.37 (playwright build v1194) from https://cdn.playwright.dev/dbazure/download/playwright/builds/chromium/1194/chromium-headless-shell-linux.zip
2025-10-08T10:11:52.8589449Z |                                                                                |   0% of 104.3 MiB
2025-10-08T10:11:53.0089576Z |■■■■■■■■                                                                        |  10% of 104.3 MiB
2025-10-08T10:11:53.0961409Z |■■■■■■■■■■■■■■■■                                                                |  20% of 104.3 MiB
2025-10-08T10:11:53.1814838Z |■■■■■■■■■■■■■■■■■■■■■■■■                                                        |  30% of 104.3 MiB
2025-10-08T10:11:53.2866066Z |■■■■■■■■■■■■■■■■■■■■■■■■■■■■■■■■                                                |  40% of 104.3 MiB
2025-10-08T10:11:53.3656256Z |■■■■■■■■■■■■■■■■■■■■■■■■■■■■■■■■■■■■■■■■                                        |  50% of 104.3 MiB
2025-10-08T10:11:53.4495345Z |■■■■■■■■■■■■■■■■■■■■■■■■■■■■■■■■■■■■■■■■■■■■■■■■                                |  60% of 104.3 MiB
2025-10-08T10:11:53.5057466Z |■■■■■■■■■■■■■■■■■■■■■■■■■■■■■■■■■■■■■■■■■■■■■■■■■■■■■■■■                        |  70% of 104.3 MiB
2025-10-08T10:11:53.5704121Z |■■■■■■■■■■■■■■■■■■■■■■■■■■■■■■■■■■■■■■■■■■■■■■■■■■■■■■■■■■■■■■■■                |  80% of 104.3 MiB
2025-10-08T10:11:53.6261285Z |■■■■■■■■■■■■■■■■■■■■■■■■■■■■■■■■■■■■■■■■■■■■■■■■■■■■■■■■■■■■■■■■■■■■■■■■        |  90% of 104.3 MiB
2025-10-08T10:11:53.6804488Z |■■■■■■■■■■■■■■■■■■■■■■■■■■■■■■■■■■■■■■■■■■■■■■■■■■■■■■■■■■■■■■■■■■■■■■■■■■■■■■■■| 100% of 104.3 MiB
2025-10-08T10:11:55.7491187Z Chromium Headless Shell 141.0.7390.37 (playwright build v1194) downloaded to /home/runner/.cache/ms-playwright/chromium_headless_shell-1194
2025-10-08T10:11:57.3383441Z Installing dependencies...
2025-10-08T10:11:57.3515557Z Switching to root user to install dependencies...
2025-10-08T10:11:57.4140316Z Get:1 file:/etc/apt/apt-mirrors.txt Mirrorlist [144 B]
2025-10-08T10:11:57.4474057Z Hit:2 http://azure.archive.ubuntu.com/ubuntu noble InRelease
2025-10-08T10:11:57.4488256Z Hit:6 https://packages.microsoft.com/repos/azure-cli noble InRelease
2025-10-08T10:11:57.4499635Z Hit:3 http://azure.archive.ubuntu.com/ubuntu noble-updates InRelease
2025-10-08T10:11:57.4508271Z Hit:4 http://azure.archive.ubuntu.com/ubuntu noble-backports InRelease
2025-10-08T10:11:57.4517451Z Hit:5 http://azure.archive.ubuntu.com/ubuntu noble-security InRelease
2025-10-08T10:11:57.4530861Z Hit:7 https://packages.microsoft.com/ubuntu/24.04/prod noble InRelease
2025-10-08T10:11:58.5747585Z Reading package lists...
2025-10-08T10:11:58.5997336Z Reading package lists...
2025-10-08T10:11:58.7627369Z Building dependency tree...
2025-10-08T10:11:58.7634384Z Reading state information...
2025-10-08T10:11:58.9307365Z libasound2t64 is already the newest version (1.2.11-1ubuntu0.1).
2025-10-08T10:11:58.9308344Z libatk-bridge2.0-0t64 is already the newest version (2.52.0-1build1).
2025-10-08T10:11:58.9309176Z libatk1.0-0t64 is already the newest version (2.52.0-1build1).
2025-10-08T10:11:58.9309976Z libatspi2.0-0t64 is already the newest version (2.52.0-1build1).
2025-10-08T10:11:58.9310724Z libcairo2 is already the newest version (1.18.0-3build1).
2025-10-08T10:11:58.9311641Z libcups2t64 is already the newest version (2.4.7-1.2ubuntu7.4).
2025-10-08T10:11:58.9312452Z libdbus-1-3 is already the newest version (1.14.10-4ubuntu4.1).
2025-10-08T10:11:58.9313313Z libdrm2 is already the newest version (2.4.122-1~ubuntu0.24.04.1).
2025-10-08T10:11:58.9314487Z libgbm1 is already the newest version (25.0.7-0ubuntu0.24.04.2).
2025-10-08T10:11:58.9315287Z libglib2.0-0t64 is already the newest version (2.80.0-6ubuntu3.4).
2025-10-08T10:11:58.9315802Z libnspr4 is already the newest version (2:4.35-1.1build1).
2025-10-08T10:11:58.9316236Z libnss3 is already the newest version (2:3.98-1build1).
2025-10-08T10:11:58.9316694Z libpango-1.0-0 is already the newest version (1.52.1+ds-1build1).
2025-10-08T10:11:58.9317158Z libx11-6 is already the newest version (2:1.8.7-1build1).
2025-10-08T10:11:58.9317570Z libxcb1 is already the newest version (1.15-1ubuntu2).
2025-10-08T10:11:58.9318006Z libxcomposite1 is already the newest version (1:0.4.5-1build3).
2025-10-08T10:11:58.9318465Z libxdamage1 is already the newest version (1:1.1.6-1build1).
2025-10-08T10:11:58.9318891Z libxext6 is already the newest version (2:1.3.4-1build2).
2025-10-08T10:11:58.9319477Z libxfixes3 is already the newest version (1:6.0.0-2build1).
2025-10-08T10:11:58.9319908Z libxkbcommon0 is already the newest version (1.6.0-1build1).
2025-10-08T10:11:58.9320341Z libxrandr2 is already the newest version (2:1.5.2-2build1).
2025-10-08T10:11:58.9320770Z xvfb is already the newest version (2:21.1.12-1ubuntu1.4).
2025-10-08T10:11:58.9321872Z fonts-noto-color-emoji is already the newest version (2.047-0ubuntu0.24.04.1).
2025-10-08T10:11:58.9322486Z fonts-unifont is already the newest version (1:15.1.01-1build1).
2025-10-08T10:11:58.9322988Z libfontconfig1 is already the newest version (2.15.0-1.1ubuntu2).
2025-10-08T10:11:58.9323470Z libfreetype6 is already the newest version (2.13.2+dfsg-1build3).
2025-10-08T10:11:58.9323939Z xfonts-cyrillic is already the newest version (1:1.0.5+nmu1).
2025-10-08T10:11:58.9324390Z xfonts-scalable is already the newest version (1:1.0.3-1.3).
2025-10-08T10:11:58.9324834Z fonts-liberation is already the newest version (1:2.1.5-3).
2025-10-08T10:11:58.9325327Z fonts-ipafont-gothic is already the newest version (00303-21ubuntu1).
2025-10-08T10:11:58.9325794Z fonts-wqy-zenhei is already the newest version (0.9.45-8).
2025-10-08T10:11:58.9326244Z fonts-tlwg-loma-otf is already the newest version (1:0.7.3-1).
2025-10-08T10:11:58.9326728Z fonts-freefont-ttf is already the newest version (20211204+svn4273-2).
2025-10-08T10:11:58.9327202Z 0 upgraded, 0 newly installed, 0 to remove and 21 not upgraded.
2025-10-08T10:11:58.9582981Z ##[group]Run # Check Lightning configuration files exist
2025-10-08T10:11:58.9583505Z [36;1m# Check Lightning configuration files exist[0m
2025-10-08T10:11:58.9583919Z [36;1mtest -f apps/mobile/src/config/lightning.ts[0m
2025-10-08T10:11:58.9584372Z [36;1mtest -f apps/mobile/src/lib/lightning.ts[0m
2025-10-08T10:11:58.9595152Z [36;1mtest -f apps/mobile/src/lib/bitcoin.ts[0m
2025-10-08T10:11:58.9595602Z [36;1m[0m
2025-10-08T10:11:58.9595921Z [36;1m# Validate Lightning test utilities[0m
2025-10-08T10:11:58.9596222Z [36;1mnode -e "[0m
2025-10-08T10:11:58.9596673Z [36;1m  const { validateLightningAddress, generateQRData } = require('./tests/utils/lightning-test-utils');[0m
2025-10-08T10:11:58.9597226Z [36;1m  console.log('Lightning utilities loaded successfully');[0m
2025-10-08T10:11:58.9597538Z [36;1m  [0m
2025-10-08T10:11:58.9597733Z [36;1m  // Test address validation[0m
2025-10-08T10:11:58.9598036Z [36;1m  const validAddress = 'johndtwaldron@strike.me';[0m
2025-10-08T10:11:58.9598477Z [36;1m  if (!validateLightningAddress(validAddress)) {[0m
2025-10-08T10:11:58.9598831Z [36;1m    throw new Error('Lightning address validation failed');[0m
2025-10-08T10:11:58.9599136Z [36;1m  }[0m
2025-10-08T10:11:58.9599308Z [36;1m  [0m
2025-10-08T10:11:58.9599489Z [36;1m  // Test QR generation[0m
2025-10-08T10:11:58.9599759Z [36;1m  const qrData = generateQRData(validAddress);[0m
2025-10-08T10:11:58.9600071Z [36;1m  if (!qrData.includes(validAddress)) {[0m
2025-10-08T10:11:58.9600386Z [36;1m    throw new Error('QR data generation failed');[0m
2025-10-08T10:11:58.9600653Z [36;1m  }[0m
2025-10-08T10:11:58.9600821Z [36;1m  [0m
2025-10-08T10:11:58.9601065Z [36;1m  console.log('✅ Lightning configuration validated');[0m
2025-10-08T10:11:58.9601356Z [36;1m"[0m
2025-10-08T10:11:58.9633587Z shell: /usr/bin/bash -e {0}
2025-10-08T10:11:58.9633821Z env:
2025-10-08T10:11:58.9633986Z   CI: true
2025-10-08T10:11:58.9634161Z   NODE_ENV: test
2025-10-08T10:11:58.9634370Z   LIGHTNING_E2E_MODE: true
2025-10-08T10:11:58.9634596Z ##[endgroup]
2025-10-08T10:11:58.9695622Z ##[error]Process completed with exit code 1.
2025-10-08T10:11:58.9765308Z ##[group]Run actions/upload-artifact@v4
2025-10-08T10:11:58.9765586Z with:
2025-10-08T10:11:58.9765787Z   name: lightning-e2e-results-chromium
2025-10-08T10:11:58.9766183Z   path: tests/e2e-web/reports/lightning/
tests/e2e-web/test-results/lightning/

2025-10-08T10:11:58.9766566Z   retention-days: 7
2025-10-08T10:11:58.9766804Z   if-no-files-found: warn
2025-10-08T10:11:58.9767181Z   compression-level: 6
2025-10-08T10:11:58.9767381Z   overwrite: false
2025-10-08T10:11:58.9767586Z   include-hidden-files: false
2025-10-08T10:11:58.9767807Z env:
2025-10-08T10:11:58.9767966Z   CI: true
2025-10-08T10:11:58.9768135Z   NODE_ENV: test
2025-10-08T10:11:58.9768328Z   LIGHTNING_E2E_MODE: true
2025-10-08T10:11:58.9768532Z ##[endgroup]
2025-10-08T10:11:59.1860802Z Multiple search paths detected. Calculating the least common ancestor of all paths
2025-10-08T10:11:59.1863329Z The least common ancestor is /home/runner/work/ChatLaLiLuLeLo/ChatLaLiLuLeLo/tests/e2e-web. This will be the root directory of the artifact
2025-10-08T10:11:59.1880296Z ##[warning]No files were found with the provided path: tests/e2e-web/reports/lightning/
tests/e2e-web/test-results/lightning/. No artifacts will be uploaded.
2025-10-08T10:11:59.1981958Z ##[group]Run actions/upload-artifact@v4
2025-10-08T10:11:59.1982261Z with:
2025-10-08T10:11:59.1982488Z   name: lightning-playwright-report-chromium
2025-10-08T10:11:59.1982802Z   path: tests/e2e-web/reports/lightning/
2025-10-08T10:11:59.1983053Z   retention-days: 7
2025-10-08T10:11:59.1983256Z   if-no-files-found: warn
2025-10-08T10:11:59.1983465Z   compression-level: 6
2025-10-08T10:11:59.1983665Z   overwrite: false
2025-10-08T10:11:59.1983866Z   include-hidden-files: false
2025-10-08T10:11:59.1984077Z env:
2025-10-08T10:11:59.1984236Z   CI: true
2025-10-08T10:11:59.1984407Z   NODE_ENV: test
2025-10-08T10:11:59.1984599Z   LIGHTNING_E2E_MODE: true
2025-10-08T10:11:59.1984827Z ##[endgroup]
2025-10-08T10:11:59.4069324Z ##[warning]No files were found with the provided path: tests/e2e-web/reports/lightning/. No artifacts will be uploaded.
2025-10-08T10:11:59.4213744Z ##[group]Run actions/upload-artifact@v4
2025-10-08T10:11:59.4214035Z with:
2025-10-08T10:11:59.4214238Z   name: lightning-screenshots-chromium
2025-10-08T10:11:59.4214524Z   path: tests/e2e-web/test-results/lightning/
2025-10-08T10:11:59.4214791Z   retention-days: 3
2025-10-08T10:11:59.4214993Z   if-no-files-found: warn
2025-10-08T10:11:59.4215218Z   compression-level: 6
2025-10-08T10:11:59.4215422Z   overwrite: false
2025-10-08T10:11:59.4215626Z   include-hidden-files: false
2025-10-08T10:11:59.4215843Z env:
2025-10-08T10:11:59.4215999Z   CI: true
2025-10-08T10:11:59.4216169Z   NODE_ENV: test
2025-10-08T10:11:59.4216360Z   LIGHTNING_E2E_MODE: true
2025-10-08T10:11:59.4216561Z ##[endgroup]
2025-10-08T10:11:59.6316075Z ##[warning]No files were found with the provided path: tests/e2e-web/test-results/lightning/. No artifacts will be uploaded.
2025-10-08T10:11:59.6452268Z ##[group]Run actions/upload-artifact@v4
2025-10-08T10:11:59.6452565Z with:
2025-10-08T10:11:59.6452767Z   name: lightning-videos-chromium
2025-10-08T10:11:59.6453050Z   path: tests/e2e-web/test-results/lightning/
2025-10-08T10:11:59.6453321Z   retention-days: 3
2025-10-08T10:11:59.6453520Z   if-no-files-found: warn
2025-10-08T10:11:59.6453736Z   compression-level: 6
2025-10-08T10:11:59.6453934Z   overwrite: false
2025-10-08T10:11:59.6454151Z   include-hidden-files: false
2025-10-08T10:11:59.6454370Z env:
2025-10-08T10:11:59.6454530Z   CI: true
2025-10-08T10:11:59.6454692Z   NODE_ENV: test
2025-10-08T10:11:59.6454881Z   LIGHTNING_E2E_MODE: true
2025-10-08T10:11:59.6455090Z ##[endgroup]
2025-10-08T10:11:59.8538108Z ##[warning]No files were found with the provided path: tests/e2e-web/test-results/lightning/. No artifacts will be uploaded.
2025-10-08T10:11:59.8649880Z ##[group]Run # Kill development servers
2025-10-08T10:11:59.8650451Z [36;1m# Kill development servers[0m
2025-10-08T10:11:59.8650942Z [36;1mif [ -n "$MOBILE_PID" ]; then[0m
2025-10-08T10:11:59.8651640Z [36;1m  kill $MOBILE_PID || true[0m
2025-10-08T10:11:59.8652051Z [36;1mfi[0m
2025-10-08T10:11:59.8652354Z [36;1m[0m
2025-10-08T10:11:59.8652713Z [36;1m# Kill any remaining Node processes[0m
2025-10-08T10:11:59.8653227Z [36;1mpkill -f "expo start" || true[0m
2025-10-08T10:11:59.8653686Z [36;1mpkill -f "webpack" || true[0m
2025-10-08T10:11:59.8687264Z shell: /usr/bin/bash -e {0}
2025-10-08T10:11:59.8687688Z env:
2025-10-08T10:11:59.8687861Z   CI: true
2025-10-08T10:11:59.8688031Z   NODE_ENV: test
2025-10-08T10:11:59.8688232Z   LIGHTNING_E2E_MODE: true
2025-10-08T10:11:59.8688446Z ##[endgroup]
2025-10-08T10:11:59.9108960Z Post job cleanup.
2025-10-08T10:12:00.0038514Z [command]/usr/bin/git version
2025-10-08T10:12:00.0074626Z git version 2.51.0
2025-10-08T10:12:00.0124767Z Temporarily overriding HOME='/home/runner/work/_temp/9fe1100a-4ece-4fb3-997f-b5541379f71e' before making global git config changes
2025-10-08T10:12:00.0126277Z Adding repository directory to the temporary git global config as a safe directory
2025-10-08T10:12:00.0130880Z [command]/usr/bin/git config --global --add safe.directory /home/runner/work/ChatLaLiLuLeLo/ChatLaLiLuLeLo
2025-10-08T10:12:00.0164420Z [command]/usr/bin/git config --local --name-only --get-regexp core\.sshCommand
2025-10-08T10:12:00.0196586Z [command]/usr/bin/git submodule foreach --recursive sh -c "git config --local --name-only --get-regexp 'core\.sshCommand' && git config --local --unset-all 'core.sshCommand' || :"
2025-10-08T10:12:00.0467853Z [command]/usr/bin/git config --local --name-only --get-regexp http\.https\:\/\/github\.com\/\.extraheader
2025-10-08T10:12:00.0480240Z http.https://github.com/.extraheader
2025-10-08T10:12:00.0493384Z [command]/usr/bin/git config --local --unset-all http.https://github.com/.extraheader
2025-10-08T10:12:00.0523465Z [command]/usr/bin/git submodule foreach --recursive sh -c "git config --local --name-only --get-regexp 'http\.https\:\/\/github\.com\/\.extraheader' && git config --local --unset-all 'http.https://github.com/.extraheader' || :"
2025-10-08T10:12:00.0839487Z Cleaning up orphan processes
